<?xml version="1.0" encoding="UTF-8"?>
<testResults version="1.2">
<httpSample t="9" it="0" lt="9" ct="0" ts="1528272524363" s="true" lb="HTTP Request" rc="200" rm="OK" tn="Client 1-1" dt="text" by="983" sby="150" ng="1" na="1"/>
<httpSample t="7" it="0" lt="7" ct="1" ts="1528272524564" s="true" lb="HTTP Request" rc="200" rm="OK" tn="Client 1-2" dt="text" by="983" sby="150" ng="1" na="1"/>
<httpSample t="8" it="0" lt="8" ct="1" ts="1528272524765" s="true" lb="HTTP Request" rc="200" rm="OK" tn="Client 1-3" dt="text" by="983" sby="150" ng="1" na="1"/>
<httpSample t="10" it="0" lt="10" ct="0" ts="1528272524968" s="true" lb="HTTP Request" rc="200" rm="OK" tn="Client 1-4" dt="text" by="983" sby="150" ng="1" na="1"/>
<httpSample t="10" it="0" lt="10" ct="1" ts="1528272525165" s="true" lb="HTTP Request" rc="200" rm="OK" tn="Client 1-5" dt="text" by="983" sby="150" ng="1" na="1"/>
<httpSample t="10" it="0" lt="10" ct="0" ts="1528272525365" s="true" lb="HTTP Request" rc="200" rm="OK" tn="Client 1-6" dt="text" by="983" sby="150" ng="1" na="1"/>
<httpSample t="10" it="0" lt="10" ct="1" ts="1528272525564" s="true" lb="HTTP Request" rc="200" rm="OK" tn="Client 1-7" dt="text" by="983" sby="150" ng="1" na="1"/>
<httpSample t="7" it="0" lt="7" ct="0" ts="1528272525767" s="true" lb="HTTP Request" rc="200" rm="OK" tn="Client 1-8" dt="text" by="983" sby="150" ng="1" na="1"/>
<httpSample t="11" it="0" lt="11" ct="1" ts="1528272525967" s="true" lb="HTTP Request" rc="200" rm="OK" tn="Client 1-9" dt="text" by="983" sby="150" ng="1" na="1"/>
<httpSample t="10" it="0" lt="10" ct="1" ts="1528272526169" s="true" lb="HTTP Request" rc="200" rm="OK" tn="Client 1-10" dt="text" by="983" sby="150" ng="1" na="1"/>
<httpSample t="10" it="0" lt="10" ct="1" ts="1528272526367" s="true" lb="HTTP Request" rc="200" rm="OK" tn="Client 1-11" dt="text" by="983" sby="150" ng="1" na="1"/>
<httpSample t="10" it="0" lt="10" ct="1" ts="1528272526565" s="true" lb="HTTP Request" rc="200" rm="OK" tn="Client 1-12" dt="text" by="983" sby="150" ng="1" na="1"/>
<httpSample t="10" it="0" lt="10" ct="1" ts="1528272526768" s="true" lb="HTTP Request" rc="200" rm="OK" tn="Client 1-13" dt="text" by="983" sby="150" ng="1" na="1"/>
<httpSample t="10" it="0" lt="10" ct="1" ts="1528272526970" s="true" lb="HTTP Request" rc="200" rm="OK" tn="Client 1-14" dt="text" by="983" sby="150" ng="1" na="1"/>
<httpSample t="11" it="0" lt="11" ct="1" ts="1528272527169" s="true" lb="HTTP Request" rc="200" rm="OK" tn="Client 1-15" dt="text" by="983" sby="150" ng="1" na="1"/>
<httpSample t="9" it="0" lt="9" ct="1" ts="1528272527369" s="true" lb="HTTP Request" rc="200" rm="OK" tn="Client 1-16" dt="text" by="983" sby="150" ng="1" na="1"/>
<httpSample t="8" it="0" lt="8" ct="1" ts="1528272527568" s="true" lb="HTTP Request" rc="200" rm="OK" tn="Client 1-17" dt="text" by="983" sby="150" ng="1" na="1"/>
<httpSample t="6" it="0" lt="6" ct="1" ts="1528272527769" s="true" lb="HTTP Request" rc="200" rm="OK" tn="Client 1-18" dt="text" by="983" sby="150" ng="1" na="1"/>
<httpSample t="9" it="0" lt="9" ct="0" ts="1528272527970" s="true" lb="HTTP Request" rc="200" rm="OK" tn="Client 1-19" dt="text" by="983" sby="150" ng="1" na="1"/>
<httpSample t="10" it="0" lt="10" ct="1" ts="1528272528170" s="true" lb="HTTP Request" rc="200" rm="OK" tn="Client 1-20" dt="text" by="983" sby="150" ng="1" na="1"/>
<httpSample t="10" it="0" lt="10" ct="1" ts="1528272528368" s="true" lb="HTTP Request" rc="200" rm="OK" tn="Client 1-21" dt="text" by="983" sby="150" ng="1" na="1"/>
<httpSample t="10" it="0" lt="10" ct="1" ts="1528272528568" s="true" lb="HTTP Request" rc="200" rm="OK" tn="Client 1-22" dt="text" by="983" sby="150" ng="1" na="1"/>
<httpSample t="10" it="0" lt="10" ct="1" ts="1528272528771" s="true" lb="HTTP Request" rc="200" rm="OK" tn="Client 1-23" dt="text" by="983" sby="150" ng="1" na="1"/>
<httpSample t="11" it="0" lt="11" ct="1" ts="1528272528968" s="true" lb="HTTP Request" rc="200" rm="OK" tn="Client 1-24" dt="text" by="983" sby="150" ng="1" na="1"/>
<httpSample t="7" it="0" lt="7" ct="0" ts="1528272529168" s="true" lb="HTTP Request" rc="200" rm="OK" tn="Client 1-25" dt="text" by="983" sby="150" ng="1" na="1"/>
<httpSample t="9" it="0" lt="9" ct="1" ts="1528272529370" s="true" lb="HTTP Request" rc="200" rm="OK" tn="Client 1-26" dt="text" by="983" sby="150" ng="1" na="1"/>
<httpSample t="9" it="0" lt="9" ct="1" ts="1528272529572" s="true" lb="HTTP Request" rc="200" rm="OK" tn="Client 1-27" dt="text" by="983" sby="150" ng="1" na="1"/>
<httpSample t="9" it="0" lt="9" ct="1" ts="1528272529774" s="true" lb="HTTP Request" rc="200" rm="OK" tn="Client 1-28" dt="text" by="983" sby="150" ng="1" na="1"/>
<httpSample t="9" it="0" lt="9" ct="0" ts="1528272529974" s="true" lb="HTTP Request" rc="200" rm="OK" tn="Client 1-29" dt="text" by="983" sby="150" ng="1" na="1"/>
<httpSample t="9" it="0" lt="9" ct="1" ts="1528272530169" s="true" lb="HTTP Request" rc="200" rm="OK" tn="Client 1-30" dt="text" by="983" sby="150" ng="1" na="1"/>
<httpSample t="13" it="0" lt="12" ct="1" ts="1528272530369" s="true" lb="HTTP Request" rc="200" rm="OK" tn="Client 1-31" dt="text" by="983" sby="150" ng="1" na="1"/>
<httpSample t="11" it="0" lt="11" ct="0" ts="1528272530570" s="true" lb="HTTP Request" rc="200" rm="OK" tn="Client 1-32" dt="text" by="983" sby="150" ng="1" na="1"/>
<httpSample t="10" it="0" lt="10" ct="1" ts="1528272530773" s="true" lb="HTTP Request" rc="200" rm="OK" tn="Client 1-33" dt="text" by="983" sby="150" ng="1" na="1"/>
<httpSample t="10" it="0" lt="10" ct="1" ts="1528272530974" s="true" lb="HTTP Request" rc="200" rm="OK" tn="Client 1-34" dt="text" by="983" sby="150" ng="1" na="1"/>
<httpSample t="9" it="0" lt="9" ct="1" ts="1528272531174" s="true" lb="HTTP Request" rc="200" rm="OK" tn="Client 1-35" dt="text" by="983" sby="150" ng="1" na="1"/>
<httpSample t="10" it="0" lt="10" ct="0" ts="1528272531375" s="true" lb="HTTP Request" rc="200" rm="OK" tn="Client 1-36" dt="text" by="983" sby="150" ng="1" na="1"/>
<httpSample t="9" it="0" lt="9" ct="1" ts="1528272531572" s="true" lb="HTTP Request" rc="200" rm="OK" tn="Client 1-37" dt="text" by="983" sby="150" ng="1" na="1"/>
<httpSample t="10" it="0" lt="10" ct="1" ts="1528272531775" s="true" lb="HTTP Request" rc="200" rm="OK" tn="Client 1-38" dt="text" by="983" sby="150" ng="1" na="1"/>
<httpSample t="10" it="0" lt="10" ct="1" ts="1528272531971" s="true" lb="HTTP Request" rc="200" rm="OK" tn="Client 1-39" dt="text" by="983" sby="150" ng="1" na="1"/>
<httpSample t="10" it="0" lt="10" ct="1" ts="1528272532172" s="true" lb="HTTP Request" rc="200" rm="OK" tn="Client 1-40" dt="text" by="983" sby="150" ng="1" na="1"/>
<httpSample t="9" it="0" lt="9" ct="1" ts="1528272532371" s="true" lb="HTTP Request" rc="200" rm="OK" tn="Client 1-41" dt="text" by="983" sby="150" ng="1" na="1"/>
<httpSample t="9" it="0" lt="9" ct="1" ts="1528272532573" s="true" lb="HTTP Request" rc="200" rm="OK" tn="Client 1-42" dt="text" by="983" sby="150" ng="1" na="1"/>
<httpSample t="8" it="0" lt="8" ct="0" ts="1528272532777" s="true" lb="HTTP Request" rc="200" rm="OK" tn="Client 1-43" dt="text" by="983" sby="150" ng="1" na="1"/>
<httpSample t="9" it="0" lt="8" ct="1" ts="1528272532975" s="true" lb="HTTP Request" rc="200" rm="OK" tn="Client 1-44" dt="text" by="983" sby="150" ng="1" na="1"/>
<httpSample t="5" it="0" lt="5" ct="0" ts="1528272533184" s="true" lb="HTTP Request" rc="200" rm="OK" tn="Client 1-45" dt="text" by="983" sby="150" ng="1" na="1"/>
<httpSample t="6" it="0" lt="6" ct="1" ts="1528272533374" s="true" lb="HTTP Request" rc="200" rm="OK" tn="Client 1-46" dt="text" by="983" sby="150" ng="1" na="1"/>
<httpSample t="13" it="0" lt="13" ct="0" ts="1528272533575" s="true" lb="HTTP Request" rc="200" rm="OK" tn="Client 1-47" dt="text" by="983" sby="150" ng="1" na="1"/>
<httpSample t="8" it="0" lt="8" ct="1" ts="1528272533777" s="true" lb="HTTP Request" rc="200" rm="OK" tn="Client 1-48" dt="text" by="983" sby="150" ng="1" na="1"/>
<httpSample t="8" it="0" lt="8" ct="0" ts="1528272533973" s="true" lb="HTTP Request" rc="200" rm="OK" tn="Client 1-49" dt="text" by="983" sby="150" ng="1" na="1"/>
<httpSample t="7" it="0" lt="7" ct="0" ts="1528272534179" s="true" lb="HTTP Request" rc="200" rm="OK" tn="Client 1-50" dt="text" by="983" sby="150" ng="1" na="1"/>
<httpSample t="9" it="0" lt="9" ct="1" ts="1528272534378" s="true" lb="HTTP Request" rc="200" rm="OK" tn="Client 1-51" dt="text" by="983" sby="150" ng="1" na="1"/>
<httpSample t="8" it="0" lt="8" ct="0" ts="1528272534579" s="true" lb="HTTP Request" rc="200" rm="OK" tn="Client 1-52" dt="text" by="983" sby="150" ng="1" na="1"/>
<httpSample t="8" it="0" lt="8" ct="0" ts="1528272534779" s="true" lb="HTTP Request" rc="200" rm="OK" tn="Client 1-53" dt="text" by="983" sby="150" ng="1" na="1"/>
<httpSample t="11" it="0" lt="11" ct="1" ts="1528272534982" s="true" lb="HTTP Request" rc="200" rm="OK" tn="Client 1-54" dt="text" by="983" sby="150" ng="1" na="1"/>
<httpSample t="10" it="0" lt="10" ct="1" ts="1528272535178" s="true" lb="HTTP Request" rc="200" rm="OK" tn="Client 1-55" dt="text" by="983" sby="150" ng="1" na="1"/>
<httpSample t="8" it="0" lt="8" ct="1" ts="1528272535380" s="true" lb="HTTP Request" rc="200" rm="OK" tn="Client 1-56" dt="text" by="983" sby="150" ng="1" na="1"/>
<httpSample t="7" it="0" lt="7" ct="0" ts="1528272535579" s="true" lb="HTTP Request" rc="200" rm="OK" tn="Client 1-57" dt="text" by="983" sby="150" ng="1" na="1"/>
<httpSample t="9" it="0" lt="9" ct="1" ts="1528272535780" s="true" lb="HTTP Request" rc="200" rm="OK" tn="Client 1-58" dt="text" by="983" sby="150" ng="1" na="1"/>
<httpSample t="8" it="0" lt="8" ct="1" ts="1528272535981" s="true" lb="HTTP Request" rc="200" rm="OK" tn="Client 1-59" dt="text" by="983" sby="150" ng="1" na="1"/>
<httpSample t="5" it="0" lt="5" ct="0" ts="1528272536177" s="true" lb="HTTP Request" rc="200" rm="OK" tn="Client 1-60" dt="text" by="983" sby="150" ng="1" na="1"/>
<httpSample t="7" it="0" lt="7" ct="1" ts="1528272536377" s="true" lb="HTTP Request" rc="200" rm="OK" tn="Client 1-61" dt="text" by="983" sby="150" ng="1" na="1"/>
<httpSample t="10" it="0" lt="10" ct="1" ts="1528272536579" s="true" lb="HTTP Request" rc="200" rm="OK" tn="Client 1-62" dt="text" by="983" sby="150" ng="1" na="1"/>
<httpSample t="7" it="0" lt="7" ct="1" ts="1528272536781" s="true" lb="HTTP Request" rc="200" rm="OK" tn="Client 1-63" dt="text" by="983" sby="150" ng="1" na="1"/>
<httpSample t="9" it="0" lt="8" ct="1" ts="1528272536979" s="true" lb="HTTP Request" rc="200" rm="OK" tn="Client 1-64" dt="text" by="983" sby="150" ng="1" na="1"/>
<httpSample t="7" it="0" lt="7" ct="1" ts="1528272537177" s="true" lb="HTTP Request" rc="200" rm="OK" tn="Client 1-65" dt="text" by="983" sby="150" ng="1" na="1"/>
<httpSample t="7" it="0" lt="7" ct="0" ts="1528272537382" s="true" lb="HTTP Request" rc="200" rm="OK" tn="Client 1-66" dt="text" by="983" sby="150" ng="1" na="1"/>
<httpSample t="9" it="0" lt="9" ct="1" ts="1528272537583" s="true" lb="HTTP Request" rc="200" rm="OK" tn="Client 1-67" dt="text" by="983" sby="150" ng="1" na="1"/>
<httpSample t="11" it="0" lt="11" ct="1" ts="1528272537783" s="true" lb="HTTP Request" rc="200" rm="OK" tn="Client 1-68" dt="text" by="983" sby="150" ng="1" na="1"/>
<httpSample t="9" it="0" lt="9" ct="1" ts="1528272537981" s="true" lb="HTTP Request" rc="200" rm="OK" tn="Client 1-69" dt="text" by="983" sby="150" ng="1" na="1"/>
<httpSample t="6" it="0" lt="6" ct="0" ts="1528272538183" s="true" lb="HTTP Request" rc="200" rm="OK" tn="Client 1-70" dt="text" by="983" sby="150" ng="1" na="1"/>
<httpSample t="7" it="0" lt="7" ct="1" ts="1528272538383" s="true" lb="HTTP Request" rc="200" rm="OK" tn="Client 1-71" dt="text" by="983" sby="150" ng="1" na="1"/>
<httpSample t="8" it="0" lt="8" ct="1" ts="1528272538581" s="true" lb="HTTP Request" rc="200" rm="OK" tn="Client 1-72" dt="text" by="983" sby="150" ng="1" na="1"/>
<httpSample t="9" it="0" lt="9" ct="1" ts="1528272538784" s="true" lb="HTTP Request" rc="200" rm="OK" tn="Client 1-73" dt="text" by="983" sby="150" ng="1" na="1"/>
<httpSample t="6" it="0" lt="6" ct="1" ts="1528272538983" s="true" lb="HTTP Request" rc="200" rm="OK" tn="Client 1-74" dt="text" by="983" sby="150" ng="1" na="1"/>
<httpSample t="11" it="0" lt="11" ct="1" ts="1528272539186" s="true" lb="HTTP Request" rc="200" rm="OK" tn="Client 1-75" dt="text" by="983" sby="150" ng="1" na="1"/>
<httpSample t="6" it="0" lt="6" ct="1" ts="1528272539380" s="true" lb="HTTP Request" rc="200" rm="OK" tn="Client 1-76" dt="text" by="983" sby="150" ng="1" na="1"/>
<httpSample t="9" it="0" lt="9" ct="0" ts="1528272539583" s="true" lb="HTTP Request" rc="200" rm="OK" tn="Client 1-77" dt="text" by="983" sby="150" ng="1" na="1"/>
<httpSample t="6" it="0" lt="6" ct="0" ts="1528272539781" s="true" lb="HTTP Request" rc="200" rm="OK" tn="Client 1-78" dt="text" by="983" sby="150" ng="1" na="1"/>
<httpSample t="10" it="0" lt="10" ct="1" ts="1528272539984" s="true" lb="HTTP Request" rc="200" rm="OK" tn="Client 1-79" dt="text" by="983" sby="150" ng="1" na="1"/>
<httpSample t="6" it="0" lt="6" ct="0" ts="1528272540183" s="true" lb="HTTP Request" rc="200" rm="OK" tn="Client 1-80" dt="text" by="983" sby="150" ng="1" na="1"/>
<httpSample t="9" it="0" lt="9" ct="1" ts="1528272540386" s="true" lb="HTTP Request" rc="200" rm="OK" tn="Client 1-81" dt="text" by="983" sby="150" ng="1" na="1"/>
<httpSample t="8" it="0" lt="8" ct="1" ts="1528272540584" s="true" lb="HTTP Request" rc="200" rm="OK" tn="Client 1-82" dt="text" by="983" sby="150" ng="1" na="1"/>
<httpSample t="9" it="0" lt="9" ct="1" ts="1528272540784" s="true" lb="HTTP Request" rc="200" rm="OK" tn="Client 1-83" dt="text" by="983" sby="150" ng="1" na="1"/>
<httpSample t="7" it="0" lt="7" ct="1" ts="1528272540986" s="true" lb="HTTP Request" rc="200" rm="OK" tn="Client 1-84" dt="text" by="983" sby="150" ng="1" na="1"/>
<httpSample t="7" it="0" lt="7" ct="1" ts="1528272541187" s="true" lb="HTTP Request" rc="200" rm="OK" tn="Client 1-85" dt="text" by="983" sby="150" ng="1" na="1"/>
<httpSample t="8" it="0" lt="8" ct="1" ts="1528272541386" s="true" lb="HTTP Request" rc="200" rm="OK" tn="Client 1-86" dt="text" by="983" sby="150" ng="1" na="1"/>
<httpSample t="8" it="0" lt="8" ct="1" ts="1528272541585" s="true" lb="HTTP Request" rc="200" rm="OK" tn="Client 1-87" dt="text" by="983" sby="150" ng="1" na="1"/>
<httpSample t="7" it="0" lt="7" ct="0" ts="1528272541789" s="true" lb="HTTP Request" rc="200" rm="OK" tn="Client 1-88" dt="text" by="983" sby="150" ng="1" na="1"/>
<httpSample t="9" it="0" lt="9" ct="0" ts="1528272541987" s="true" lb="HTTP Request" rc="200" rm="OK" tn="Client 1-89" dt="text" by="983" sby="150" ng="1" na="1"/>
<httpSample t="7" it="0" lt="7" ct="1" ts="1528272542186" s="true" lb="HTTP Request" rc="200" rm="OK" tn="Client 1-90" dt="text" by="983" sby="150" ng="1" na="1"/>
<httpSample t="5" it="0" lt="5" ct="0" ts="1528272542389" s="true" lb="HTTP Request" rc="200" rm="OK" tn="Client 1-91" dt="text" by="983" sby="150" ng="1" na="1"/>
<httpSample t="7" it="0" lt="7" ct="1" ts="1528272542586" s="true" lb="HTTP Request" rc="200" rm="OK" tn="Client 1-92" dt="text" by="983" sby="150" ng="1" na="1"/>
<httpSample t="9" it="0" lt="9" ct="1" ts="1528272542790" s="true" lb="HTTP Request" rc="200" rm="OK" tn="Client 1-93" dt="text" by="983" sby="150" ng="1" na="1"/>
<httpSample t="7" it="0" lt="7" ct="1" ts="1528272542993" s="true" lb="HTTP Request" rc="200" rm="OK" tn="Client 1-94" dt="text" by="983" sby="150" ng="1" na="1"/>
<httpSample t="6" it="0" lt="6" ct="1" ts="1528272543193" s="true" lb="HTTP Request" rc="200" rm="OK" tn="Client 1-95" dt="text" by="983" sby="150" ng="1" na="1"/>
<httpSample t="9" it="0" lt="9" ct="1" ts="1528272543389" s="true" lb="HTTP Request" rc="200" rm="OK" tn="Client 1-96" dt="text" by="983" sby="150" ng="1" na="1"/>
<httpSample t="7" it="0" lt="7" ct="1" ts="1528272543592" s="true" lb="HTTP Request" rc="200" rm="OK" tn="Client 1-97" dt="text" by="983" sby="150" ng="1" na="1"/>
<httpSample t="5" it="0" lt="5" ct="0" ts="1528272543795" s="true" lb="HTTP Request" rc="200" rm="OK" tn="Client 1-98" dt="text" by="983" sby="150" ng="1" na="1"/>
<httpSample t="6" it="0" lt="6" ct="0" ts="1528272543995" s="true" lb="HTTP Request" rc="200" rm="OK" tn="Client 1-99" dt="text" by="983" sby="150" ng="1" na="1"/>
<httpSample t="22" it="0" lt="22" ct="0" ts="1528272544193" s="true" lb="HTTP Request" rc="200" rm="OK" tn="Client 1-100" dt="text" by="983" sby="150" ng="1" na="1"/>
<httpSample t="7" it="0" lt="7" ct="0" ts="1528272544393" s="true" lb="HTTP Request" rc="200" rm="OK" tn="Client 1-101" dt="text" by="983" sby="150" ng="1" na="1"/>
<httpSample t="7" it="0" lt="7" ct="0" ts="1528272544595" s="true" lb="HTTP Request" rc="200" rm="OK" tn="Client 1-102" dt="text" by="983" sby="150" ng="1" na="1"/>
<httpSample t="7" it="0" lt="7" ct="1" ts="1528272544792" s="true" lb="HTTP Request" rc="200" rm="OK" tn="Client 1-103" dt="text" by="983" sby="150" ng="1" na="1"/>
<httpSample t="8" it="0" lt="8" ct="1" ts="1528272544995" s="true" lb="HTTP Request" rc="200" rm="OK" tn="Client 1-104" dt="text" by="983" sby="150" ng="1" na="1"/>
<httpSample t="11" it="0" lt="11" ct="2" ts="1528272545193" s="true" lb="HTTP Request" rc="200" rm="OK" tn="Client 1-105" dt="text" by="983" sby="150" ng="1" na="1"/>
<httpSample t="7" it="0" lt="6" ct="1" ts="1528272545393" s="true" lb="HTTP Request" rc="200" rm="OK" tn="Client 1-106" dt="text" by="983" sby="150" ng="1" na="1"/>
<httpSample t="8" it="0" lt="8" ct="0" ts="1528272545594" s="true" lb="HTTP Request" rc="200" rm="OK" tn="Client 1-107" dt="text" by="983" sby="150" ng="1" na="1"/>
<httpSample t="5" it="0" lt="5" ct="0" ts="1528272545795" s="true" lb="HTTP Request" rc="200" rm="OK" tn="Client 1-108" dt="text" by="983" sby="150" ng="1" na="1"/>
<httpSample t="6" it="0" lt="5" ct="0" ts="1528272545997" s="true" lb="HTTP Request" rc="200" rm="OK" tn="Client 1-109" dt="text" by="983" sby="150" ng="1" na="1"/>
<httpSample t="6" it="0" lt="6" ct="0" ts="1528272546197" s="true" lb="HTTP Request" rc="200" rm="OK" tn="Client 1-110" dt="text" by="983" sby="150" ng="1" na="1"/>
<httpSample t="6" it="0" lt="6" ct="1" ts="1528272546395" s="true" lb="HTTP Request" rc="200" rm="OK" tn="Client 1-111" dt="text" by="983" sby="150" ng="1" na="1"/>
<httpSample t="6" it="0" lt="6" ct="1" ts="1528272546599" s="true" lb="HTTP Request" rc="200" rm="OK" tn="Client 1-112" dt="text" by="983" sby="150" ng="1" na="1"/>
<httpSample t="6" it="0" lt="6" ct="1" ts="1528272546800" s="true" lb="HTTP Request" rc="200" rm="OK" tn="Client 1-113" dt="text" by="983" sby="150" ng="1" na="1"/>
<httpSample t="6" it="0" lt="6" ct="1" ts="1528272546998" s="true" lb="HTTP Request" rc="200" rm="OK" tn="Client 1-114" dt="text" by="983" sby="150" ng="1" na="1"/>
<httpSample t="6" it="0" lt="6" ct="1" ts="1528272547201" s="true" lb="HTTP Request" rc="200" rm="OK" tn="Client 1-115" dt="text" by="983" sby="150" ng="1" na="1"/>
<httpSample t="5" it="0" lt="5" ct="0" ts="1528272547403" s="true" lb="HTTP Request" rc="200" rm="OK" tn="Client 1-116" dt="text" by="983" sby="150" ng="1" na="1"/>
<httpSample t="9" it="0" lt="9" ct="0" ts="1528272547600" s="true" lb="HTTP Request" rc="200" rm="OK" tn="Client 1-117" dt="text" by="983" sby="150" ng="1" na="1"/>
<httpSample t="7" it="0" lt="7" ct="1" ts="1528272547800" s="true" lb="HTTP Request" rc="200" rm="OK" tn="Client 1-118" dt="text" by="983" sby="150" ng="1" na="1"/>
<httpSample t="8" it="0" lt="8" ct="1" ts="1528272548001" s="true" lb="HTTP Request" rc="200" rm="OK" tn="Client 1-119" dt="text" by="983" sby="150" ng="1" na="1"/>
<httpSample t="7" it="0" lt="7" ct="0" ts="1528272548203" s="true" lb="HTTP Request" rc="200" rm="OK" tn="Client 1-120" dt="text" by="983" sby="150" ng="1" na="1"/>
<httpSample t="12" it="0" lt="12" ct="0" ts="1528272548403" s="true" lb="HTTP Request" rc="200" rm="OK" tn="Client 1-121" dt="text" by="983" sby="150" ng="1" na="1"/>
<httpSample t="8" it="0" lt="8" ct="0" ts="1528272548601" s="true" lb="HTTP Request" rc="200" rm="OK" tn="Client 1-122" dt="text" by="983" sby="150" ng="1" na="1"/>
<httpSample t="9" it="0" lt="9" ct="1" ts="1528272548801" s="true" lb="HTTP Request" rc="200" rm="OK" tn="Client 1-123" dt="text" by="983" sby="150" ng="1" na="1"/>
<httpSample t="10" it="0" lt="10" ct="1" ts="1528272549001" s="true" lb="HTTP Request" rc="200" rm="OK" tn="Client 1-124" dt="text" by="983" sby="150" ng="1" na="1"/>
<httpSample t="8" it="0" lt="8" ct="0" ts="1528272549201" s="true" lb="HTTP Request" rc="200" rm="OK" tn="Client 1-125" dt="text" by="983" sby="150" ng="1" na="1"/>
<httpSample t="7" it="0" lt="7" ct="1" ts="1528272549402" s="true" lb="HTTP Request" rc="200" rm="OK" tn="Client 1-126" dt="text" by="983" sby="150" ng="1" na="1"/>
<httpSample t="7" it="0" lt="6" ct="1" ts="1528272549602" s="true" lb="HTTP Request" rc="200" rm="OK" tn="Client 1-127" dt="text" by="983" sby="150" ng="1" na="1"/>
<httpSample t="9" it="0" lt="9" ct="1" ts="1528272549801" s="true" lb="HTTP Request" rc="200" rm="OK" tn="Client 1-128" dt="text" by="983" sby="150" ng="1" na="1"/>
<httpSample t="8" it="0" lt="8" ct="1" ts="1528272550004" s="true" lb="HTTP Request" rc="200" rm="OK" tn="Client 1-129" dt="text" by="983" sby="150" ng="1" na="1"/>
<httpSample t="10" it="0" lt="10" ct="1" ts="1528272550205" s="true" lb="HTTP Request" rc="200" rm="OK" tn="Client 1-130" dt="text" by="983" sby="150" ng="1" na="1"/>
<httpSample t="9" it="0" lt="9" ct="1" ts="1528272550402" s="true" lb="HTTP Request" rc="200" rm="OK" tn="Client 1-131" dt="text" by="983" sby="150" ng="1" na="1"/>
<httpSample t="8" it="0" lt="8" ct="1" ts="1528272550601" s="true" lb="HTTP Request" rc="200" rm="OK" tn="Client 1-132" dt="text" by="983" sby="150" ng="1" na="1"/>
<httpSample t="8" it="0" lt="8" ct="1" ts="1528272550802" s="true" lb="HTTP Request" rc="200" rm="OK" tn="Client 1-133" dt="text" by="983" sby="150" ng="1" na="1"/>
<httpSample t="9" it="0" lt="9" ct="1" ts="1528272551004" s="true" lb="HTTP Request" rc="200" rm="OK" tn="Client 1-134" dt="text" by="983" sby="150" ng="1" na="1"/>
<httpSample t="11" it="0" lt="11" ct="1" ts="1528272551206" s="true" lb="HTTP Request" rc="200" rm="OK" tn="Client 1-135" dt="text" by="983" sby="150" ng="1" na="1"/>
<httpSample t="8" it="0" lt="8" ct="1" ts="1528272551403" s="true" lb="HTTP Request" rc="200" rm="OK" tn="Client 1-136" dt="text" by="983" sby="150" ng="1" na="1"/>
<httpSample t="8" it="0" lt="8" ct="1" ts="1528272551606" s="true" lb="HTTP Request" rc="200" rm="OK" tn="Client 1-137" dt="text" by="983" sby="150" ng="1" na="1"/>
<httpSample t="7" it="0" lt="7" ct="1" ts="1528272551806" s="true" lb="HTTP Request" rc="200" rm="OK" tn="Client 1-138" dt="text" by="983" sby="150" ng="1" na="1"/>
<httpSample t="11" it="0" lt="11" ct="1" ts="1528272552154" s="true" lb="HTTP Request" rc="200" rm="OK" tn="Client 1-139" dt="text" by="983" sby="150" ng="1" na="1"/>
<httpSample t="10" it="0" lt="10" ct="1" ts="1528272552206" s="true" lb="HTTP Request" rc="200" rm="OK" tn="Client 1-140" dt="text" by="983" sby="150" ng="1" na="1"/>
<httpSample t="9" it="0" lt="9" ct="1" ts="1528272552402" s="true" lb="HTTP Request" rc="200" rm="OK" tn="Client 1-141" dt="text" by="983" sby="150" ng="1" na="1"/>
<httpSample t="8" it="0" lt="8" ct="0" ts="1528272552605" s="true" lb="HTTP Request" rc="200" rm="OK" tn="Client 1-142" dt="text" by="983" sby="150" ng="1" na="1"/>
<httpSample t="10" it="0" lt="10" ct="1" ts="1528272552803" s="true" lb="HTTP Request" rc="200" rm="OK" tn="Client 1-143" dt="text" by="983" sby="150" ng="1" na="1"/>
<httpSample t="7" it="0" lt="7" ct="1" ts="1528272553007" s="true" lb="HTTP Request" rc="200" rm="OK" tn="Client 1-144" dt="text" by="983" sby="150" ng="1" na="1"/>
<httpSample t="6" it="0" lt="6" ct="0" ts="1528272553209" s="true" lb="HTTP Request" rc="200" rm="OK" tn="Client 1-145" dt="text" by="983" sby="150" ng="1" na="1"/>
<httpSample t="7" it="0" lt="7" ct="0" ts="1528272553406" s="true" lb="HTTP Request" rc="200" rm="OK" tn="Client 1-146" dt="text" by="983" sby="150" ng="1" na="1"/>
<httpSample t="7" it="0" lt="7" ct="1" ts="1528272553606" s="true" lb="HTTP Request" rc="200" rm="OK" tn="Client 1-147" dt="text" by="983" sby="150" ng="1" na="1"/>
<httpSample t="7" it="0" lt="7" ct="1" ts="1528272553806" s="true" lb="HTTP Request" rc="200" rm="OK" tn="Client 1-148" dt="text" by="983" sby="150" ng="1" na="1"/>
<httpSample t="10" it="0" lt="10" ct="1" ts="1528272554008" s="true" lb="HTTP Request" rc="200" rm="OK" tn="Client 1-149" dt="text" by="983" sby="150" ng="1" na="1"/>
<httpSample t="9" it="0" lt="8" ct="0" ts="1528272554210" s="true" lb="HTTP Request" rc="200" rm="OK" tn="Client 1-150" dt="text" by="983" sby="150" ng="1" na="1"/>
<httpSample t="15" it="0" lt="15" ct="0" ts="1528272554409" s="true" lb="HTTP Request" rc="200" rm="OK" tn="Client 1-151" dt="text" by="983" sby="150" ng="1" na="1"/>
<httpSample t="6" it="0" lt="6" ct="0" ts="1528272554606" s="true" lb="HTTP Request" rc="200" rm="OK" tn="Client 1-152" dt="text" by="983" sby="150" ng="1" na="1"/>
<httpSample t="11" it="0" lt="11" ct="1" ts="1528272554805" s="true" lb="HTTP Request" rc="200" rm="OK" tn="Client 1-153" dt="text" by="983" sby="150" ng="1" na="1"/>
<httpSample t="9" it="0" lt="9" ct="2" ts="1528272555008" s="true" lb="HTTP Request" rc="200" rm="OK" tn="Client 1-154" dt="text" by="983" sby="150" ng="1" na="1"/>
<httpSample t="9" it="0" lt="9" ct="0" ts="1528272555205" s="true" lb="HTTP Request" rc="200" rm="OK" tn="Client 1-155" dt="text" by="983" sby="150" ng="1" na="1"/>
<httpSample t="8" it="0" lt="8" ct="1" ts="1528272555405" s="true" lb="HTTP Request" rc="200" rm="OK" tn="Client 1-156" dt="text" by="983" sby="150" ng="1" na="1"/>
<httpSample t="11" it="0" lt="11" ct="0" ts="1528272555608" s="true" lb="HTTP Request" rc="200" rm="OK" tn="Client 1-157" dt="text" by="983" sby="150" ng="1" na="1"/>
<httpSample t="8" it="0" lt="8" ct="1" ts="1528272555806" s="true" lb="HTTP Request" rc="200" rm="OK" tn="Client 1-158" dt="text" by="983" sby="150" ng="1" na="1"/>
<httpSample t="10" it="0" lt="9" ct="0" ts="1528272556009" s="true" lb="HTTP Request" rc="200" rm="OK" tn="Client 1-159" dt="text" by="983" sby="150" ng="1" na="1"/>
<httpSample t="8" it="0" lt="8" ct="1" ts="1528272556206" s="true" lb="HTTP Request" rc="200" rm="OK" tn="Client 1-160" dt="text" by="983" sby="150" ng="1" na="1"/>
<httpSample t="10" it="0" lt="10" ct="1" ts="1528272556407" s="true" lb="HTTP Request" rc="200" rm="OK" tn="Client 1-161" dt="text" by="983" sby="150" ng="1" na="1"/>
<httpSample t="10" it="0" lt="10" ct="1" ts="1528272556606" s="true" lb="HTTP Request" rc="200" rm="OK" tn="Client 1-162" dt="text" by="983" sby="150" ng="1" na="1"/>
<httpSample t="8" it="0" lt="8" ct="1" ts="1528272556809" s="true" lb="HTTP Request" rc="200" rm="OK" tn="Client 1-163" dt="text" by="983" sby="150" ng="1" na="1"/>
<httpSample t="9" it="0" lt="8" ct="0" ts="1528272557011" s="true" lb="HTTP Request" rc="200" rm="OK" tn="Client 1-164" dt="text" by="983" sby="150" ng="1" na="1"/>
<httpSample t="8" it="0" lt="8" ct="0" ts="1528272557208" s="true" lb="HTTP Request" rc="200" rm="OK" tn="Client 1-165" dt="text" by="983" sby="150" ng="1" na="1"/>
<httpSample t="5" it="0" lt="5" ct="0" ts="1528272557407" s="true" lb="HTTP Request" rc="200" rm="OK" tn="Client 1-166" dt="text" by="983" sby="150" ng="1" na="1"/>
<httpSample t="5" it="0" lt="5" ct="0" ts="1528272557606" s="true" lb="HTTP Request" rc="200" rm="OK" tn="Client 1-167" dt="text" by="983" sby="150" ng="1" na="1"/>
<httpSample t="8" it="0" lt="8" ct="1" ts="1528272557809" s="true" lb="HTTP Request" rc="200" rm="OK" tn="Client 1-168" dt="text" by="983" sby="150" ng="1" na="1"/>
<httpSample t="6" it="0" lt="6" ct="0" ts="1528272558008" s="true" lb="HTTP Request" rc="200" rm="OK" tn="Client 1-169" dt="text" by="983" sby="150" ng="1" na="1"/>
<httpSample t="6" it="0" lt="6" ct="0" ts="1528272558212" s="true" lb="HTTP Request" rc="200" rm="OK" tn="Client 1-170" dt="text" by="983" sby="150" ng="1" na="1"/>
<httpSample t="7" it="0" lt="7" ct="1" ts="1528272558411" s="true" lb="HTTP Request" rc="200" rm="OK" tn="Client 1-171" dt="text" by="983" sby="150" ng="1" na="1"/>
<httpSample t="5" it="0" lt="5" ct="0" ts="1528272558608" s="true" lb="HTTP Request" rc="200" rm="OK" tn="Client 1-172" dt="text" by="983" sby="150" ng="1" na="1"/>
<httpSample t="6" it="0" lt="6" ct="1" ts="1528272558810" s="true" lb="HTTP Request" rc="200" rm="OK" tn="Client 1-173" dt="text" by="983" sby="150" ng="1" na="1"/>
<httpSample t="7" it="0" lt="7" ct="0" ts="1528272559009" s="true" lb="HTTP Request" rc="200" rm="OK" tn="Client 1-174" dt="text" by="983" sby="150" ng="1" na="1"/>
<httpSample t="6" it="0" lt="6" ct="1" ts="1528272559210" s="true" lb="HTTP Request" rc="200" rm="OK" tn="Client 1-175" dt="text" by="983" sby="150" ng="1" na="1"/>
<httpSample t="6" it="0" lt="6" ct="0" ts="1528272559409" s="true" lb="HTTP Request" rc="200" rm="OK" tn="Client 1-176" dt="text" by="983" sby="150" ng="1" na="1"/>
<httpSample t="6" it="0" lt="6" ct="0" ts="1528272559609" s="true" lb="HTTP Request" rc="200" rm="OK" tn="Client 1-177" dt="text" by="983" sby="150" ng="1" na="1"/>
<httpSample t="6" it="0" lt="6" ct="0" ts="1528272559812" s="true" lb="HTTP Request" rc="200" rm="OK" tn="Client 1-178" dt="text" by="983" sby="150" ng="1" na="1"/>
<httpSample t="6" it="0" lt="6" ct="1" ts="1528272560013" s="true" lb="HTTP Request" rc="200" rm="OK" tn="Client 1-179" dt="text" by="983" sby="150" ng="1" na="1"/>
<httpSample t="7" it="0" lt="7" ct="1" ts="1528272560209" s="true" lb="HTTP Request" rc="200" rm="OK" tn="Client 1-180" dt="text" by="983" sby="150" ng="1" na="1"/>
<httpSample t="6" it="0" lt="6" ct="0" ts="1528272560411" s="true" lb="HTTP Request" rc="200" rm="OK" tn="Client 1-181" dt="text" by="983" sby="150" ng="1" na="1"/>
<httpSample t="6" it="0" lt="6" ct="1" ts="1528272560611" s="true" lb="HTTP Request" rc="200" rm="OK" tn="Client 1-182" dt="text" by="983" sby="150" ng="1" na="1"/>
<httpSample t="9" it="0" lt="8" ct="0" ts="1528272560813" s="true" lb="HTTP Request" rc="200" rm="OK" tn="Client 1-183" dt="text" by="983" sby="150" ng="1" na="1"/>
<httpSample t="7" it="0" lt="7" ct="1" ts="1528272561010" s="true" lb="HTTP Request" rc="200" rm="OK" tn="Client 1-184" dt="text" by="983" sby="150" ng="1" na="1"/>
<httpSample t="7" it="0" lt="7" ct="1" ts="1528272561210" s="true" lb="HTTP Request" rc="200" rm="OK" tn="Client 1-185" dt="text" by="983" sby="150" ng="1" na="1"/>
<httpSample t="7" it="0" lt="7" ct="1" ts="1528272561411" s="true" lb="HTTP Request" rc="200" rm="OK" tn="Client 1-186" dt="text" by="983" sby="150" ng="1" na="1"/>
<httpSample t="7" it="0" lt="7" ct="0" ts="1528272561614" s="true" lb="HTTP Request" rc="200" rm="OK" tn="Client 1-187" dt="text" by="983" sby="150" ng="1" na="1"/>
<httpSample t="6" it="0" lt="6" ct="0" ts="1528272561814" s="true" lb="HTTP Request" rc="200" rm="OK" tn="Client 1-188" dt="text" by="983" sby="150" ng="1" na="1"/>
<httpSample t="7" it="0" lt="7" ct="1" ts="1528272562011" s="true" lb="HTTP Request" rc="200" rm="OK" tn="Client 1-189" dt="text" by="983" sby="150" ng="1" na="1"/>
<httpSample t="7" it="0" lt="7" ct="1" ts="1528272562210" s="true" lb="HTTP Request" rc="200" rm="OK" tn="Client 1-190" dt="text" by="983" sby="150" ng="1" na="1"/>
<httpSample t="13" it="0" lt="12" ct="0" ts="1528272562411" s="true" lb="HTTP Request" rc="200" rm="OK" tn="Client 1-191" dt="text" by="983" sby="150" ng="1" na="1"/>
<httpSample t="8" it="0" lt="8" ct="0" ts="1528272562613" s="true" lb="HTTP Request" rc="200" rm="OK" tn="Client 1-192" dt="text" by="983" sby="150" ng="1" na="1"/>
<httpSample t="5" it="0" lt="5" ct="0" ts="1528272562813" s="true" lb="HTTP Request" rc="200" rm="OK" tn="Client 1-193" dt="text" by="983" sby="150" ng="1" na="1"/>
<httpSample t="7" it="0" lt="7" ct="1" ts="1528272563014" s="true" lb="HTTP Request" rc="200" rm="OK" tn="Client 1-194" dt="text" by="983" sby="150" ng="1" na="1"/>
<httpSample t="6" it="0" lt="6" ct="1" ts="1528272563214" s="true" lb="HTTP Request" rc="200" rm="OK" tn="Client 1-195" dt="text" by="983" sby="150" ng="1" na="1"/>
<httpSample t="7" it="0" lt="7" ct="1" ts="1528272563411" s="true" lb="HTTP Request" rc="200" rm="OK" tn="Client 1-196" dt="text" by="983" sby="150" ng="1" na="1"/>
<httpSample t="6" it="0" lt="6" ct="1" ts="1528272563614" s="true" lb="HTTP Request" rc="200" rm="OK" tn="Client 1-197" dt="text" by="983" sby="150" ng="1" na="1"/>
<httpSample t="8" it="0" lt="8" ct="1" ts="1528272563815" s="true" lb="HTTP Request" rc="200" rm="OK" tn="Client 1-198" dt="text" by="983" sby="150" ng="1" na="1"/>
<httpSample t="8" it="0" lt="8" ct="1" ts="1528272564013" s="true" lb="HTTP Request" rc="200" rm="OK" tn="Client 1-199" dt="text" by="983" sby="150" ng="1" na="1"/>
<httpSample t="7" it="0" lt="7" ct="1" ts="1528272564215" s="true" lb="HTTP Request" rc="200" rm="OK" tn="Client 1-200" dt="text" by="983" sby="150" ng="1" na="1"/>
<httpSample t="7" it="0" lt="7" ct="0" ts="1528272564414" s="true" lb="HTTP Request" rc="200" rm="OK" tn="Client 1-201" dt="text" by="983" sby="150" ng="1" na="1"/>
<httpSample t="6" it="0" lt="6" ct="0" ts="1528272564617" s="true" lb="HTTP Request" rc="200" rm="OK" tn="Client 1-202" dt="text" by="983" sby="150" ng="1" na="1"/>
<httpSample t="8" it="0" lt="7" ct="1" ts="1528272564817" s="true" lb="HTTP Request" rc="200" rm="OK" tn="Client 1-203" dt="text" by="983" sby="150" ng="1" na="1"/>
<httpSample t="9" it="0" lt="9" ct="1" ts="1528272565015" s="true" lb="HTTP Request" rc="200" rm="OK" tn="Client 1-204" dt="text" by="983" sby="150" ng="1" na="1"/>
<httpSample t="7" it="0" lt="7" ct="0" ts="1528272565215" s="true" lb="HTTP Request" rc="200" rm="OK" tn="Client 1-205" dt="text" by="983" sby="150" ng="1" na="1"/>
<httpSample t="9" it="0" lt="9" ct="1" ts="1528272565418" s="true" lb="HTTP Request" rc="200" rm="OK" tn="Client 1-206" dt="text" by="983" sby="150" ng="1" na="1"/>
<httpSample t="8" it="0" lt="8" ct="1" ts="1528272565617" s="true" lb="HTTP Request" rc="200" rm="OK" tn="Client 1-207" dt="text" by="983" sby="150" ng="1" na="1"/>
<httpSample t="9" it="0" lt="9" ct="1" ts="1528272565817" s="true" lb="HTTP Request" rc="200" rm="OK" tn="Client 1-208" dt="text" by="983" sby="150" ng="1" na="1"/>
<httpSample t="7" it="0" lt="7" ct="1" ts="1528272566017" s="true" lb="HTTP Request" rc="200" rm="OK" tn="Client 1-209" dt="text" by="983" sby="150" ng="1" na="1"/>
<httpSample t="7" it="0" lt="7" ct="1" ts="1528272566217" s="true" lb="HTTP Request" rc="200" rm="OK" tn="Client 1-210" dt="text" by="983" sby="150" ng="1" na="1"/>
<httpSample t="7" it="0" lt="7" ct="0" ts="1528272566418" s="true" lb="HTTP Request" rc="200" rm="OK" tn="Client 1-211" dt="text" by="983" sby="150" ng="1" na="1"/>
<httpSample t="7" it="0" lt="7" ct="1" ts="1528272566619" s="true" lb="HTTP Request" rc="200" rm="OK" tn="Client 1-212" dt="text" by="983" sby="150" ng="1" na="1"/>
<httpSample t="9" it="0" lt="9" ct="1" ts="1528272566818" s="true" lb="HTTP Request" rc="200" rm="OK" tn="Client 1-213" dt="text" by="983" sby="150" ng="1" na="1"/>
<httpSample t="9" it="0" lt="9" ct="2" ts="1528272567019" s="true" lb="HTTP Request" rc="200" rm="OK" tn="Client 1-214" dt="text" by="983" sby="150" ng="1" na="1"/>
<httpSample t="8" it="0" lt="8" ct="1" ts="1528272567219" s="true" lb="HTTP Request" rc="200" rm="OK" tn="Client 1-215" dt="text" by="983" sby="150" ng="1" na="1"/>
<httpSample t="8" it="0" lt="8" ct="1" ts="1528272567420" s="true" lb="HTTP Request" rc="200" rm="OK" tn="Client 1-216" dt="text" by="983" sby="150" ng="1" na="1"/>
<httpSample t="7" it="0" lt="7" ct="1" ts="1528272567620" s="true" lb="HTTP Request" rc="200" rm="OK" tn="Client 1-217" dt="text" by="983" sby="150" ng="1" na="1"/>
<httpSample t="11" it="0" lt="11" ct="1" ts="1528272567821" s="true" lb="HTTP Request" rc="200" rm="OK" tn="Client 1-218" dt="text" by="983" sby="150" ng="1" na="1"/>
<httpSample t="12" it="0" lt="12" ct="1" ts="1528272568021" s="true" lb="HTTP Request" rc="200" rm="OK" tn="Client 1-219" dt="text" by="983" sby="150" ng="1" na="1"/>
<httpSample t="8" it="0" lt="8" ct="1" ts="1528272568217" s="true" lb="HTTP Request" rc="200" rm="OK" tn="Client 1-220" dt="text" by="983" sby="150" ng="1" na="1"/>
<httpSample t="7" it="0" lt="7" ct="0" ts="1528272568422" s="true" lb="HTTP Request" rc="200" rm="OK" tn="Client 1-221" dt="text" by="983" sby="150" ng="1" na="1"/>
<httpSample t="6" it="0" lt="6" ct="0" ts="1528272568622" s="true" lb="HTTP Request" rc="200" rm="OK" tn="Client 1-222" dt="text" by="983" sby="150" ng="1" na="1"/>
<httpSample t="9" it="0" lt="9" ct="1" ts="1528272568817" s="true" lb="HTTP Request" rc="200" rm="OK" tn="Client 1-223" dt="text" by="983" sby="150" ng="1" na="1"/>
<httpSample t="8" it="0" lt="8" ct="1" ts="1528272569021" s="true" lb="HTTP Request" rc="200" rm="OK" tn="Client 1-224" dt="text" by="983" sby="150" ng="1" na="1"/>
<httpSample t="7" it="0" lt="7" ct="0" ts="1528272569221" s="true" lb="HTTP Request" rc="200" rm="OK" tn="Client 1-225" dt="text" by="983" sby="150" ng="1" na="1"/>
<httpSample t="7" it="0" lt="7" ct="1" ts="1528272569425" s="true" lb="HTTP Request" rc="200" rm="OK" tn="Client 1-226" dt="text" by="983" sby="150" ng="1" na="1"/>
<httpSample t="8" it="0" lt="8" ct="1" ts="1528272569623" s="true" lb="HTTP Request" rc="200" rm="OK" tn="Client 1-227" dt="text" by="983" sby="150" ng="1" na="1"/>
<httpSample t="10" it="0" lt="10" ct="1" ts="1528272569823" s="true" lb="HTTP Request" rc="200" rm="OK" tn="Client 1-228" dt="text" by="983" sby="150" ng="1" na="1"/>
<httpSample t="9" it="0" lt="9" ct="0" ts="1528272570023" s="true" lb="HTTP Request" rc="200" rm="OK" tn="Client 1-229" dt="text" by="983" sby="150" ng="1" na="1"/>
<httpSample t="6" it="0" lt="6" ct="0" ts="1528272570225" s="true" lb="HTTP Request" rc="200" rm="OK" tn="Client 1-230" dt="text" by="983" sby="150" ng="1" na="1"/>
<httpSample t="7" it="0" lt="7" ct="1" ts="1528272570421" s="true" lb="HTTP Request" rc="200" rm="OK" tn="Client 1-231" dt="text" by="983" sby="150" ng="1" na="1"/>
<httpSample t="7" it="0" lt="7" ct="1" ts="1528272570624" s="true" lb="HTTP Request" rc="200" rm="OK" tn="Client 1-232" dt="text" by="983" sby="150" ng="1" na="1"/>
<httpSample t="9" it="0" lt="9" ct="1" ts="1528272570826" s="true" lb="HTTP Request" rc="200" rm="OK" tn="Client 1-233" dt="text" by="983" sby="150" ng="1" na="1"/>
<httpSample t="10" it="0" lt="10" ct="1" ts="1528272571021" s="true" lb="HTTP Request" rc="200" rm="OK" tn="Client 1-234" dt="text" by="983" sby="150" ng="1" na="1"/>
<httpSample t="8" it="0" lt="8" ct="1" ts="1528272571226" s="true" lb="HTTP Request" rc="200" rm="OK" tn="Client 1-235" dt="text" by="983" sby="150" ng="1" na="1"/>
<httpSample t="6" it="0" lt="6" ct="0" ts="1528272571423" s="true" lb="HTTP Request" rc="200" rm="OK" tn="Client 1-236" dt="text" by="983" sby="150" ng="1" na="1"/>
<httpSample t="10" it="0" lt="10" ct="0" ts="1528272571626" s="true" lb="HTTP Request" rc="200" rm="OK" tn="Client 1-237" dt="text" by="983" sby="150" ng="1" na="1"/>
<httpSample t="11" it="0" lt="11" ct="0" ts="1528272571826" s="true" lb="HTTP Request" rc="200" rm="OK" tn="Client 1-238" dt="text" by="983" sby="150" ng="1" na="1"/>
<httpSample t="6" it="0" lt="6" ct="0" ts="1528272572023" s="true" lb="HTTP Request" rc="200" rm="OK" tn="Client 1-239" dt="text" by="983" sby="150" ng="1" na="1"/>
<httpSample t="9" it="0" lt="8" ct="0" ts="1528272572227" s="true" lb="HTTP Request" rc="200" rm="OK" tn="Client 1-240" dt="text" by="983" sby="150" ng="1" na="1"/>
<httpSample t="6" it="0" lt="6" ct="1" ts="1528272572425" s="true" lb="HTTP Request" rc="200" rm="OK" tn="Client 1-241" dt="text" by="983" sby="150" ng="1" na="1"/>
<httpSample t="8" it="0" lt="7" ct="0" ts="1528272572628" s="true" lb="HTTP Request" rc="200" rm="OK" tn="Client 1-242" dt="text" by="983" sby="150" ng="1" na="1"/>
<httpSample t="8" it="0" lt="8" ct="1" ts="1528272572827" s="true" lb="HTTP Request" rc="200" rm="OK" tn="Client 1-243" dt="text" by="983" sby="150" ng="1" na="1"/>
<httpSample t="6" it="0" lt="6" ct="1" ts="1528272573025" s="true" lb="HTTP Request" rc="200" rm="OK" tn="Client 1-244" dt="text" by="983" sby="150" ng="1" na="1"/>
<httpSample t="10" it="0" lt="10" ct="1" ts="1528272573227" s="true" lb="HTTP Request" rc="200" rm="OK" tn="Client 1-245" dt="text" by="983" sby="150" ng="1" na="1"/>
<httpSample t="8" it="0" lt="8" ct="1" ts="1528272573429" s="true" lb="HTTP Request" rc="200" rm="OK" tn="Client 1-246" dt="text" by="983" sby="150" ng="1" na="1"/>
<httpSample t="13" it="0" lt="13" ct="1" ts="1528272573629" s="true" lb="HTTP Request" rc="200" rm="OK" tn="Client 1-247" dt="text" by="983" sby="150" ng="1" na="1"/>
<httpSample t="8" it="0" lt="8" ct="0" ts="1528272573829" s="true" lb="HTTP Request" rc="200" rm="OK" tn="Client 1-248" dt="text" by="983" sby="150" ng="1" na="1"/>
<httpSample t="6" it="0" lt="6" ct="0" ts="1528272574025" s="true" lb="HTTP Request" rc="200" rm="OK" tn="Client 1-249" dt="text" by="983" sby="150" ng="1" na="1"/>
<httpSample t="6" it="0" lt="6" ct="1" ts="1528272574226" s="true" lb="HTTP Request" rc="200" rm="OK" tn="Client 1-250" dt="text" by="983" sby="150" ng="1" na="1"/>
<httpSample t="6" it="0" lt="6" ct="1" ts="1528272574425" s="true" lb="HTTP Request" rc="200" rm="OK" tn="Client 1-251" dt="text" by="983" sby="150" ng="1" na="1"/>
<httpSample t="7" it="0" lt="6" ct="1" ts="1528272574629" s="true" lb="HTTP Request" rc="200" rm="OK" tn="Client 1-252" dt="text" by="983" sby="150" ng="1" na="1"/>
<httpSample t="7" it="0" lt="7" ct="1" ts="1528272574827" s="true" lb="HTTP Request" rc="200" rm="OK" tn="Client 1-253" dt="text" by="983" sby="150" ng="1" na="1"/>
<httpSample t="6" it="0" lt="6" ct="1" ts="1528272575028" s="true" lb="HTTP Request" rc="200" rm="OK" tn="Client 1-254" dt="text" by="983" sby="150" ng="1" na="1"/>
<httpSample t="9" it="0" lt="9" ct="0" ts="1528272575227" s="true" lb="HTTP Request" rc="200" rm="OK" tn="Client 1-255" dt="text" by="983" sby="150" ng="1" na="1"/>
<httpSample t="6" it="0" lt="6" ct="0" ts="1528272575430" s="true" lb="HTTP Request" rc="200" rm="OK" tn="Client 1-256" dt="text" by="983" sby="150" ng="1" na="1"/>
<httpSample t="7" it="0" lt="7" ct="1" ts="1528272575631" s="true" lb="HTTP Request" rc="200" rm="OK" tn="Client 1-257" dt="text" by="983" sby="150" ng="1" na="1"/>
<httpSample t="6" it="0" lt="5" ct="0" ts="1528272575828" s="true" lb="HTTP Request" rc="200" rm="OK" tn="Client 1-258" dt="text" by="983" sby="150" ng="1" na="1"/>
<httpSample t="7" it="0" lt="7" ct="1" ts="1528272576027" s="true" lb="HTTP Request" rc="200" rm="OK" tn="Client 1-259" dt="text" by="983" sby="150" ng="1" na="1"/>
<httpSample t="6" it="0" lt="6" ct="0" ts="1528272576228" s="true" lb="HTTP Request" rc="200" rm="OK" tn="Client 1-260" dt="text" by="983" sby="150" ng="1" na="1"/>
<httpSample t="6" it="0" lt="6" ct="1" ts="1528272576430" s="true" lb="HTTP Request" rc="200" rm="OK" tn="Client 1-261" dt="text" by="983" sby="150" ng="1" na="1"/>
<httpSample t="5" it="0" lt="5" ct="0" ts="1528272576632" s="true" lb="HTTP Request" rc="200" rm="OK" tn="Client 1-262" dt="text" by="983" sby="150" ng="1" na="1"/>
<httpSample t="7" it="0" lt="7" ct="1" ts="1528272576829" s="true" lb="HTTP Request" rc="200" rm="OK" tn="Client 1-263" dt="text" by="983" sby="150" ng="1" na="1"/>
<httpSample t="8" it="0" lt="7" ct="1" ts="1528272577042" s="true" lb="HTTP Request" rc="200" rm="OK" tn="Client 1-264" dt="text" by="983" sby="150" ng="1" na="1"/>
<httpSample t="7" it="0" lt="7" ct="1" ts="1528272577228" s="true" lb="HTTP Request" rc="200" rm="OK" tn="Client 1-265" dt="text" by="983" sby="150" ng="1" na="1"/>
<httpSample t="6" it="0" lt="6" ct="0" ts="1528272577430" s="true" lb="HTTP Request" rc="200" rm="OK" tn="Client 1-266" dt="text" by="983" sby="150" ng="1" na="1"/>
<httpSample t="6" it="0" lt="6" ct="1" ts="1528272577630" s="true" lb="HTTP Request" rc="200" rm="OK" tn="Client 1-267" dt="text" by="983" sby="150" ng="1" na="1"/>
<httpSample t="7" it="0" lt="7" ct="1" ts="1528272577829" s="true" lb="HTTP Request" rc="200" rm="OK" tn="Client 1-268" dt="text" by="983" sby="150" ng="1" na="1"/>
<httpSample t="6" it="0" lt="6" ct="0" ts="1528272578032" s="true" lb="HTTP Request" rc="200" rm="OK" tn="Client 1-269" dt="text" by="983" sby="150" ng="1" na="1"/>
<httpSample t="8" it="0" lt="8" ct="1" ts="1528272578230" s="true" lb="HTTP Request" rc="200" rm="OK" tn="Client 1-270" dt="text" by="983" sby="150" ng="1" na="1"/>
<httpSample t="6" it="0" lt="6" ct="1" ts="1528272578431" s="true" lb="HTTP Request" rc="200" rm="OK" tn="Client 1-271" dt="text" by="983" sby="150" ng="1" na="1"/>
<httpSample t="7" it="0" lt="7" ct="0" ts="1528272578630" s="true" lb="HTTP Request" rc="200" rm="OK" tn="Client 1-272" dt="text" by="983" sby="150" ng="1" na="1"/>
<httpSample t="7" it="0" lt="7" ct="1" ts="1528272578831" s="true" lb="HTTP Request" rc="200" rm="OK" tn="Client 1-273" dt="text" by="983" sby="150" ng="1" na="1"/>
<httpSample t="6" it="0" lt="6" ct="1" ts="1528272579034" s="true" lb="HTTP Request" rc="200" rm="OK" tn="Client 1-274" dt="text" by="983" sby="150" ng="1" na="1"/>
<httpSample t="6" it="0" lt="6" ct="0" ts="1528272579233" s="true" lb="HTTP Request" rc="200" rm="OK" tn="Client 1-275" dt="text" by="983" sby="150" ng="1" na="1"/>
<httpSample t="7" it="0" lt="7" ct="1" ts="1528272579432" s="true" lb="HTTP Request" rc="200" rm="OK" tn="Client 1-276" dt="text" by="983" sby="150" ng="1" na="1"/>
<httpSample t="10" it="0" lt="10" ct="2" ts="1528272579634" s="true" lb="HTTP Request" rc="200" rm="OK" tn="Client 1-277" dt="text" by="983" sby="150" ng="1" na="1"/>
<httpSample t="11" it="0" lt="11" ct="2" ts="1528272579832" s="true" lb="HTTP Request" rc="200" rm="OK" tn="Client 1-278" dt="text" by="983" sby="150" ng="1" na="1"/>
<httpSample t="10" it="0" lt="10" ct="2" ts="1528272580032" s="true" lb="HTTP Request" rc="200" rm="OK" tn="Client 1-279" dt="text" by="983" sby="150" ng="1" na="1"/>
<httpSample t="7" it="0" lt="7" ct="1" ts="1528272580234" s="true" lb="HTTP Request" rc="200" rm="OK" tn="Client 1-280" dt="text" by="983" sby="150" ng="1" na="1"/>
<httpSample t="6" it="0" lt="6" ct="1" ts="1528272580434" s="true" lb="HTTP Request" rc="200" rm="OK" tn="Client 1-281" dt="text" by="983" sby="150" ng="1" na="1"/>
<httpSample t="7" it="0" lt="7" ct="1" ts="1528272580632" s="true" lb="HTTP Request" rc="200" rm="OK" tn="Client 1-282" dt="text" by="983" sby="150" ng="1" na="1"/>
<httpSample t="7" it="0" lt="7" ct="0" ts="1528272580832" s="true" lb="HTTP Request" rc="200" rm="OK" tn="Client 1-283" dt="text" by="983" sby="150" ng="1" na="1"/>
<httpSample t="9" it="0" lt="9" ct="0" ts="1528272581032" s="true" lb="HTTP Request" rc="200" rm="OK" tn="Client 1-284" dt="text" by="983" sby="150" ng="1" na="1"/>
<httpSample t="9" it="0" lt="9" ct="1" ts="1528272581236" s="true" lb="HTTP Request" rc="200" rm="OK" tn="Client 1-285" dt="text" by="983" sby="150" ng="1" na="1"/>
<httpSample t="6" it="0" lt="6" ct="1" ts="1528272581436" s="true" lb="HTTP Request" rc="200" rm="OK" tn="Client 1-286" dt="text" by="983" sby="150" ng="1" na="1"/>
<httpSample t="9" it="0" lt="9" ct="1" ts="1528272581634" s="true" lb="HTTP Request" rc="200" rm="OK" tn="Client 1-287" dt="text" by="983" sby="150" ng="1" na="1"/>
<httpSample t="11" it="0" lt="10" ct="1" ts="1528272581835" s="true" lb="HTTP Request" rc="200" rm="OK" tn="Client 1-288" dt="text" by="983" sby="150" ng="1" na="1"/>
<httpSample t="8" it="0" lt="8" ct="1" ts="1528272582171" s="true" lb="HTTP Request" rc="200" rm="OK" tn="Client 1-289" dt="text" by="983" sby="150" ng="1" na="1"/>
<httpSample t="9" it="0" lt="9" ct="1" ts="1528272582235" s="true" lb="HTTP Request" rc="200" rm="OK" tn="Client 1-290" dt="text" by="983" sby="150" ng="1" na="1"/>
<httpSample t="7" it="0" lt="7" ct="1" ts="1528272582437" s="true" lb="HTTP Request" rc="200" rm="OK" tn="Client 1-291" dt="text" by="983" sby="150" ng="1" na="1"/>
<httpSample t="7" it="0" lt="7" ct="1" ts="1528272582637" s="true" lb="HTTP Request" rc="200" rm="OK" tn="Client 1-292" dt="text" by="983" sby="150" ng="1" na="1"/>
<httpSample t="8" it="0" lt="8" ct="1" ts="1528272582838" s="true" lb="HTTP Request" rc="200" rm="OK" tn="Client 1-293" dt="text" by="983" sby="150" ng="1" na="1"/>
<httpSample t="7" it="0" lt="7" ct="1" ts="1528272583037" s="true" lb="HTTP Request" rc="200" rm="OK" tn="Client 1-294" dt="text" by="983" sby="150" ng="1" na="1"/>
<httpSample t="7" it="0" lt="7" ct="0" ts="1528272583237" s="true" lb="HTTP Request" rc="200" rm="OK" tn="Client 1-295" dt="text" by="983" sby="150" ng="1" na="1"/>
<httpSample t="8" it="0" lt="7" ct="1" ts="1528272583438" s="true" lb="HTTP Request" rc="200" rm="OK" tn="Client 1-296" dt="text" by="983" sby="150" ng="1" na="1"/>
<httpSample t="12" it="0" lt="11" ct="1" ts="1528272583637" s="true" lb="HTTP Request" rc="200" rm="OK" tn="Client 1-297" dt="text" by="983" sby="150" ng="1" na="1"/>
<httpSample t="8" it="0" lt="8" ct="1" ts="1528272583838" s="true" lb="HTTP Request" rc="200" rm="OK" tn="Client 1-298" dt="text" by="983" sby="150" ng="1" na="1"/>
<httpSample t="7" it="0" lt="7" ct="0" ts="1528272584039" s="true" lb="HTTP Request" rc="200" rm="OK" tn="Client 1-299" dt="text" by="983" sby="150" ng="1" na="1"/>
<httpSample t="7" it="0" lt="7" ct="1" ts="1528272584236" s="true" lb="HTTP Request" rc="200" rm="OK" tn="Client 1-300" dt="text" by="983" sby="150" ng="1" na="1"/>
<httpSample t="11" it="0" lt="11" ct="2" ts="1528272584438" s="true" lb="HTTP Request" rc="200" rm="OK" tn="Client 1-301" dt="text" by="983" sby="150" ng="1" na="1"/>
<httpSample t="6" it="0" lt="6" ct="0" ts="1528272584635" s="true" lb="HTTP Request" rc="200" rm="OK" tn="Client 1-302" dt="text" by="983" sby="150" ng="1" na="1"/>
<httpSample t="9" it="0" lt="9" ct="1" ts="1528272584834" s="true" lb="HTTP Request" rc="200" rm="OK" tn="Client 1-303" dt="text" by="983" sby="150" ng="1" na="1"/>
<httpSample t="6" it="0" lt="6" ct="1" ts="1528272585034" s="true" lb="HTTP Request" rc="200" rm="OK" tn="Client 1-304" dt="text" by="983" sby="150" ng="1" na="1"/>
<httpSample t="12" it="0" lt="12" ct="1" ts="1528272585238" s="true" lb="HTTP Request" rc="200" rm="OK" tn="Client 1-305" dt="text" by="983" sby="150" ng="1" na="1"/>
<httpSample t="7" it="0" lt="7" ct="0" ts="1528272585438" s="true" lb="HTTP Request" rc="200" rm="OK" tn="Client 1-306" dt="text" by="983" sby="150" ng="1" na="1"/>
<httpSample t="7" it="0" lt="7" ct="0" ts="1528272585639" s="true" lb="HTTP Request" rc="200" rm="OK" tn="Client 1-307" dt="text" by="983" sby="150" ng="1" na="1"/>
<httpSample t="7" it="0" lt="7" ct="0" ts="1528272585836" s="true" lb="HTTP Request" rc="200" rm="OK" tn="Client 1-308" dt="text" by="983" sby="150" ng="1" na="1"/>
<httpSample t="5" it="0" lt="5" ct="0" ts="1528272586036" s="true" lb="HTTP Request" rc="200" rm="OK" tn="Client 1-309" dt="text" by="983" sby="150" ng="1" na="1"/>
<httpSample t="9" it="0" lt="9" ct="1" ts="1528272586239" s="true" lb="HTTP Request" rc="200" rm="OK" tn="Client 1-310" dt="text" by="983" sby="150" ng="1" na="1"/>
<httpSample t="5" it="0" lt="5" ct="0" ts="1528272586436" s="true" lb="HTTP Request" rc="200" rm="OK" tn="Client 1-311" dt="text" by="983" sby="150" ng="1" na="1"/>
<httpSample t="7" it="0" lt="7" ct="0" ts="1528272586640" s="true" lb="HTTP Request" rc="200" rm="OK" tn="Client 1-312" dt="text" by="983" sby="150" ng="1" na="1"/>
<httpSample t="9" it="0" lt="9" ct="1" ts="1528272586838" s="true" lb="HTTP Request" rc="200" rm="OK" tn="Client 1-313" dt="text" by="983" sby="150" ng="1" na="1"/>
<httpSample t="10" it="0" lt="10" ct="0" ts="1528272587040" s="true" lb="HTTP Request" rc="200" rm="OK" tn="Client 1-314" dt="text" by="983" sby="150" ng="1" na="1"/>
<httpSample t="7" it="0" lt="7" ct="1" ts="1528272587240" s="true" lb="HTTP Request" rc="200" rm="OK" tn="Client 1-315" dt="text" by="983" sby="150" ng="1" na="1"/>
<httpSample t="6" it="0" lt="6" ct="0" ts="1528272587438" s="true" lb="HTTP Request" rc="200" rm="OK" tn="Client 1-316" dt="text" by="983" sby="150" ng="1" na="1"/>
<httpSample t="6" it="0" lt="6" ct="1" ts="1528272587637" s="true" lb="HTTP Request" rc="200" rm="OK" tn="Client 1-317" dt="text" by="983" sby="150" ng="1" na="1"/>
<httpSample t="6" it="0" lt="6" ct="1" ts="1528272587836" s="true" lb="HTTP Request" rc="200" rm="OK" tn="Client 1-318" dt="text" by="983" sby="150" ng="1" na="1"/>
<httpSample t="12" it="0" lt="12" ct="1" ts="1528272588038" s="true" lb="HTTP Request" rc="200" rm="OK" tn="Client 1-319" dt="text" by="983" sby="150" ng="1" na="1"/>
<httpSample t="7" it="0" lt="6" ct="1" ts="1528272588241" s="true" lb="HTTP Request" rc="200" rm="OK" tn="Client 1-320" dt="text" by="983" sby="150" ng="1" na="1"/>
<httpSample t="6" it="0" lt="6" ct="0" ts="1528272588438" s="true" lb="HTTP Request" rc="200" rm="OK" tn="Client 1-321" dt="text" by="983" sby="150" ng="1" na="1"/>
<httpSample t="9" it="0" lt="9" ct="0" ts="1528272588642" s="true" lb="HTTP Request" rc="200" rm="OK" tn="Client 1-322" dt="text" by="983" sby="150" ng="1" na="1"/>
<httpSample t="7" it="0" lt="7" ct="0" ts="1528272588839" s="true" lb="HTTP Request" rc="200" rm="OK" tn="Client 1-323" dt="text" by="983" sby="150" ng="1" na="1"/>
<httpSample t="7" it="0" lt="7" ct="0" ts="1528272589040" s="true" lb="HTTP Request" rc="200" rm="OK" tn="Client 1-324" dt="text" by="983" sby="150" ng="1" na="1"/>
<httpSample t="6" it="0" lt="6" ct="1" ts="1528272589240" s="true" lb="HTTP Request" rc="200" rm="OK" tn="Client 1-325" dt="text" by="983" sby="150" ng="1" na="1"/>
<httpSample t="6" it="0" lt="6" ct="1" ts="1528272589438" s="true" lb="HTTP Request" rc="200" rm="OK" tn="Client 1-326" dt="text" by="983" sby="150" ng="1" na="1"/>
<httpSample t="7" it="0" lt="7" ct="1" ts="1528272589639" s="true" lb="HTTP Request" rc="200" rm="OK" tn="Client 1-327" dt="text" by="983" sby="150" ng="1" na="1"/>
<httpSample t="7" it="0" lt="7" ct="1" ts="1528272589838" s="true" lb="HTTP Request" rc="200" rm="OK" tn="Client 1-328" dt="text" by="983" sby="150" ng="1" na="1"/>
<httpSample t="6" it="0" lt="6" ct="1" ts="1528272590040" s="true" lb="HTTP Request" rc="200" rm="OK" tn="Client 1-329" dt="text" by="983" sby="150" ng="1" na="1"/>
<httpSample t="8" it="0" lt="7" ct="1" ts="1528272590241" s="true" lb="HTTP Request" rc="200" rm="OK" tn="Client 1-330" dt="text" by="983" sby="150" ng="1" na="1"/>
<httpSample t="7" it="0" lt="7" ct="1" ts="1528272590440" s="true" lb="HTTP Request" rc="200" rm="OK" tn="Client 1-331" dt="text" by="983" sby="150" ng="1" na="1"/>
<httpSample t="6" it="0" lt="6" ct="1" ts="1528272590641" s="true" lb="HTTP Request" rc="200" rm="OK" tn="Client 1-332" dt="text" by="983" sby="150" ng="1" na="1"/>
<httpSample t="6" it="0" lt="6" ct="0" ts="1528272590839" s="true" lb="HTTP Request" rc="200" rm="OK" tn="Client 1-333" dt="text" by="983" sby="150" ng="1" na="1"/>
<httpSample t="6" it="0" lt="6" ct="0" ts="1528272591042" s="true" lb="HTTP Request" rc="200" rm="OK" tn="Client 1-334" dt="text" by="983" sby="150" ng="1" na="1"/>
<httpSample t="5" it="0" lt="5" ct="0" ts="1528272591242" s="true" lb="HTTP Request" rc="200" rm="OK" tn="Client 1-335" dt="text" by="983" sby="150" ng="1" na="1"/>
<httpSample t="7" it="0" lt="7" ct="0" ts="1528272591441" s="true" lb="HTTP Request" rc="200" rm="OK" tn="Client 1-336" dt="text" by="983" sby="150" ng="1" na="1"/>
<httpSample t="7" it="0" lt="7" ct="1" ts="1528272591638" s="true" lb="HTTP Request" rc="200" rm="OK" tn="Client 1-337" dt="text" by="983" sby="150" ng="1" na="1"/>
<httpSample t="7" it="0" lt="7" ct="1" ts="1528272591840" s="true" lb="HTTP Request" rc="200" rm="OK" tn="Client 1-338" dt="text" by="983" sby="150" ng="1" na="1"/>
<httpSample t="6" it="0" lt="6" ct="0" ts="1528272592041" s="true" lb="HTTP Request" rc="200" rm="OK" tn="Client 1-339" dt="text" by="983" sby="150" ng="1" na="1"/>
<httpSample t="7" it="0" lt="7" ct="1" ts="1528272592242" s="true" lb="HTTP Request" rc="200" rm="OK" tn="Client 1-340" dt="text" by="983" sby="150" ng="1" na="1"/>
<httpSample t="7" it="0" lt="7" ct="1" ts="1528272592441" s="true" lb="HTTP Request" rc="200" rm="OK" tn="Client 1-341" dt="text" by="983" sby="150" ng="1" na="1"/>
<httpSample t="9" it="0" lt="9" ct="0" ts="1528272592643" s="true" lb="HTTP Request" rc="200" rm="OK" tn="Client 1-342" dt="text" by="983" sby="150" ng="1" na="1"/>
<httpSample t="5" it="0" lt="5" ct="0" ts="1528272592844" s="true" lb="HTTP Request" rc="200" rm="OK" tn="Client 1-343" dt="text" by="983" sby="150" ng="1" na="1"/>
<httpSample t="6" it="0" lt="6" ct="1" ts="1528272593044" s="true" lb="HTTP Request" rc="200" rm="OK" tn="Client 1-344" dt="text" by="983" sby="150" ng="1" na="1"/>
<httpSample t="7" it="0" lt="7" ct="0" ts="1528272593243" s="true" lb="HTTP Request" rc="200" rm="OK" tn="Client 1-345" dt="text" by="983" sby="150" ng="1" na="1"/>
<httpSample t="6" it="0" lt="6" ct="1" ts="1528272593441" s="true" lb="HTTP Request" rc="200" rm="OK" tn="Client 1-346" dt="text" by="983" sby="150" ng="1" na="1"/>
<httpSample t="9" it="0" lt="9" ct="1" ts="1528272593640" s="true" lb="HTTP Request" rc="200" rm="OK" tn="Client 1-347" dt="text" by="983" sby="150" ng="1" na="1"/>
<httpSample t="7" it="0" lt="7" ct="0" ts="1528272593843" s="true" lb="HTTP Request" rc="200" rm="OK" tn="Client 1-348" dt="text" by="983" sby="150" ng="1" na="1"/>
<httpSample t="8" it="0" lt="7" ct="1" ts="1528272594043" s="true" lb="HTTP Request" rc="200" rm="OK" tn="Client 1-349" dt="text" by="983" sby="150" ng="1" na="1"/>
<httpSample t="8" it="0" lt="8" ct="0" ts="1528272594245" s="true" lb="HTTP Request" rc="200" rm="OK" tn="Client 1-350" dt="text" by="983" sby="150" ng="1" na="1"/>
<httpSample t="8" it="0" lt="8" ct="0" ts="1528272594444" s="true" lb="HTTP Request" rc="200" rm="OK" tn="Client 1-351" dt="text" by="983" sby="150" ng="1" na="1"/>
<httpSample t="8" it="0" lt="7" ct="1" ts="1528272594641" s="true" lb="HTTP Request" rc="200" rm="OK" tn="Client 1-352" dt="text" by="983" sby="150" ng="1" na="1"/>
<httpSample t="11" it="0" lt="11" ct="1" ts="1528272594844" s="true" lb="HTTP Request" rc="200" rm="OK" tn="Client 1-353" dt="text" by="983" sby="150" ng="1" na="1"/>
<httpSample t="8" it="0" lt="8" ct="1" ts="1528272595045" s="true" lb="HTTP Request" rc="200" rm="OK" tn="Client 1-354" dt="text" by="983" sby="150" ng="1" na="1"/>
<httpSample t="10" it="0" lt="10" ct="1" ts="1528272595245" s="true" lb="HTTP Request" rc="200" rm="OK" tn="Client 1-355" dt="text" by="983" sby="150" ng="1" na="1"/>
<httpSample t="13" it="0" lt="13" ct="1" ts="1528272595445" s="true" lb="HTTP Request" rc="200" rm="OK" tn="Client 1-356" dt="text" by="983" sby="150" ng="1" na="1"/>
<httpSample t="16" it="0" lt="16" ct="1" ts="1528272595646" s="true" lb="HTTP Request" rc="200" rm="OK" tn="Client 1-357" dt="text" by="983" sby="150" ng="1" na="1"/>
<httpSample t="10" it="0" lt="10" ct="1" ts="1528272595845" s="true" lb="HTTP Request" rc="200" rm="OK" tn="Client 1-358" dt="text" by="983" sby="150" ng="1" na="1"/>
<httpSample t="8" it="0" lt="8" ct="0" ts="1528272596045" s="true" lb="HTTP Request" rc="200" rm="OK" tn="Client 1-359" dt="text" by="983" sby="150" ng="1" na="1"/>
<httpSample t="6" it="0" lt="5" ct="0" ts="1528272596245" s="true" lb="HTTP Request" rc="200" rm="OK" tn="Client 1-360" dt="text" by="983" sby="150" ng="1" na="1"/>
<httpSample t="7" it="0" lt="7" ct="0" ts="1528272596443" s="true" lb="HTTP Request" rc="200" rm="OK" tn="Client 1-361" dt="text" by="983" sby="150" ng="1" na="1"/>
<httpSample t="8" it="0" lt="7" ct="0" ts="1528272596642" s="true" lb="HTTP Request" rc="200" rm="OK" tn="Client 1-362" dt="text" by="983" sby="150" ng="1" na="1"/>
<httpSample t="10" it="0" lt="10" ct="1" ts="1528272596844" s="true" lb="HTTP Request" rc="200" rm="OK" tn="Client 1-363" dt="text" by="983" sby="150" ng="1" na="1"/>
<httpSample t="7" it="0" lt="7" ct="1" ts="1528272597046" s="true" lb="HTTP Request" rc="200" rm="OK" tn="Client 1-364" dt="text" by="983" sby="150" ng="1" na="1"/>
<httpSample t="6" it="0" lt="6" ct="1" ts="1528272597246" s="true" lb="HTTP Request" rc="200" rm="OK" tn="Client 1-365" dt="text" by="983" sby="150" ng="1" na="1"/>
<httpSample t="6" it="0" lt="6" ct="0" ts="1528272597447" s="true" lb="HTTP Request" rc="200" rm="OK" tn="Client 1-366" dt="text" by="983" sby="150" ng="1" na="1"/>
<httpSample t="7" it="0" lt="7" ct="0" ts="1528272597644" s="true" lb="HTTP Request" rc="200" rm="OK" tn="Client 1-367" dt="text" by="983" sby="150" ng="1" na="1"/>
<httpSample t="6" it="0" lt="5" ct="0" ts="1528272597846" s="true" lb="HTTP Request" rc="200" rm="OK" tn="Client 1-368" dt="text" by="983" sby="150" ng="1" na="1"/>
<httpSample t="10" it="0" lt="10" ct="1" ts="1528272598044" s="true" lb="HTTP Request" rc="200" rm="OK" tn="Client 1-369" dt="text" by="983" sby="150" ng="1" na="1"/>
<httpSample t="9" it="0" lt="8" ct="0" ts="1528272598248" s="true" lb="HTTP Request" rc="200" rm="OK" tn="Client 1-370" dt="text" by="983" sby="150" ng="1" na="1"/>
<httpSample t="10" it="0" lt="10" ct="1" ts="1528272598443" s="true" lb="HTTP Request" rc="200" rm="OK" tn="Client 1-371" dt="text" by="983" sby="150" ng="1" na="1"/>
<httpSample t="9" it="0" lt="9" ct="1" ts="1528272598646" s="true" lb="HTTP Request" rc="200" rm="OK" tn="Client 1-372" dt="text" by="983" sby="150" ng="1" na="1"/>
<httpSample t="9" it="0" lt="9" ct="1" ts="1528272598848" s="true" lb="HTTP Request" rc="200" rm="OK" tn="Client 1-373" dt="text" by="983" sby="150" ng="1" na="1"/>
<httpSample t="9" it="0" lt="9" ct="0" ts="1528272599046" s="true" lb="HTTP Request" rc="200" rm="OK" tn="Client 1-374" dt="text" by="983" sby="150" ng="1" na="1"/>
<httpSample t="10" it="0" lt="10" ct="1" ts="1528272599248" s="true" lb="HTTP Request" rc="200" rm="OK" tn="Client 1-375" dt="text" by="983" sby="150" ng="1" na="1"/>
<httpSample t="9" it="0" lt="9" ct="1" ts="1528272599445" s="true" lb="HTTP Request" rc="200" rm="OK" tn="Client 1-376" dt="text" by="983" sby="150" ng="1" na="1"/>
<httpSample t="9" it="0" lt="9" ct="1" ts="1528272599644" s="true" lb="HTTP Request" rc="200" rm="OK" tn="Client 1-377" dt="text" by="983" sby="150" ng="1" na="1"/>
<httpSample t="10" it="0" lt="9" ct="1" ts="1528272599844" s="true" lb="HTTP Request" rc="200" rm="OK" tn="Client 1-378" dt="text" by="983" sby="150" ng="1" na="1"/>
<httpSample t="9" it="0" lt="9" ct="1" ts="1528272600045" s="true" lb="HTTP Request" rc="200" rm="OK" tn="Client 1-379" dt="text" by="983" sby="150" ng="1" na="1"/>
<httpSample t="9" it="0" lt="9" ct="0" ts="1528272600250" s="true" lb="HTTP Request" rc="200" rm="OK" tn="Client 1-380" dt="text" by="983" sby="150" ng="1" na="1"/>
<httpSample t="10" it="0" lt="10" ct="1" ts="1528272600449" s="true" lb="HTTP Request" rc="200" rm="OK" tn="Client 1-381" dt="text" by="983" sby="150" ng="1" na="1"/>
<httpSample t="9" it="0" lt="9" ct="1" ts="1528272600646" s="true" lb="HTTP Request" rc="200" rm="OK" tn="Client 1-382" dt="text" by="983" sby="150" ng="1" na="1"/>
<httpSample t="10" it="0" lt="10" ct="1" ts="1528272600849" s="true" lb="HTTP Request" rc="200" rm="OK" tn="Client 1-383" dt="text" by="983" sby="150" ng="1" na="1"/>
<httpSample t="10" it="0" lt="9" ct="1" ts="1528272601049" s="true" lb="HTTP Request" rc="200" rm="OK" tn="Client 1-384" dt="text" by="983" sby="150" ng="1" na="1"/>
<httpSample t="9" it="0" lt="9" ct="0" ts="1528272601251" s="true" lb="HTTP Request" rc="200" rm="OK" tn="Client 1-385" dt="text" by="983" sby="150" ng="1" na="1"/>
<httpSample t="9" it="0" lt="9" ct="1" ts="1528272601449" s="true" lb="HTTP Request" rc="200" rm="OK" tn="Client 1-386" dt="text" by="983" sby="150" ng="1" na="1"/>
<httpSample t="9" it="0" lt="9" ct="1" ts="1528272601650" s="true" lb="HTTP Request" rc="200" rm="OK" tn="Client 1-387" dt="text" by="983" sby="150" ng="1" na="1"/>
<httpSample t="9" it="0" lt="9" ct="0" ts="1528272601847" s="true" lb="HTTP Request" rc="200" rm="OK" tn="Client 1-388" dt="text" by="983" sby="150" ng="1" na="1"/>
<httpSample t="6" it="0" lt="6" ct="1" ts="1528272602049" s="true" lb="HTTP Request" rc="200" rm="OK" tn="Client 1-389" dt="text" by="983" sby="150" ng="1" na="1"/>
<httpSample t="10" it="0" lt="10" ct="1" ts="1528272602250" s="true" lb="HTTP Request" rc="200" rm="OK" tn="Client 1-390" dt="text" by="983" sby="150" ng="1" na="1"/>
<httpSample t="10" it="0" lt="9" ct="1" ts="1528272602446" s="true" lb="HTTP Request" rc="200" rm="OK" tn="Client 1-391" dt="text" by="983" sby="150" ng="1" na="1"/>
<httpSample t="10" it="0" lt="10" ct="2" ts="1528272602652" s="true" lb="HTTP Request" rc="200" rm="OK" tn="Client 1-392" dt="text" by="983" sby="150" ng="1" na="1"/>
<httpSample t="10" it="0" lt="10" ct="1" ts="1528272602852" s="true" lb="HTTP Request" rc="200" rm="OK" tn="Client 1-393" dt="text" by="983" sby="150" ng="1" na="1"/>
<httpSample t="10" it="0" lt="9" ct="1" ts="1528272603048" s="true" lb="HTTP Request" rc="200" rm="OK" tn="Client 1-394" dt="text" by="983" sby="150" ng="1" na="1"/>
<httpSample t="9" it="0" lt="9" ct="1" ts="1528272603252" s="true" lb="HTTP Request" rc="200" rm="OK" tn="Client 1-395" dt="text" by="983" sby="150" ng="1" na="1"/>
<httpSample t="9" it="0" lt="9" ct="0" ts="1528272603452" s="true" lb="HTTP Request" rc="200" rm="OK" tn="Client 1-396" dt="text" by="983" sby="150" ng="1" na="1"/>
<httpSample t="10" it="0" lt="10" ct="1" ts="1528272603652" s="true" lb="HTTP Request" rc="200" rm="OK" tn="Client 1-397" dt="text" by="983" sby="150" ng="1" na="1"/>
<httpSample t="9" it="0" lt="9" ct="1" ts="1528272603853" s="true" lb="HTTP Request" rc="200" rm="OK" tn="Client 1-398" dt="text" by="983" sby="150" ng="1" na="1"/>
<httpSample t="9" it="0" lt="9" ct="1" ts="1528272604053" s="true" lb="HTTP Request" rc="200" rm="OK" tn="Client 1-399" dt="text" by="983" sby="150" ng="1" na="1"/>
<httpSample t="9" it="0" lt="9" ct="1" ts="1528272604253" s="true" lb="HTTP Request" rc="200" rm="OK" tn="Client 1-400" dt="text" by="983" sby="150" ng="1" na="1"/>
<httpSample t="9" it="0" lt="9" ct="1" ts="1528272604453" s="true" lb="HTTP Request" rc="200" rm="OK" tn="Client 1-401" dt="text" by="983" sby="150" ng="1" na="1"/>
<httpSample t="10" it="0" lt="9" ct="1" ts="1528272604653" s="true" lb="HTTP Request" rc="200" rm="OK" tn="Client 1-402" dt="text" by="983" sby="150" ng="1" na="1"/>
<httpSample t="9" it="0" lt="9" ct="0" ts="1528272604853" s="true" lb="HTTP Request" rc="200" rm="OK" tn="Client 1-403" dt="text" by="983" sby="150" ng="1" na="1"/>
<httpSample t="6" it="0" lt="6" ct="0" ts="1528272605049" s="true" lb="HTTP Request" rc="200" rm="OK" tn="Client 1-404" dt="text" by="983" sby="150" ng="1" na="1"/>
<httpSample t="9" it="0" lt="9" ct="1" ts="1528272605254" s="true" lb="HTTP Request" rc="200" rm="OK" tn="Client 1-405" dt="text" by="983" sby="150" ng="1" na="1"/>
<httpSample t="10" it="0" lt="10" ct="1" ts="1528272605449" s="true" lb="HTTP Request" rc="200" rm="OK" tn="Client 1-406" dt="text" by="983" sby="150" ng="1" na="1"/>
<httpSample t="10" it="0" lt="9" ct="1" ts="1528272605651" s="true" lb="HTTP Request" rc="200" rm="OK" tn="Client 1-407" dt="text" by="983" sby="150" ng="1" na="1"/>
<httpSample t="9" it="0" lt="9" ct="0" ts="1528272605855" s="true" lb="HTTP Request" rc="200" rm="OK" tn="Client 1-408" dt="text" by="983" sby="150" ng="1" na="1"/>
<httpSample t="6" it="0" lt="6" ct="1" ts="1528272606053" s="true" lb="HTTP Request" rc="200" rm="OK" tn="Client 1-409" dt="text" by="983" sby="150" ng="1" na="1"/>
<httpSample t="9" it="0" lt="9" ct="1" ts="1528272606254" s="true" lb="HTTP Request" rc="200" rm="OK" tn="Client 1-410" dt="text" by="983" sby="150" ng="1" na="1"/>
<httpSample t="7" it="0" lt="7" ct="1" ts="1528272606449" s="true" lb="HTTP Request" rc="200" rm="OK" tn="Client 1-411" dt="text" by="983" sby="150" ng="1" na="1"/>
<httpSample t="9" it="0" lt="9" ct="1" ts="1528272606652" s="true" lb="HTTP Request" rc="200" rm="OK" tn="Client 1-412" dt="text" by="983" sby="150" ng="1" na="1"/>
<httpSample t="9" it="0" lt="9" ct="1" ts="1528272606851" s="true" lb="HTTP Request" rc="200" rm="OK" tn="Client 1-413" dt="text" by="983" sby="150" ng="1" na="1"/>
<httpSample t="6" it="0" lt="6" ct="1" ts="1528272607054" s="true" lb="HTTP Request" rc="200" rm="OK" tn="Client 1-414" dt="text" by="983" sby="150" ng="1" na="1"/>
<httpSample t="9" it="0" lt="9" ct="0" ts="1528272607253" s="true" lb="HTTP Request" rc="200" rm="OK" tn="Client 1-415" dt="text" by="983" sby="150" ng="1" na="1"/>
<httpSample t="12" it="0" lt="12" ct="1" ts="1528272607453" s="true" lb="HTTP Request" rc="200" rm="OK" tn="Client 1-416" dt="text" by="983" sby="150" ng="1" na="1"/>
<httpSample t="11" it="0" lt="11" ct="1" ts="1528272607653" s="true" lb="HTTP Request" rc="200" rm="OK" tn="Client 1-417" dt="text" by="983" sby="150" ng="1" na="1"/>
<httpSample t="10" it="0" lt="10" ct="1" ts="1528272607853" s="true" lb="HTTP Request" rc="200" rm="OK" tn="Client 1-418" dt="text" by="983" sby="150" ng="1" na="1"/>
<httpSample t="8" it="0" lt="8" ct="0" ts="1528272608052" s="true" lb="HTTP Request" rc="200" rm="OK" tn="Client 1-419" dt="text" by="983" sby="150" ng="1" na="1"/>
<httpSample t="9" it="0" lt="9" ct="0" ts="1528272608255" s="true" lb="HTTP Request" rc="200" rm="OK" tn="Client 1-420" dt="text" by="983" sby="150" ng="1" na="1"/>
<httpSample t="9" it="0" lt="9" ct="1" ts="1528272608451" s="true" lb="HTTP Request" rc="200" rm="OK" tn="Client 1-421" dt="text" by="983" sby="150" ng="1" na="1"/>
<httpSample t="10" it="0" lt="10" ct="1" ts="1528272608656" s="true" lb="HTTP Request" rc="200" rm="OK" tn="Client 1-422" dt="text" by="983" sby="150" ng="1" na="1"/>
<httpSample t="9" it="0" lt="9" ct="1" ts="1528272608856" s="true" lb="HTTP Request" rc="200" rm="OK" tn="Client 1-423" dt="text" by="983" sby="150" ng="1" na="1"/>
<httpSample t="11" it="0" lt="11" ct="0" ts="1528272609051" s="true" lb="HTTP Request" rc="200" rm="OK" tn="Client 1-424" dt="text" by="983" sby="150" ng="1" na="1"/>
<httpSample t="11" it="0" lt="11" ct="1" ts="1528272609251" s="true" lb="HTTP Request" rc="200" rm="OK" tn="Client 1-425" dt="text" by="983" sby="150" ng="1" na="1"/>
<httpSample t="14" it="0" lt="14" ct="0" ts="1528272609451" s="true" lb="HTTP Request" rc="200" rm="OK" tn="Client 1-426" dt="text" by="983" sby="150" ng="1" na="1"/>
<httpSample t="8" it="0" lt="8" ct="0" ts="1528272609657" s="true" lb="HTTP Request" rc="200" rm="OK" tn="Client 1-427" dt="text" by="983" sby="150" ng="1" na="1"/>
<httpSample t="10" it="0" lt="10" ct="1" ts="1528272609856" s="true" lb="HTTP Request" rc="200" rm="OK" tn="Client 1-428" dt="text" by="983" sby="150" ng="1" na="1"/>
<httpSample t="9" it="0" lt="9" ct="1" ts="1528272610057" s="true" lb="HTTP Request" rc="200" rm="OK" tn="Client 1-429" dt="text" by="983" sby="150" ng="1" na="1"/>
<httpSample t="9" it="0" lt="9" ct="1" ts="1528272610257" s="true" lb="HTTP Request" rc="200" rm="OK" tn="Client 1-430" dt="text" by="983" sby="150" ng="1" na="1"/>
<httpSample t="11" it="0" lt="11" ct="1" ts="1528272610457" s="true" lb="HTTP Request" rc="200" rm="OK" tn="Client 1-431" dt="text" by="983" sby="150" ng="1" na="1"/>
<httpSample t="10" it="0" lt="9" ct="1" ts="1528272610657" s="true" lb="HTTP Request" rc="200" rm="OK" tn="Client 1-432" dt="text" by="983" sby="150" ng="1" na="1"/>
<httpSample t="10" it="0" lt="10" ct="1" ts="1528272610857" s="true" lb="HTTP Request" rc="200" rm="OK" tn="Client 1-433" dt="text" by="983" sby="150" ng="1" na="1"/>
<httpSample t="9" it="0" lt="9" ct="1" ts="1528272611057" s="true" lb="HTTP Request" rc="200" rm="OK" tn="Client 1-434" dt="text" by="983" sby="150" ng="1" na="1"/>
<httpSample t="5" it="0" lt="5" ct="0" ts="1528272611253" s="true" lb="HTTP Request" rc="200" rm="OK" tn="Client 1-435" dt="text" by="983" sby="150" ng="1" na="1"/>
<httpSample t="9" it="0" lt="9" ct="1" ts="1528272611455" s="true" lb="HTTP Request" rc="200" rm="OK" tn="Client 1-436" dt="text" by="983" sby="150" ng="1" na="1"/>
<httpSample t="9" it="0" lt="9" ct="1" ts="1528272611654" s="true" lb="HTTP Request" rc="200" rm="OK" tn="Client 1-437" dt="text" by="983" sby="150" ng="1" na="1"/>
<httpSample t="10" it="0" lt="10" ct="1" ts="1528272611857" s="true" lb="HTTP Request" rc="200" rm="OK" tn="Client 1-438" dt="text" by="983" sby="150" ng="1" na="1"/>
<httpSample t="9" it="0" lt="9" ct="1" ts="1528272612194" s="true" lb="HTTP Request" rc="200" rm="OK" tn="Client 1-439" dt="text" by="983" sby="150" ng="1" na="1"/>
<httpSample t="9" it="0" lt="9" ct="1" ts="1528272612258" s="true" lb="HTTP Request" rc="200" rm="OK" tn="Client 1-440" dt="text" by="983" sby="150" ng="1" na="1"/>
<httpSample t="10" it="0" lt="10" ct="1" ts="1528272612455" s="true" lb="HTTP Request" rc="200" rm="OK" tn="Client 1-441" dt="text" by="983" sby="150" ng="1" na="1"/>
<httpSample t="7" it="0" lt="7" ct="1" ts="1528272612654" s="true" lb="HTTP Request" rc="200" rm="OK" tn="Client 1-442" dt="text" by="983" sby="150" ng="1" na="1"/>
<httpSample t="12" it="0" lt="12" ct="1" ts="1528272612854" s="true" lb="HTTP Request" rc="200" rm="OK" tn="Client 1-443" dt="text" by="983" sby="150" ng="1" na="1"/>
<httpSample t="9" it="0" lt="8" ct="1" ts="1528272613055" s="true" lb="HTTP Request" rc="200" rm="OK" tn="Client 1-444" dt="text" by="983" sby="150" ng="1" na="1"/>
<httpSample t="9" it="0" lt="9" ct="1" ts="1528272613259" s="true" lb="HTTP Request" rc="200" rm="OK" tn="Client 1-445" dt="text" by="983" sby="150" ng="1" na="1"/>
<httpSample t="9" it="0" lt="9" ct="1" ts="1528272613460" s="true" lb="HTTP Request" rc="200" rm="OK" tn="Client 1-446" dt="text" by="983" sby="150" ng="1" na="1"/>
<httpSample t="10" it="0" lt="10" ct="1" ts="1528272613657" s="true" lb="HTTP Request" rc="200" rm="OK" tn="Client 1-447" dt="text" by="983" sby="150" ng="1" na="1"/>
<httpSample t="8" it="0" lt="8" ct="1" ts="1528272613856" s="true" lb="HTTP Request" rc="200" rm="OK" tn="Client 1-448" dt="text" by="983" sby="150" ng="1" na="1"/>
<httpSample t="9" it="0" lt="9" ct="1" ts="1528272614059" s="true" lb="HTTP Request" rc="200" rm="OK" tn="Client 1-449" dt="text" by="983" sby="150" ng="1" na="1"/>
<httpSample t="9" it="0" lt="9" ct="1" ts="1528272614259" s="true" lb="HTTP Request" rc="200" rm="OK" tn="Client 1-450" dt="text" by="983" sby="150" ng="1" na="1"/>
<httpSample t="10" it="0" lt="10" ct="1" ts="1528272614456" s="true" lb="HTTP Request" rc="200" rm="OK" tn="Client 1-451" dt="text" by="983" sby="150" ng="1" na="1"/>
<httpSample t="11" it="0" lt="11" ct="1" ts="1528272614660" s="true" lb="HTTP Request" rc="200" rm="OK" tn="Client 1-452" dt="text" by="983" sby="150" ng="1" na="1"/>
<httpSample t="9" it="0" lt="9" ct="1" ts="1528272614856" s="true" lb="HTTP Request" rc="200" rm="OK" tn="Client 1-453" dt="text" by="983" sby="150" ng="1" na="1"/>
<httpSample t="9" it="0" lt="9" ct="1" ts="1528272615055" s="true" lb="HTTP Request" rc="200" rm="OK" tn="Client 1-454" dt="text" by="983" sby="150" ng="1" na="1"/>
<httpSample t="7" it="0" lt="7" ct="1" ts="1528272615259" s="true" lb="HTTP Request" rc="200" rm="OK" tn="Client 1-455" dt="text" by="983" sby="150" ng="1" na="1"/>
<httpSample t="10" it="0" lt="10" ct="1" ts="1528272615459" s="true" lb="HTTP Request" rc="200" rm="OK" tn="Client 1-456" dt="text" by="983" sby="150" ng="1" na="1"/>
<httpSample t="9" it="0" lt="8" ct="1" ts="1528272615656" s="true" lb="HTTP Request" rc="200" rm="OK" tn="Client 1-457" dt="text" by="983" sby="150" ng="1" na="1"/>
<httpSample t="9" it="0" lt="9" ct="1" ts="1528272615855" s="true" lb="HTTP Request" rc="200" rm="OK" tn="Client 1-458" dt="text" by="983" sby="150" ng="1" na="1"/>
<httpSample t="10" it="0" lt="10" ct="1" ts="1528272616058" s="true" lb="HTTP Request" rc="200" rm="OK" tn="Client 1-459" dt="text" by="983" sby="150" ng="1" na="1"/>
<httpSample t="8" it="0" lt="8" ct="1" ts="1528272616260" s="true" lb="HTTP Request" rc="200" rm="OK" tn="Client 1-460" dt="text" by="983" sby="150" ng="1" na="1"/>
<httpSample t="11" it="0" lt="11" ct="3" ts="1528272616459" s="true" lb="HTTP Request" rc="200" rm="OK" tn="Client 1-461" dt="text" by="983" sby="150" ng="1" na="1"/>
<httpSample t="9" it="0" lt="9" ct="1" ts="1528272616661" s="true" lb="HTTP Request" rc="200" rm="OK" tn="Client 1-462" dt="text" by="983" sby="150" ng="1" na="1"/>
<httpSample t="9" it="0" lt="9" ct="1" ts="1528272616859" s="true" lb="HTTP Request" rc="200" rm="OK" tn="Client 1-463" dt="text" by="983" sby="150" ng="1" na="1"/>
<httpSample t="11" it="0" lt="11" ct="2" ts="1528272617059" s="true" lb="HTTP Request" rc="200" rm="OK" tn="Client 1-464" dt="text" by="983" sby="150" ng="1" na="1"/>
<httpSample t="11" it="0" lt="11" ct="1" ts="1528272617260" s="true" lb="HTTP Request" rc="200" rm="OK" tn="Client 1-465" dt="text" by="983" sby="150" ng="1" na="1"/>
<httpSample t="10" it="0" lt="10" ct="2" ts="1528272617461" s="true" lb="HTTP Request" rc="200" rm="OK" tn="Client 1-466" dt="text" by="983" sby="150" ng="1" na="1"/>
<httpSample t="10" it="0" lt="10" ct="1" ts="1528272617660" s="true" lb="HTTP Request" rc="200" rm="OK" tn="Client 1-467" dt="text" by="983" sby="150" ng="1" na="1"/>
<httpSample t="8" it="0" lt="8" ct="2" ts="1528272617861" s="true" lb="HTTP Request" rc="200" rm="OK" tn="Client 1-468" dt="text" by="983" sby="150" ng="1" na="1"/>
<httpSample t="8" it="0" lt="8" ct="1" ts="1528272618061" s="true" lb="HTTP Request" rc="200" rm="OK" tn="Client 1-469" dt="text" by="983" sby="150" ng="1" na="1"/>
<httpSample t="9" it="0" lt="9" ct="1" ts="1528272618261" s="true" lb="HTTP Request" rc="200" rm="OK" tn="Client 1-470" dt="text" by="983" sby="150" ng="1" na="1"/>
<httpSample t="9" it="0" lt="9" ct="1" ts="1528272618458" s="true" lb="HTTP Request" rc="200" rm="OK" tn="Client 1-471" dt="text" by="983" sby="150" ng="1" na="1"/>
<httpSample t="6" it="0" lt="6" ct="1" ts="1528272618662" s="true" lb="HTTP Request" rc="200" rm="OK" tn="Client 1-472" dt="text" by="983" sby="150" ng="1" na="1"/>
<httpSample t="12" it="0" lt="12" ct="2" ts="1528272618863" s="true" lb="HTTP Request" rc="200" rm="OK" tn="Client 1-473" dt="text" by="983" sby="150" ng="1" na="1"/>
<httpSample t="10" it="0" lt="10" ct="1" ts="1528272619064" s="true" lb="HTTP Request" rc="200" rm="OK" tn="Client 1-474" dt="text" by="983" sby="150" ng="1" na="1"/>
<httpSample t="9" it="0" lt="9" ct="0" ts="1528272619263" s="true" lb="HTTP Request" rc="200" rm="OK" tn="Client 1-475" dt="text" by="983" sby="150" ng="1" na="1"/>
<httpSample t="9" it="0" lt="9" ct="1" ts="1528272619461" s="true" lb="HTTP Request" rc="200" rm="OK" tn="Client 1-476" dt="text" by="983" sby="150" ng="1" na="1"/>
<httpSample t="10" it="0" lt="9" ct="1" ts="1528272619664" s="true" lb="HTTP Request" rc="200" rm="OK" tn="Client 1-477" dt="text" by="983" sby="150" ng="1" na="1"/>
<httpSample t="10" it="0" lt="10" ct="1" ts="1528272619863" s="true" lb="HTTP Request" rc="200" rm="OK" tn="Client 1-478" dt="text" by="983" sby="150" ng="1" na="1"/>
<httpSample t="10" it="0" lt="10" ct="1" ts="1528272620063" s="true" lb="HTTP Request" rc="200" rm="OK" tn="Client 1-479" dt="text" by="983" sby="150" ng="1" na="1"/>
<httpSample t="9" it="0" lt="9" ct="1" ts="1528272620260" s="true" lb="HTTP Request" rc="200" rm="OK" tn="Client 1-480" dt="text" by="983" sby="150" ng="1" na="1"/>
<httpSample t="10" it="0" lt="10" ct="1" ts="1528272620460" s="true" lb="HTTP Request" rc="200" rm="OK" tn="Client 1-481" dt="text" by="983" sby="150" ng="1" na="1"/>
<httpSample t="10" it="0" lt="10" ct="1" ts="1528272620664" s="true" lb="HTTP Request" rc="200" rm="OK" tn="Client 1-482" dt="text" by="983" sby="150" ng="1" na="1"/>
<httpSample t="5" it="0" lt="5" ct="0" ts="1528272620862" s="true" lb="HTTP Request" rc="200" rm="OK" tn="Client 1-483" dt="text" by="983" sby="150" ng="1" na="1"/>
<httpSample t="11" it="0" lt="10" ct="1" ts="1528272621060" s="true" lb="HTTP Request" rc="200" rm="OK" tn="Client 1-484" dt="text" by="983" sby="150" ng="1" na="1"/>
<httpSample t="7" it="0" lt="7" ct="1" ts="1528272621263" s="true" lb="HTTP Request" rc="200" rm="OK" tn="Client 1-485" dt="text" by="983" sby="150" ng="1" na="1"/>
<httpSample t="8" it="0" lt="8" ct="0" ts="1528272621460" s="true" lb="HTTP Request" rc="200" rm="OK" tn="Client 1-486" dt="text" by="983" sby="150" ng="1" na="1"/>
<httpSample t="8" it="0" lt="8" ct="1" ts="1528272621659" s="true" lb="HTTP Request" rc="200" rm="OK" tn="Client 1-487" dt="text" by="983" sby="150" ng="1" na="1"/>
<httpSample t="10" it="0" lt="9" ct="0" ts="1528272621866" s="true" lb="HTTP Request" rc="200" rm="OK" tn="Client 1-488" dt="text" by="983" sby="150" ng="1" na="1"/>
<httpSample t="11" it="0" lt="11" ct="2" ts="1528272622065" s="true" lb="HTTP Request" rc="200" rm="OK" tn="Client 1-489" dt="text" by="983" sby="150" ng="1" na="1"/>
<httpSample t="6" it="0" lt="6" ct="1" ts="1528272622264" s="true" lb="HTTP Request" rc="200" rm="OK" tn="Client 1-490" dt="text" by="983" sby="150" ng="1" na="1"/>
<httpSample t="11" it="0" lt="11" ct="1" ts="1528272622465" s="true" lb="HTTP Request" rc="200" rm="OK" tn="Client 1-491" dt="text" by="983" sby="150" ng="1" na="1"/>
<httpSample t="10" it="0" lt="10" ct="1" ts="1528272622665" s="true" lb="HTTP Request" rc="200" rm="OK" tn="Client 1-492" dt="text" by="983" sby="150" ng="1" na="1"/>
<httpSample t="9" it="0" lt="9" ct="1" ts="1528272622865" s="true" lb="HTTP Request" rc="200" rm="OK" tn="Client 1-493" dt="text" by="983" sby="150" ng="1" na="1"/>
<httpSample t="9" it="0" lt="9" ct="1" ts="1528272623064" s="true" lb="HTTP Request" rc="200" rm="OK" tn="Client 1-494" dt="text" by="983" sby="150" ng="1" na="1"/>
<httpSample t="8" it="0" lt="8" ct="0" ts="1528272623265" s="true" lb="HTTP Request" rc="200" rm="OK" tn="Client 1-495" dt="text" by="983" sby="150" ng="1" na="1"/>
<httpSample t="7" it="0" lt="7" ct="1" ts="1528272623463" s="true" lb="HTTP Request" rc="200" rm="OK" tn="Client 1-496" dt="text" by="983" sby="150" ng="1" na="1"/>
<httpSample t="8" it="0" lt="8" ct="1" ts="1528272623663" s="true" lb="HTTP Request" rc="200" rm="OK" tn="Client 1-497" dt="text" by="983" sby="150" ng="1" na="1"/>
<httpSample t="9" it="0" lt="9" ct="0" ts="1528272623863" s="true" lb="HTTP Request" rc="200" rm="OK" tn="Client 1-498" dt="text" by="983" sby="150" ng="1" na="1"/>
<httpSample t="9" it="0" lt="9" ct="1" ts="1528272624063" s="true" lb="HTTP Request" rc="200" rm="OK" tn="Client 1-499" dt="text" by="983" sby="150" ng="1" na="1"/>
<httpSample t="9" it="0" lt="9" ct="1" ts="1528272624262" s="true" lb="HTTP Request" rc="200" rm="OK" tn="Client 1-500" dt="text" by="983" sby="150" ng="1" na="1"/>

<httpSample t="230" it="0" lt="230" ct="153" ts="1528272914531" s="true" lb="HTTP Request" rc="200" rm="OK" tn="Client 1-1" dt="text" by="983" sby="150" ng="2" na="2"/>
<httpSample t="9" it="0" lt="9" ct="1" ts="1528272914771" s="true" lb="HTTP Request" rc="200" rm="OK" tn="Client 1-3" dt="text" by="983" sby="150" ng="3" na="3"/>
<httpSample t="189" it="0" lt="187" ct="108" ts="1528272914570" s="true" lb="HTTP Request" rc="200" rm="OK" tn="Client 1-2" dt="text" by="983" sby="150" ng="2" na="2"/>
<httpSample t="10" it="0" lt="10" ct="2" ts="1528272914971" s="true" lb="HTTP Request" rc="200" rm="OK" tn="Client 1-4" dt="text" by="983" sby="150" ng="1" na="1"/>
<httpSample t="10" it="0" lt="9" ct="1" ts="1528272915174" s="true" lb="HTTP Request" rc="200" rm="OK" tn="Client 1-5" dt="text" by="983" sby="150" ng="1" na="1"/>
<httpSample t="8" it="0" lt="8" ct="1" ts="1528272915373" s="true" lb="HTTP Request" rc="200" rm="OK" tn="Client 1-6" dt="text" by="983" sby="150" ng="1" na="1"/>
<httpSample t="10" it="0" lt="9" ct="1" ts="1528272915574" s="true" lb="HTTP Request" rc="200" rm="OK" tn="Client 1-7" dt="text" by="983" sby="150" ng="1" na="1"/>
<httpSample t="9" it="0" lt="9" ct="1" ts="1528272915778" s="true" lb="HTTP Request" rc="200" rm="OK" tn="Client 1-8" dt="text" by="983" sby="150" ng="1" na="1"/>
<httpSample t="9" it="0" lt="9" ct="1" ts="1528272915975" s="true" lb="HTTP Request" rc="200" rm="OK" tn="Client 1-9" dt="text" by="983" sby="150" ng="1" na="1"/>
<httpSample t="9" it="0" lt="9" ct="1" ts="1528272916175" s="true" lb="HTTP Request" rc="200" rm="OK" tn="Client 1-10" dt="text" by="983" sby="150" ng="1" na="1"/>
<httpSample t="10" it="0" lt="10" ct="2" ts="1528272916379" s="true" lb="HTTP Request" rc="200" rm="OK" tn="Client 1-11" dt="text" by="983" sby="150" ng="1" na="1"/>
<httpSample t="10" it="0" lt="10" ct="1" ts="1528272916581" s="true" lb="HTTP Request" rc="200" rm="OK" tn="Client 1-12" dt="text" by="983" sby="150" ng="1" na="1"/>
<httpSample t="9" it="0" lt="8" ct="1" ts="1528272916777" s="true" lb="HTTP Request" rc="200" rm="OK" tn="Client 1-13" dt="text" by="983" sby="150" ng="1" na="1"/>
<httpSample t="10" it="0" lt="10" ct="1" ts="1528272916983" s="true" lb="HTTP Request" rc="200" rm="OK" tn="Client 1-14" dt="text" by="983" sby="150" ng="1" na="1"/>
<httpSample t="10" it="0" lt="9" ct="1" ts="1528272917181" s="true" lb="HTTP Request" rc="200" rm="OK" tn="Client 1-15" dt="text" by="983" sby="150" ng="1" na="1"/>
<httpSample t="10" it="0" lt="10" ct="1" ts="1528272917381" s="true" lb="HTTP Request" rc="200" rm="OK" tn="Client 1-16" dt="text" by="983" sby="150" ng="1" na="1"/>
<httpSample t="10" it="0" lt="10" ct="1" ts="1528272917584" s="true" lb="HTTP Request" rc="200" rm="OK" tn="Client 1-17" dt="text" by="983" sby="150" ng="1" na="1"/>
<httpSample t="9" it="0" lt="9" ct="1" ts="1528272917786" s="true" lb="HTTP Request" rc="200" rm="OK" tn="Client 1-18" dt="text" by="983" sby="150" ng="1" na="1"/>
<httpSample t="9" it="0" lt="9" ct="1" ts="1528272917988" s="true" lb="HTTP Request" rc="200" rm="OK" tn="Client 1-19" dt="text" by="983" sby="150" ng="1" na="1"/>
<httpSample t="10" it="0" lt="10" ct="1" ts="1528272918186" s="true" lb="HTTP Request" rc="200" rm="OK" tn="Client 1-20" dt="text" by="983" sby="150" ng="1" na="1"/>
<httpSample t="10" it="0" lt="10" ct="1" ts="1528272918390" s="true" lb="HTTP Request" rc="200" rm="OK" tn="Client 1-21" dt="text" by="983" sby="150" ng="1" na="1"/>
<httpSample t="10" it="0" lt="10" ct="1" ts="1528272918588" s="true" lb="HTTP Request" rc="200" rm="OK" tn="Client 1-22" dt="text" by="983" sby="150" ng="1" na="1"/>
<httpSample t="10" it="0" lt="10" ct="1" ts="1528272918787" s="true" lb="HTTP Request" rc="200" rm="OK" tn="Client 1-23" dt="text" by="983" sby="150" ng="1" na="1"/>
<httpSample t="9" it="0" lt="9" ct="1" ts="1528272918991" s="true" lb="HTTP Request" rc="200" rm="OK" tn="Client 1-24" dt="text" by="983" sby="150" ng="1" na="1"/>
<httpSample t="10" it="0" lt="9" ct="1" ts="1528272919192" s="true" lb="HTTP Request" rc="200" rm="OK" tn="Client 1-25" dt="text" by="983" sby="150" ng="1" na="1"/>
<httpSample t="10" it="0" lt="10" ct="1" ts="1528272919392" s="true" lb="HTTP Request" rc="200" rm="OK" tn="Client 1-26" dt="text" by="983" sby="150" ng="1" na="1"/>
<httpSample t="11" it="0" lt="10" ct="1" ts="1528272919592" s="true" lb="HTTP Request" rc="200" rm="OK" tn="Client 1-27" dt="text" by="983" sby="150" ng="1" na="1"/>
<httpSample t="9" it="0" lt="9" ct="1" ts="1528272919789" s="true" lb="HTTP Request" rc="200" rm="OK" tn="Client 1-28" dt="text" by="983" sby="150" ng="1" na="1"/>
<httpSample t="10" it="0" lt="10" ct="1" ts="1528272919992" s="true" lb="HTTP Request" rc="200" rm="OK" tn="Client 1-29" dt="text" by="983" sby="150" ng="1" na="1"/>
<httpSample t="10" it="0" lt="9" ct="1" ts="1528272920190" s="true" lb="HTTP Request" rc="200" rm="OK" tn="Client 1-30" dt="text" by="983" sby="150" ng="1" na="1"/>
<httpSample t="10" it="0" lt="10" ct="1" ts="1528272920391" s="true" lb="HTTP Request" rc="200" rm="OK" tn="Client 1-31" dt="text" by="983" sby="150" ng="1" na="1"/>
<httpSample t="10" it="0" lt="10" ct="1" ts="1528272920596" s="true" lb="HTTP Request" rc="200" rm="OK" tn="Client 1-32" dt="text" by="983" sby="150" ng="1" na="1"/>
<httpSample t="9" it="0" lt="9" ct="1" ts="1528272920794" s="true" lb="HTTP Request" rc="200" rm="OK" tn="Client 1-33" dt="text" by="983" sby="150" ng="1" na="1"/>
<httpSample t="10" it="0" lt="10" ct="1" ts="1528272920993" s="true" lb="HTTP Request" rc="200" rm="OK" tn="Client 1-34" dt="text" by="983" sby="150" ng="1" na="1"/>
<httpSample t="9" it="0" lt="9" ct="1" ts="1528272921197" s="true" lb="HTTP Request" rc="200" rm="OK" tn="Client 1-35" dt="text" by="983" sby="150" ng="1" na="1"/>
<httpSample t="10" it="0" lt="10" ct="1" ts="1528272921397" s="true" lb="HTTP Request" rc="200" rm="OK" tn="Client 1-36" dt="text" by="983" sby="150" ng="1" na="1"/>
<httpSample t="6" it="0" lt="6" ct="1" ts="1528272921595" s="true" lb="HTTP Request" rc="200" rm="OK" tn="Client 1-37" dt="text" by="983" sby="150" ng="1" na="1"/>
<httpSample t="9" it="0" lt="9" ct="1" ts="1528272921795" s="true" lb="HTTP Request" rc="200" rm="OK" tn="Client 1-38" dt="text" by="983" sby="150" ng="1" na="1"/>
<httpSample t="10" it="0" lt="10" ct="1" ts="1528272921995" s="true" lb="HTTP Request" rc="200" rm="OK" tn="Client 1-39" dt="text" by="983" sby="150" ng="1" na="1"/>
<httpSample t="8" it="0" lt="8" ct="1" ts="1528272922198" s="true" lb="HTTP Request" rc="200" rm="OK" tn="Client 1-40" dt="text" by="983" sby="150" ng="1" na="1"/>
<httpSample t="9" it="0" lt="9" ct="1" ts="1528272922396" s="true" lb="HTTP Request" rc="200" rm="OK" tn="Client 1-41" dt="text" by="983" sby="150" ng="1" na="1"/>
<httpSample t="11" it="0" lt="10" ct="1" ts="1528272922597" s="true" lb="HTTP Request" rc="200" rm="OK" tn="Client 1-42" dt="text" by="983" sby="150" ng="1" na="1"/>
<httpSample t="6" it="0" lt="6" ct="1" ts="1528272922795" s="true" lb="HTTP Request" rc="200" rm="OK" tn="Client 1-43" dt="text" by="983" sby="150" ng="1" na="1"/>
<httpSample t="10" it="0" lt="10" ct="1" ts="1528272922999" s="true" lb="HTTP Request" rc="200" rm="OK" tn="Client 1-44" dt="text" by="983" sby="150" ng="1" na="1"/>
<httpSample t="9" it="0" lt="9" ct="1" ts="1528272923200" s="true" lb="HTTP Request" rc="200" rm="OK" tn="Client 1-45" dt="text" by="983" sby="150" ng="1" na="1"/>
<httpSample t="10" it="0" lt="10" ct="2" ts="1528272923400" s="true" lb="HTTP Request" rc="200" rm="OK" tn="Client 1-46" dt="text" by="983" sby="150" ng="1" na="1"/>
<httpSample t="10" it="0" lt="10" ct="1" ts="1528272923604" s="true" lb="HTTP Request" rc="200" rm="OK" tn="Client 1-47" dt="text" by="983" sby="150" ng="1" na="1"/>
<httpSample t="9" it="0" lt="9" ct="1" ts="1528272923799" s="true" lb="HTTP Request" rc="200" rm="OK" tn="Client 1-48" dt="text" by="983" sby="150" ng="1" na="1"/>
<httpSample t="8" it="0" lt="8" ct="1" ts="1528272923998" s="true" lb="HTTP Request" rc="200" rm="OK" tn="Client 1-49" dt="text" by="983" sby="150" ng="1" na="1"/>
<httpSample t="9" it="0" lt="9" ct="1" ts="1528272924203" s="true" lb="HTTP Request" rc="200" rm="OK" tn="Client 1-50" dt="text" by="983" sby="150" ng="1" na="1"/>
<httpSample t="9" it="0" lt="9" ct="1" ts="1528272924404" s="true" lb="HTTP Request" rc="200" rm="OK" tn="Client 1-51" dt="text" by="983" sby="150" ng="1" na="1"/>
<httpSample t="10" it="0" lt="10" ct="2" ts="1528272924603" s="true" lb="HTTP Request" rc="200" rm="OK" tn="Client 1-52" dt="text" by="983" sby="150" ng="1" na="1"/>
<httpSample t="10" it="0" lt="9" ct="1" ts="1528272924803" s="true" lb="HTTP Request" rc="200" rm="OK" tn="Client 1-53" dt="text" by="983" sby="150" ng="1" na="1"/>
<httpSample t="9" it="0" lt="9" ct="1" ts="1528272925004" s="true" lb="HTTP Request" rc="200" rm="OK" tn="Client 1-54" dt="text" by="983" sby="150" ng="1" na="1"/>
<httpSample t="11" it="0" lt="10" ct="1" ts="1528272925206" s="true" lb="HTTP Request" rc="200" rm="OK" tn="Client 1-55" dt="text" by="983" sby="150" ng="1" na="1"/>
<httpSample t="10" it="0" lt="10" ct="1" ts="1528272925406" s="true" lb="HTTP Request" rc="200" rm="OK" tn="Client 1-56" dt="text" by="983" sby="150" ng="1" na="1"/>
<httpSample t="9" it="0" lt="9" ct="1" ts="1528272925603" s="true" lb="HTTP Request" rc="200" rm="OK" tn="Client 1-57" dt="text" by="983" sby="150" ng="1" na="1"/>
<httpSample t="9" it="0" lt="9" ct="1" ts="1528272925807" s="true" lb="HTTP Request" rc="200" rm="OK" tn="Client 1-58" dt="text" by="983" sby="150" ng="1" na="1"/>
<httpSample t="9" it="0" lt="9" ct="1" ts="1528272926005" s="true" lb="HTTP Request" rc="200" rm="OK" tn="Client 1-59" dt="text" by="983" sby="150" ng="1" na="1"/>
<httpSample t="9" it="0" lt="9" ct="0" ts="1528272926207" s="true" lb="HTTP Request" rc="200" rm="OK" tn="Client 1-60" dt="text" by="983" sby="150" ng="1" na="1"/>
<httpSample t="9" it="0" lt="9" ct="1" ts="1528272926408" s="true" lb="HTTP Request" rc="200" rm="OK" tn="Client 1-61" dt="text" by="983" sby="150" ng="1" na="1"/>
<httpSample t="9" it="0" lt="8" ct="0" ts="1528272926611" s="true" lb="HTTP Request" rc="200" rm="OK" tn="Client 1-62" dt="text" by="983" sby="150" ng="1" na="1"/>
<httpSample t="8" it="0" lt="8" ct="1" ts="1528272926815" s="true" lb="HTTP Request" rc="200" rm="OK" tn="Client 1-63" dt="text" by="983" sby="150" ng="1" na="1"/>
<httpSample t="10" it="0" lt="10" ct="2" ts="1528272927011" s="true" lb="HTTP Request" rc="200" rm="OK" tn="Client 1-64" dt="text" by="983" sby="150" ng="1" na="1"/>
<httpSample t="8" it="0" lt="8" ct="1" ts="1528272927212" s="true" lb="HTTP Request" rc="200" rm="OK" tn="Client 1-65" dt="text" by="983" sby="150" ng="1" na="1"/>
<httpSample t="9" it="0" lt="9" ct="1" ts="1528272927414" s="true" lb="HTTP Request" rc="200" rm="OK" tn="Client 1-66" dt="text" by="983" sby="150" ng="1" na="1"/>
<httpSample t="10" it="0" lt="10" ct="1" ts="1528272927612" s="true" lb="HTTP Request" rc="200" rm="OK" tn="Client 1-67" dt="text" by="983" sby="150" ng="1" na="1"/>
<httpSample t="10" it="0" lt="10" ct="1" ts="1528272927815" s="true" lb="HTTP Request" rc="200" rm="OK" tn="Client 1-68" dt="text" by="983" sby="150" ng="1" na="1"/>
<httpSample t="9" it="0" lt="9" ct="1" ts="1528272928016" s="true" lb="HTTP Request" rc="200" rm="OK" tn="Client 1-69" dt="text" by="983" sby="150" ng="1" na="1"/>
<httpSample t="11" it="0" lt="11" ct="2" ts="1528272928216" s="true" lb="HTTP Request" rc="200" rm="OK" tn="Client 1-70" dt="text" by="983" sby="150" ng="1" na="1"/>
<httpSample t="10" it="0" lt="10" ct="1" ts="1528272928418" s="true" lb="HTTP Request" rc="200" rm="OK" tn="Client 1-71" dt="text" by="983" sby="150" ng="1" na="1"/>
<httpSample t="10" it="0" lt="10" ct="1" ts="1528272928613" s="true" lb="HTTP Request" rc="200" rm="OK" tn="Client 1-72" dt="text" by="983" sby="150" ng="1" na="1"/>
<httpSample t="9" it="0" lt="9" ct="1" ts="1528272928816" s="true" lb="HTTP Request" rc="200" rm="OK" tn="Client 1-73" dt="text" by="983" sby="150" ng="1" na="1"/>
<httpSample t="10" it="0" lt="10" ct="1" ts="1528272929014" s="true" lb="HTTP Request" rc="200" rm="OK" tn="Client 1-74" dt="text" by="983" sby="150" ng="1" na="1"/>
<httpSample t="11" it="0" lt="11" ct="1" ts="1528272929216" s="true" lb="HTTP Request" rc="200" rm="OK" tn="Client 1-75" dt="text" by="983" sby="150" ng="1" na="1"/>
<httpSample t="9" it="0" lt="9" ct="1" ts="1528272929419" s="true" lb="HTTP Request" rc="200" rm="OK" tn="Client 1-76" dt="text" by="983" sby="150" ng="1" na="1"/>
<httpSample t="10" it="0" lt="10" ct="2" ts="1528272929617" s="true" lb="HTTP Request" rc="200" rm="OK" tn="Client 1-77" dt="text" by="983" sby="150" ng="1" na="1"/>
<httpSample t="10" it="0" lt="9" ct="1" ts="1528272929817" s="true" lb="HTTP Request" rc="200" rm="OK" tn="Client 1-78" dt="text" by="983" sby="150" ng="1" na="1"/>
<httpSample t="10" it="0" lt="10" ct="2" ts="1528272930018" s="true" lb="HTTP Request" rc="200" rm="OK" tn="Client 1-79" dt="text" by="983" sby="150" ng="1" na="1"/>
<httpSample t="8" it="0" lt="8" ct="1" ts="1528272930216" s="true" lb="HTTP Request" rc="200" rm="OK" tn="Client 1-80" dt="text" by="983" sby="150" ng="1" na="1"/>
<httpSample t="10" it="0" lt="10" ct="1" ts="1528272930416" s="true" lb="HTTP Request" rc="200" rm="OK" tn="Client 1-81" dt="text" by="983" sby="150" ng="1" na="1"/>
<httpSample t="9" it="0" lt="9" ct="1" ts="1528272930616" s="true" lb="HTTP Request" rc="200" rm="OK" tn="Client 1-82" dt="text" by="983" sby="150" ng="1" na="1"/>
<httpSample t="11" it="0" lt="11" ct="2" ts="1528272930818" s="true" lb="HTTP Request" rc="200" rm="OK" tn="Client 1-83" dt="text" by="983" sby="150" ng="1" na="1"/>
<httpSample t="10" it="0" lt="10" ct="1" ts="1528272931021" s="true" lb="HTTP Request" rc="200" rm="OK" tn="Client 1-84" dt="text" by="983" sby="150" ng="1" na="1"/>
<httpSample t="9" it="0" lt="9" ct="1" ts="1528272931219" s="true" lb="HTTP Request" rc="200" rm="OK" tn="Client 1-85" dt="text" by="983" sby="150" ng="1" na="1"/>
<httpSample t="9" it="0" lt="9" ct="1" ts="1528272931421" s="true" lb="HTTP Request" rc="200" rm="OK" tn="Client 1-86" dt="text" by="983" sby="150" ng="1" na="1"/>
<httpSample t="8" it="0" lt="8" ct="1" ts="1528272931622" s="true" lb="HTTP Request" rc="200" rm="OK" tn="Client 1-87" dt="text" by="983" sby="150" ng="1" na="1"/>
<httpSample t="9" it="0" lt="9" ct="1" ts="1528272931820" s="true" lb="HTTP Request" rc="200" rm="OK" tn="Client 1-88" dt="text" by="983" sby="150" ng="1" na="1"/>
<httpSample t="9" it="0" lt="9" ct="1" ts="1528272932023" s="true" lb="HTTP Request" rc="200" rm="OK" tn="Client 1-89" dt="text" by="983" sby="150" ng="1" na="1"/>
<httpSample t="9" it="0" lt="9" ct="1" ts="1528272932218" s="true" lb="HTTP Request" rc="200" rm="OK" tn="Client 1-90" dt="text" by="983" sby="150" ng="1" na="1"/>
<httpSample t="9" it="0" lt="9" ct="1" ts="1528272932422" s="true" lb="HTTP Request" rc="200" rm="OK" tn="Client 1-91" dt="text" by="983" sby="150" ng="1" na="1"/>
<httpSample t="8" it="0" lt="8" ct="1" ts="1528272932618" s="true" lb="HTTP Request" rc="200" rm="OK" tn="Client 1-92" dt="text" by="983" sby="150" ng="1" na="1"/>
<httpSample t="10" it="0" lt="10" ct="1" ts="1528272932821" s="true" lb="HTTP Request" rc="200" rm="OK" tn="Client 1-93" dt="text" by="983" sby="150" ng="1" na="1"/>
<httpSample t="9" it="0" lt="9" ct="1" ts="1528272933024" s="true" lb="HTTP Request" rc="200" rm="OK" tn="Client 1-94" dt="text" by="983" sby="150" ng="1" na="1"/>
<httpSample t="10" it="0" lt="9" ct="1" ts="1528272933218" s="true" lb="HTTP Request" rc="200" rm="OK" tn="Client 1-95" dt="text" by="983" sby="150" ng="1" na="1"/>
<httpSample t="10" it="0" lt="9" ct="1" ts="1528272933425" s="true" lb="HTTP Request" rc="200" rm="OK" tn="Client 1-96" dt="text" by="983" sby="150" ng="1" na="1"/>
<httpSample t="9" it="0" lt="9" ct="1" ts="1528272933622" s="true" lb="HTTP Request" rc="200" rm="OK" tn="Client 1-97" dt="text" by="983" sby="150" ng="1" na="1"/>
<httpSample t="8" it="0" lt="8" ct="1" ts="1528272933824" s="true" lb="HTTP Request" rc="200" rm="OK" tn="Client 1-98" dt="text" by="983" sby="150" ng="1" na="1"/>
<httpSample t="9" it="0" lt="9" ct="1" ts="1528272934026" s="true" lb="HTTP Request" rc="200" rm="OK" tn="Client 1-99" dt="text" by="983" sby="150" ng="1" na="1"/>
<httpSample t="8" it="0" lt="8" ct="1" ts="1528272934223" s="true" lb="HTTP Request" rc="200" rm="OK" tn="Client 1-100" dt="text" by="983" sby="150" ng="1" na="1"/>
<httpSample t="9" it="0" lt="9" ct="1" ts="1528272934425" s="true" lb="HTTP Request" rc="200" rm="OK" tn="Client 1-101" dt="text" by="983" sby="150" ng="1" na="1"/>
<httpSample t="8" it="0" lt="8" ct="1" ts="1528272934624" s="true" lb="HTTP Request" rc="200" rm="OK" tn="Client 1-102" dt="text" by="983" sby="150" ng="1" na="1"/>
<httpSample t="10" it="0" lt="10" ct="1" ts="1528272934831" s="true" lb="HTTP Request" rc="200" rm="OK" tn="Client 1-103" dt="text" by="983" sby="150" ng="1" na="1"/>
<httpSample t="9" it="0" lt="9" ct="1" ts="1528272935027" s="true" lb="HTTP Request" rc="200" rm="OK" tn="Client 1-104" dt="text" by="983" sby="150" ng="1" na="1"/>
<httpSample t="11" it="0" lt="11" ct="2" ts="1528272935229" s="true" lb="HTTP Request" rc="200" rm="OK" tn="Client 1-105" dt="text" by="983" sby="150" ng="1" na="1"/>
<httpSample t="9" it="0" lt="9" ct="1" ts="1528272935426" s="true" lb="HTTP Request" rc="200" rm="OK" tn="Client 1-106" dt="text" by="983" sby="150" ng="1" na="1"/>
<httpSample t="8" it="0" lt="8" ct="0" ts="1528272935626" s="true" lb="HTTP Request" rc="200" rm="OK" tn="Client 1-107" dt="text" by="983" sby="150" ng="1" na="1"/>
<httpSample t="9" it="0" lt="9" ct="1" ts="1528272935832" s="true" lb="HTTP Request" rc="200" rm="OK" tn="Client 1-108" dt="text" by="983" sby="150" ng="1" na="1"/>
<httpSample t="6" it="0" lt="6" ct="0" ts="1528272936032" s="true" lb="HTTP Request" rc="200" rm="OK" tn="Client 1-109" dt="text" by="983" sby="150" ng="1" na="1"/>
<httpSample t="10" it="0" lt="9" ct="1" ts="1528272936234" s="true" lb="HTTP Request" rc="200" rm="OK" tn="Client 1-110" dt="text" by="983" sby="150" ng="1" na="1"/>
<httpSample t="10" it="0" lt="10" ct="1" ts="1528272936434" s="true" lb="HTTP Request" rc="200" rm="OK" tn="Client 1-111" dt="text" by="983" sby="150" ng="1" na="1"/>
<httpSample t="7" it="0" lt="7" ct="0" ts="1528272936637" s="true" lb="HTTP Request" rc="200" rm="OK" tn="Client 1-112" dt="text" by="983" sby="150" ng="1" na="1"/>
<httpSample t="8" it="0" lt="8" ct="1" ts="1528272936838" s="true" lb="HTTP Request" rc="200" rm="OK" tn="Client 1-113" dt="text" by="983" sby="150" ng="1" na="1"/>
<httpSample t="8" it="0" lt="8" ct="1" ts="1528272937038" s="true" lb="HTTP Request" rc="200" rm="OK" tn="Client 1-114" dt="text" by="983" sby="150" ng="1" na="1"/>
<httpSample t="9" it="0" lt="9" ct="1" ts="1528272937240" s="true" lb="HTTP Request" rc="200" rm="OK" tn="Client 1-115" dt="text" by="983" sby="150" ng="1" na="1"/>
<httpSample t="9" it="0" lt="9" ct="1" ts="1528272937437" s="true" lb="HTTP Request" rc="200" rm="OK" tn="Client 1-116" dt="text" by="983" sby="150" ng="1" na="1"/>
<httpSample t="9" it="0" lt="9" ct="1" ts="1528272937639" s="true" lb="HTTP Request" rc="200" rm="OK" tn="Client 1-117" dt="text" by="983" sby="150" ng="1" na="1"/>
<httpSample t="8" it="0" lt="8" ct="1" ts="1528272937842" s="true" lb="HTTP Request" rc="200" rm="OK" tn="Client 1-118" dt="text" by="983" sby="150" ng="1" na="1"/>
<httpSample t="10" it="0" lt="9" ct="1" ts="1528272938041" s="true" lb="HTTP Request" rc="200" rm="OK" tn="Client 1-119" dt="text" by="983" sby="150" ng="1" na="1"/>
<httpSample t="9" it="0" lt="9" ct="1" ts="1528272938242" s="true" lb="HTTP Request" rc="200" rm="OK" tn="Client 1-120" dt="text" by="983" sby="150" ng="1" na="1"/>
<httpSample t="9" it="0" lt="8" ct="1" ts="1528272938441" s="true" lb="HTTP Request" rc="200" rm="OK" tn="Client 1-121" dt="text" by="983" sby="150" ng="1" na="1"/>
<httpSample t="10" it="0" lt="10" ct="1" ts="1528272938645" s="true" lb="HTTP Request" rc="200" rm="OK" tn="Client 1-122" dt="text" by="983" sby="150" ng="1" na="1"/>
<httpSample t="8" it="0" lt="8" ct="1" ts="1528272938844" s="true" lb="HTTP Request" rc="200" rm="OK" tn="Client 1-123" dt="text" by="983" sby="150" ng="1" na="1"/>
<httpSample t="9" it="0" lt="9" ct="1" ts="1528272939046" s="true" lb="HTTP Request" rc="200" rm="OK" tn="Client 1-124" dt="text" by="983" sby="150" ng="1" na="1"/>
<httpSample t="9" it="0" lt="9" ct="2" ts="1528272939250" s="true" lb="HTTP Request" rc="200" rm="OK" tn="Client 1-125" dt="text" by="983" sby="150" ng="1" na="1"/>
<httpSample t="9" it="0" lt="9" ct="1" ts="1528272939452" s="true" lb="HTTP Request" rc="200" rm="OK" tn="Client 1-126" dt="text" by="983" sby="150" ng="1" na="1"/>
<httpSample t="9" it="0" lt="9" ct="2" ts="1528272939648" s="true" lb="HTTP Request" rc="200" rm="OK" tn="Client 1-127" dt="text" by="983" sby="150" ng="1" na="1"/>
<httpSample t="11" it="0" lt="10" ct="2" ts="1528272939853" s="true" lb="HTTP Request" rc="200" rm="OK" tn="Client 1-128" dt="text" by="983" sby="150" ng="1" na="1"/>
<httpSample t="10" it="0" lt="10" ct="1" ts="1528272940055" s="true" lb="HTTP Request" rc="200" rm="OK" tn="Client 1-129" dt="text" by="983" sby="150" ng="1" na="1"/>
<httpSample t="9" it="0" lt="9" ct="1" ts="1528272940257" s="true" lb="HTTP Request" rc="200" rm="OK" tn="Client 1-130" dt="text" by="983" sby="150" ng="1" na="1"/>
<httpSample t="9" it="0" lt="9" ct="1" ts="1528272940460" s="true" lb="HTTP Request" rc="200" rm="OK" tn="Client 1-131" dt="text" by="983" sby="150" ng="1" na="1"/>
<httpSample t="9" it="0" lt="9" ct="1" ts="1528272940660" s="true" lb="HTTP Request" rc="200" rm="OK" tn="Client 1-132" dt="text" by="983" sby="150" ng="1" na="1"/>
<httpSample t="5" it="0" lt="5" ct="0" ts="1528272940868" s="true" lb="HTTP Request" rc="200" rm="OK" tn="Client 1-133" dt="text" by="983" sby="150" ng="1" na="1"/>
<httpSample t="8" it="0" lt="8" ct="1" ts="1528272941070" s="true" lb="HTTP Request" rc="200" rm="OK" tn="Client 1-134" dt="text" by="983" sby="150" ng="1" na="1"/>
<httpSample t="7" it="0" lt="7" ct="1" ts="1528272941279" s="true" lb="HTTP Request" rc="200" rm="OK" tn="Client 1-135" dt="text" by="983" sby="150" ng="1" na="1"/>
<httpSample t="10" it="0" lt="10" ct="1" ts="1528272941475" s="true" lb="HTTP Request" rc="200" rm="OK" tn="Client 1-136" dt="text" by="983" sby="150" ng="1" na="1"/>
<httpSample t="10" it="0" lt="10" ct="1" ts="1528272941682" s="true" lb="HTTP Request" rc="200" rm="OK" tn="Client 1-137" dt="text" by="983" sby="150" ng="1" na="1"/>
<httpSample t="8" it="0" lt="8" ct="0" ts="1528272941881" s="true" lb="HTTP Request" rc="200" rm="OK" tn="Client 1-138" dt="text" by="983" sby="150" ng="1" na="1"/>
<httpSample t="9" it="0" lt="9" ct="1" ts="1528272942083" s="true" lb="HTTP Request" rc="200" rm="OK" tn="Client 1-139" dt="text" by="983" sby="150" ng="1" na="1"/>
<httpSample t="10" it="0" lt="9" ct="1" ts="1528272942283" s="true" lb="HTTP Request" rc="200" rm="OK" tn="Client 1-140" dt="text" by="983" sby="150" ng="1" na="1"/>
<httpSample t="6" it="0" lt="6" ct="1" ts="1528272942485" s="true" lb="HTTP Request" rc="200" rm="OK" tn="Client 1-141" dt="text" by="983" sby="150" ng="1" na="1"/>
<httpSample t="7" it="0" lt="7" ct="0" ts="1528272942689" s="true" lb="HTTP Request" rc="200" rm="OK" tn="Client 1-142" dt="text" by="983" sby="150" ng="1" na="1"/>
<httpSample t="15" it="0" lt="15" ct="2" ts="1528272942884" s="true" lb="HTTP Request" rc="200" rm="OK" tn="Client 1-143" dt="text" by="983" sby="150" ng="1" na="1"/>
<httpSample t="9" it="0" lt="9" ct="1" ts="1528272943084" s="true" lb="HTTP Request" rc="200" rm="OK" tn="Client 1-144" dt="text" by="983" sby="150" ng="1" na="1"/>
<httpSample t="8" it="0" lt="8" ct="1" ts="1528272943288" s="true" lb="HTTP Request" rc="200" rm="OK" tn="Client 1-145" dt="text" by="983" sby="150" ng="1" na="1"/>
<httpSample t="6" it="0" lt="6" ct="0" ts="1528272943488" s="true" lb="HTTP Request" rc="200" rm="OK" tn="Client 1-146" dt="text" by="983" sby="150" ng="1" na="1"/>
<httpSample t="10" it="0" lt="10" ct="2" ts="1528272943690" s="true" lb="HTTP Request" rc="200" rm="OK" tn="Client 1-147" dt="text" by="983" sby="150" ng="1" na="1"/>
<httpSample t="16" it="0" lt="16" ct="1" ts="1528272943889" s="true" lb="HTTP Request" rc="200" rm="OK" tn="Client 1-148" dt="text" by="983" sby="150" ng="1" na="1"/>
<httpSample t="9" it="0" lt="9" ct="1" ts="1528272944090" s="true" lb="HTTP Request" rc="200" rm="OK" tn="Client 1-149" dt="text" by="983" sby="150" ng="1" na="1"/>
<httpSample t="7" it="0" lt="7" ct="1" ts="1528272944292" s="true" lb="HTTP Request" rc="200" rm="OK" tn="Client 1-150" dt="text" by="983" sby="150" ng="1" na="1"/>
<httpSample t="7" it="0" lt="7" ct="1" ts="1528272944489" s="true" lb="HTTP Request" rc="200" rm="OK" tn="Client 1-151" dt="text" by="983" sby="150" ng="1" na="1"/>
<httpSample t="7" it="0" lt="7" ct="1" ts="1528272944690" s="true" lb="HTTP Request" rc="200" rm="OK" tn="Client 1-152" dt="text" by="983" sby="150" ng="1" na="1"/>
<httpSample t="6" it="0" lt="6" ct="0" ts="1528272944892" s="true" lb="HTTP Request" rc="200" rm="OK" tn="Client 1-153" dt="text" by="983" sby="150" ng="1" na="1"/>
<httpSample t="6" it="0" lt="6" ct="0" ts="1528272945089" s="true" lb="HTTP Request" rc="200" rm="OK" tn="Client 1-154" dt="text" by="983" sby="150" ng="1" na="1"/>
<httpSample t="10" it="0" lt="9" ct="1" ts="1528272945289" s="true" lb="HTTP Request" rc="200" rm="OK" tn="Client 1-155" dt="text" by="983" sby="150" ng="1" na="1"/>
<httpSample t="7" it="0" lt="7" ct="1" ts="1528272945489" s="true" lb="HTTP Request" rc="200" rm="OK" tn="Client 1-156" dt="text" by="983" sby="150" ng="1" na="1"/>
<httpSample t="8" it="0" lt="8" ct="1" ts="1528272945692" s="true" lb="HTTP Request" rc="200" rm="OK" tn="Client 1-157" dt="text" by="983" sby="150" ng="1" na="1"/>
<httpSample t="9" it="0" lt="9" ct="1" ts="1528272945892" s="true" lb="HTTP Request" rc="200" rm="OK" tn="Client 1-158" dt="text" by="983" sby="150" ng="1" na="1"/>
<httpSample t="7" it="0" lt="7" ct="1" ts="1528272946089" s="true" lb="HTTP Request" rc="200" rm="OK" tn="Client 1-159" dt="text" by="983" sby="150" ng="1" na="1"/>
<httpSample t="9" it="0" lt="9" ct="1" ts="1528272946290" s="true" lb="HTTP Request" rc="200" rm="OK" tn="Client 1-160" dt="text" by="983" sby="150" ng="1" na="1"/>
<httpSample t="9" it="0" lt="9" ct="1" ts="1528272946490" s="true" lb="HTTP Request" rc="200" rm="OK" tn="Client 1-161" dt="text" by="983" sby="150" ng="1" na="1"/>
<httpSample t="6" it="0" lt="6" ct="1" ts="1528272946694" s="true" lb="HTTP Request" rc="200" rm="OK" tn="Client 1-162" dt="text" by="983" sby="150" ng="1" na="1"/>
<httpSample t="7" it="0" lt="7" ct="1" ts="1528272946891" s="true" lb="HTTP Request" rc="200" rm="OK" tn="Client 1-163" dt="text" by="983" sby="150" ng="1" na="1"/>
<httpSample t="8" it="0" lt="8" ct="1" ts="1528272947091" s="true" lb="HTTP Request" rc="200" rm="OK" tn="Client 1-164" dt="text" by="983" sby="150" ng="1" na="1"/>
<httpSample t="8" it="0" lt="8" ct="1" ts="1528272947292" s="true" lb="HTTP Request" rc="200" rm="OK" tn="Client 1-165" dt="text" by="983" sby="150" ng="1" na="1"/>
<httpSample t="7" it="0" lt="6" ct="1" ts="1528272947494" s="true" lb="HTTP Request" rc="200" rm="OK" tn="Client 1-166" dt="text" by="983" sby="150" ng="1" na="1"/>
<httpSample t="10" it="0" lt="10" ct="2" ts="1528272947695" s="true" lb="HTTP Request" rc="200" rm="OK" tn="Client 1-167" dt="text" by="983" sby="150" ng="1" na="1"/>
<httpSample t="9" it="0" lt="9" ct="1" ts="1528272947895" s="true" lb="HTTP Request" rc="200" rm="OK" tn="Client 1-168" dt="text" by="983" sby="150" ng="1" na="1"/>
<httpSample t="9" it="0" lt="9" ct="1" ts="1528272948095" s="true" lb="HTTP Request" rc="200" rm="OK" tn="Client 1-169" dt="text" by="983" sby="150" ng="1" na="1"/>
<httpSample t="7" it="0" lt="7" ct="0" ts="1528272948294" s="true" lb="HTTP Request" rc="200" rm="OK" tn="Client 1-170" dt="text" by="983" sby="150" ng="1" na="1"/>
<httpSample t="8" it="0" lt="7" ct="1" ts="1528272948494" s="true" lb="HTTP Request" rc="200" rm="OK" tn="Client 1-171" dt="text" by="983" sby="150" ng="1" na="1"/>
<httpSample t="9" it="0" lt="9" ct="1" ts="1528272948697" s="true" lb="HTTP Request" rc="200" rm="OK" tn="Client 1-172" dt="text" by="983" sby="150" ng="1" na="1"/>
<httpSample t="7" it="0" lt="7" ct="1" ts="1528272948894" s="true" lb="HTTP Request" rc="200" rm="OK" tn="Client 1-173" dt="text" by="983" sby="150" ng="1" na="1"/>
<httpSample t="9" it="0" lt="9" ct="2" ts="1528272949098" s="true" lb="HTTP Request" rc="200" rm="OK" tn="Client 1-174" dt="text" by="983" sby="150" ng="1" na="1"/>
<httpSample t="10" it="0" lt="10" ct="2" ts="1528272949297" s="true" lb="HTTP Request" rc="200" rm="OK" tn="Client 1-175" dt="text" by="983" sby="150" ng="1" na="1"/>
<httpSample t="10" it="0" lt="10" ct="2" ts="1528272949497" s="true" lb="HTTP Request" rc="200" rm="OK" tn="Client 1-176" dt="text" by="983" sby="150" ng="1" na="1"/>
<httpSample t="10" it="0" lt="9" ct="2" ts="1528272949698" s="true" lb="HTTP Request" rc="200" rm="OK" tn="Client 1-177" dt="text" by="983" sby="150" ng="1" na="1"/>
<httpSample t="7" it="0" lt="7" ct="1" ts="1528272949897" s="true" lb="HTTP Request" rc="200" rm="OK" tn="Client 1-178" dt="text" by="983" sby="150" ng="1" na="1"/>
<httpSample t="9" it="0" lt="8" ct="1" ts="1528272950097" s="true" lb="HTTP Request" rc="200" rm="OK" tn="Client 1-179" dt="text" by="983" sby="150" ng="1" na="1"/>
<httpSample t="7" it="0" lt="7" ct="1" ts="1528272950298" s="true" lb="HTTP Request" rc="200" rm="OK" tn="Client 1-180" dt="text" by="983" sby="150" ng="1" na="1"/>
<httpSample t="7" it="0" lt="7" ct="1" ts="1528272950498" s="true" lb="HTTP Request" rc="200" rm="OK" tn="Client 1-181" dt="text" by="983" sby="150" ng="1" na="1"/>
<httpSample t="7" it="0" lt="6" ct="1" ts="1528272950699" s="true" lb="HTTP Request" rc="200" rm="OK" tn="Client 1-182" dt="text" by="983" sby="150" ng="1" na="1"/>
<httpSample t="11" it="0" lt="11" ct="1" ts="1528272950899" s="true" lb="HTTP Request" rc="200" rm="OK" tn="Client 1-183" dt="text" by="983" sby="150" ng="1" na="1"/>
<httpSample t="13" it="0" lt="12" ct="2" ts="1528272951101" s="true" lb="HTTP Request" rc="200" rm="OK" tn="Client 1-184" dt="text" by="983" sby="150" ng="1" na="1"/>
<httpSample t="10" it="0" lt="10" ct="1" ts="1528272951301" s="true" lb="HTTP Request" rc="200" rm="OK" tn="Client 1-185" dt="text" by="983" sby="150" ng="1" na="1"/>
<httpSample t="7" it="0" lt="7" ct="1" ts="1528272951501" s="true" lb="HTTP Request" rc="200" rm="OK" tn="Client 1-186" dt="text" by="983" sby="150" ng="1" na="1"/>
<httpSample t="10" it="0" lt="10" ct="1" ts="1528272951701" s="true" lb="HTTP Request" rc="200" rm="OK" tn="Client 1-187" dt="text" by="983" sby="150" ng="1" na="1"/>
<httpSample t="9" it="0" lt="9" ct="1" ts="1528272951904" s="true" lb="HTTP Request" rc="200" rm="OK" tn="Client 1-188" dt="text" by="983" sby="150" ng="1" na="1"/>
<httpSample t="9" it="0" lt="9" ct="1" ts="1528272952098" s="true" lb="HTTP Request" rc="200" rm="OK" tn="Client 1-189" dt="text" by="983" sby="150" ng="1" na="1"/>
<httpSample t="9" it="0" lt="9" ct="1" ts="1528272952300" s="true" lb="HTTP Request" rc="200" rm="OK" tn="Client 1-190" dt="text" by="983" sby="150" ng="1" na="1"/>
<httpSample t="10" it="0" lt="10" ct="1" ts="1528272952503" s="true" lb="HTTP Request" rc="200" rm="OK" tn="Client 1-191" dt="text" by="983" sby="150" ng="1" na="1"/>
<httpSample t="9" it="0" lt="9" ct="1" ts="1528272952702" s="true" lb="HTTP Request" rc="200" rm="OK" tn="Client 1-192" dt="text" by="983" sby="150" ng="1" na="1"/>
<httpSample t="9" it="0" lt="9" ct="1" ts="1528272952905" s="true" lb="HTTP Request" rc="200" rm="OK" tn="Client 1-193" dt="text" by="983" sby="150" ng="1" na="1"/>
<httpSample t="13" it="0" lt="12" ct="1" ts="1528272953105" s="true" lb="HTTP Request" rc="200" rm="OK" tn="Client 1-194" dt="text" by="983" sby="150" ng="1" na="1"/>
<httpSample t="6" it="0" lt="6" ct="1" ts="1528272953301" s="true" lb="HTTP Request" rc="200" rm="OK" tn="Client 1-195" dt="text" by="983" sby="150" ng="1" na="1"/>
<httpSample t="9" it="0" lt="9" ct="1" ts="1528272953500" s="true" lb="HTTP Request" rc="200" rm="OK" tn="Client 1-196" dt="text" by="983" sby="150" ng="1" na="1"/>
<httpSample t="6" it="0" lt="6" ct="1" ts="1528272953703" s="true" lb="HTTP Request" rc="200" rm="OK" tn="Client 1-197" dt="text" by="983" sby="150" ng="1" na="1"/>
<httpSample t="9" it="0" lt="9" ct="1" ts="1528272953907" s="true" lb="HTTP Request" rc="200" rm="OK" tn="Client 1-198" dt="text" by="983" sby="150" ng="1" na="1"/>
<httpSample t="10" it="0" lt="10" ct="1" ts="1528272954106" s="true" lb="HTTP Request" rc="200" rm="OK" tn="Client 1-199" dt="text" by="983" sby="150" ng="1" na="1"/>
<httpSample t="9" it="0" lt="9" ct="1" ts="1528272954305" s="true" lb="HTTP Request" rc="200" rm="OK" tn="Client 1-200" dt="text" by="983" sby="150" ng="1" na="1"/>
<httpSample t="7" it="0" lt="7" ct="1" ts="1528272954504" s="true" lb="HTTP Request" rc="200" rm="OK" tn="Client 1-201" dt="text" by="983" sby="150" ng="1" na="1"/>
<httpSample t="10" it="0" lt="10" ct="1" ts="1528272954706" s="true" lb="HTTP Request" rc="200" rm="OK" tn="Client 1-202" dt="text" by="983" sby="150" ng="1" na="1"/>
<httpSample t="9" it="0" lt="9" ct="1" ts="1528272954906" s="true" lb="HTTP Request" rc="200" rm="OK" tn="Client 1-203" dt="text" by="983" sby="150" ng="1" na="1"/>
<httpSample t="8" it="0" lt="8" ct="1" ts="1528272955107" s="true" lb="HTTP Request" rc="200" rm="OK" tn="Client 1-204" dt="text" by="983" sby="150" ng="1" na="1"/>
<httpSample t="9" it="0" lt="9" ct="1" ts="1528272955307" s="true" lb="HTTP Request" rc="200" rm="OK" tn="Client 1-205" dt="text" by="983" sby="150" ng="1" na="1"/>
<httpSample t="12" it="0" lt="11" ct="0" ts="1528272955509" s="true" lb="HTTP Request" rc="200" rm="OK" tn="Client 1-206" dt="text" by="983" sby="150" ng="1" na="1"/>
<httpSample t="8" it="0" lt="8" ct="1" ts="1528272955710" s="true" lb="HTTP Request" rc="200" rm="OK" tn="Client 1-207" dt="text" by="983" sby="150" ng="1" na="1"/>
<httpSample t="8" it="0" lt="7" ct="1" ts="1528272955910" s="true" lb="HTTP Request" rc="200" rm="OK" tn="Client 1-208" dt="text" by="983" sby="150" ng="1" na="1"/>
<httpSample t="10" it="0" lt="10" ct="1" ts="1528272956110" s="true" lb="HTTP Request" rc="200" rm="OK" tn="Client 1-209" dt="text" by="983" sby="150" ng="1" na="1"/>
<httpSample t="10" it="0" lt="10" ct="1" ts="1528272956307" s="true" lb="HTTP Request" rc="200" rm="OK" tn="Client 1-210" dt="text" by="983" sby="150" ng="1" na="1"/>
<httpSample t="8" it="0" lt="7" ct="1" ts="1528272956509" s="true" lb="HTTP Request" rc="200" rm="OK" tn="Client 1-211" dt="text" by="983" sby="150" ng="1" na="1"/>
<httpSample t="8" it="0" lt="8" ct="1" ts="1528272956712" s="true" lb="HTTP Request" rc="200" rm="OK" tn="Client 1-212" dt="text" by="983" sby="150" ng="1" na="1"/>
<httpSample t="10" it="0" lt="10" ct="1" ts="1528272956913" s="true" lb="HTTP Request" rc="200" rm="OK" tn="Client 1-213" dt="text" by="983" sby="150" ng="1" na="1"/>
<httpSample t="8" it="0" lt="8" ct="1" ts="1528272957109" s="true" lb="HTTP Request" rc="200" rm="OK" tn="Client 1-214" dt="text" by="983" sby="150" ng="1" na="1"/>
<httpSample t="9" it="0" lt="8" ct="1" ts="1528272957313" s="true" lb="HTTP Request" rc="200" rm="OK" tn="Client 1-215" dt="text" by="983" sby="150" ng="1" na="1"/>
<httpSample t="10" it="0" lt="10" ct="2" ts="1528272957511" s="true" lb="HTTP Request" rc="200" rm="OK" tn="Client 1-216" dt="text" by="983" sby="150" ng="1" na="1"/>
<httpSample t="10" it="0" lt="9" ct="1" ts="1528272957713" s="true" lb="HTTP Request" rc="200" rm="OK" tn="Client 1-217" dt="text" by="983" sby="150" ng="1" na="1"/>
<httpSample t="7" it="0" lt="7" ct="1" ts="1528272957910" s="true" lb="HTTP Request" rc="200" rm="OK" tn="Client 1-218" dt="text" by="983" sby="150" ng="1" na="1"/>
<httpSample t="7" it="0" lt="7" ct="1" ts="1528272958110" s="true" lb="HTTP Request" rc="200" rm="OK" tn="Client 1-219" dt="text" by="983" sby="150" ng="1" na="1"/>
<httpSample t="11" it="0" lt="10" ct="2" ts="1528272958315" s="true" lb="HTTP Request" rc="200" rm="OK" tn="Client 1-220" dt="text" by="983" sby="150" ng="1" na="1"/>
<httpSample t="6" it="0" lt="6" ct="1" ts="1528272958509" s="true" lb="HTTP Request" rc="200" rm="OK" tn="Client 1-221" dt="text" by="983" sby="150" ng="1" na="1"/>
<httpSample t="7" it="0" lt="7" ct="1" ts="1528272958716" s="true" lb="HTTP Request" rc="200" rm="OK" tn="Client 1-222" dt="text" by="983" sby="150" ng="1" na="1"/>
<httpSample t="9" it="0" lt="9" ct="1" ts="1528272958922" s="true" lb="HTTP Request" rc="200" rm="OK" tn="Client 1-223" dt="text" by="983" sby="150" ng="1" na="1"/>
<httpSample t="6" it="0" lt="6" ct="1" ts="1528272959113" s="true" lb="HTTP Request" rc="200" rm="OK" tn="Client 1-224" dt="text" by="983" sby="150" ng="1" na="1"/>
<httpSample t="15" it="0" lt="15" ct="1" ts="1528272959312" s="true" lb="HTTP Request" rc="200" rm="OK" tn="Client 1-225" dt="text" by="983" sby="150" ng="1" na="1"/>
<httpSample t="7" it="0" lt="7" ct="0" ts="1528272959515" s="true" lb="HTTP Request" rc="200" rm="OK" tn="Client 1-226" dt="text" by="983" sby="150" ng="1" na="1"/>
<httpSample t="8" it="0" lt="8" ct="1" ts="1528272959712" s="true" lb="HTTP Request" rc="200" rm="OK" tn="Client 1-227" dt="text" by="983" sby="150" ng="1" na="1"/>
<httpSample t="12" it="0" lt="12" ct="1" ts="1528272959913" s="true" lb="HTTP Request" rc="200" rm="OK" tn="Client 1-228" dt="text" by="983" sby="150" ng="1" na="1"/>
<httpSample t="9" it="0" lt="9" ct="1" ts="1528272960118" s="true" lb="HTTP Request" rc="200" rm="OK" tn="Client 1-229" dt="text" by="983" sby="150" ng="1" na="1"/>
<httpSample t="27" it="0" lt="27" ct="1" ts="1528272960314" s="true" lb="HTTP Request" rc="200" rm="OK" tn="Client 1-230" dt="text" by="983" sby="150" ng="1" na="1"/>
<httpSample t="16" it="0" lt="16" ct="0" ts="1528272960518" s="true" lb="HTTP Request" rc="200" rm="OK" tn="Client 1-231" dt="text" by="983" sby="150" ng="1" na="1"/>
<httpSample t="8" it="0" lt="8" ct="1" ts="1528272960717" s="true" lb="HTTP Request" rc="200" rm="OK" tn="Client 1-232" dt="text" by="983" sby="150" ng="1" na="1"/>
<httpSample t="8" it="0" lt="8" ct="0" ts="1528272960917" s="true" lb="HTTP Request" rc="200" rm="OK" tn="Client 1-233" dt="text" by="983" sby="150" ng="1" na="1"/>
<httpSample t="8" it="0" lt="8" ct="1" ts="1528272961117" s="true" lb="HTTP Request" rc="200" rm="OK" tn="Client 1-234" dt="text" by="983" sby="150" ng="1" na="1"/>
<httpSample t="11" it="0" lt="11" ct="1" ts="1528272961319" s="true" lb="HTTP Request" rc="200" rm="OK" tn="Client 1-235" dt="text" by="983" sby="150" ng="1" na="1"/>
<httpSample t="9" it="0" lt="9" ct="1" ts="1528272961521" s="true" lb="HTTP Request" rc="200" rm="OK" tn="Client 1-236" dt="text" by="983" sby="150" ng="1" na="1"/>
<httpSample t="11" it="0" lt="11" ct="2" ts="1528272961721" s="true" lb="HTTP Request" rc="200" rm="OK" tn="Client 1-237" dt="text" by="983" sby="150" ng="1" na="1"/>
<httpSample t="9" it="0" lt="9" ct="1" ts="1528272961923" s="true" lb="HTTP Request" rc="200" rm="OK" tn="Client 1-238" dt="text" by="983" sby="150" ng="1" na="1"/>
<httpSample t="6" it="0" lt="6" ct="1" ts="1528272962120" s="true" lb="HTTP Request" rc="200" rm="OK" tn="Client 1-239" dt="text" by="983" sby="150" ng="1" na="1"/>
<httpSample t="8" it="0" lt="8" ct="1" ts="1528272962323" s="true" lb="HTTP Request" rc="200" rm="OK" tn="Client 1-240" dt="text" by="983" sby="150" ng="1" na="1"/>
<httpSample t="11" it="0" lt="10" ct="1" ts="1528272962519" s="true" lb="HTTP Request" rc="200" rm="OK" tn="Client 1-241" dt="text" by="983" sby="150" ng="1" na="1"/>
<httpSample t="6" it="0" lt="6" ct="1" ts="1528272962719" s="true" lb="HTTP Request" rc="200" rm="OK" tn="Client 1-242" dt="text" by="983" sby="150" ng="1" na="1"/>
<httpSample t="10" it="0" lt="10" ct="1" ts="1528272962924" s="true" lb="HTTP Request" rc="200" rm="OK" tn="Client 1-243" dt="text" by="983" sby="150" ng="1" na="1"/>
<httpSample t="12" it="0" lt="12" ct="1" ts="1528272963126" s="true" lb="HTTP Request" rc="200" rm="OK" tn="Client 1-244" dt="text" by="983" sby="150" ng="1" na="1"/>
<httpSample t="9" it="0" lt="9" ct="1" ts="1528272963326" s="true" lb="HTTP Request" rc="200" rm="OK" tn="Client 1-245" dt="text" by="983" sby="150" ng="1" na="1"/>
<httpSample t="8" it="0" lt="8" ct="1" ts="1528272963527" s="true" lb="HTTP Request" rc="200" rm="OK" tn="Client 1-246" dt="text" by="983" sby="150" ng="1" na="1"/>
<httpSample t="8" it="0" lt="8" ct="1" ts="1528272963727" s="true" lb="HTTP Request" rc="200" rm="OK" tn="Client 1-247" dt="text" by="983" sby="150" ng="1" na="1"/>
<httpSample t="10" it="0" lt="10" ct="1" ts="1528272963929" s="true" lb="HTTP Request" rc="200" rm="OK" tn="Client 1-248" dt="text" by="983" sby="150" ng="1" na="1"/>
<httpSample t="8" it="0" lt="8" ct="0" ts="1528272964128" s="true" lb="HTTP Request" rc="200" rm="OK" tn="Client 1-249" dt="text" by="983" sby="150" ng="1" na="1"/>
<httpSample t="9" it="0" lt="9" ct="1" ts="1528272964329" s="true" lb="HTTP Request" rc="200" rm="OK" tn="Client 1-250" dt="text" by="983" sby="150" ng="1" na="1"/>
<httpSample t="12" it="0" lt="12" ct="2" ts="1528272964526" s="true" lb="HTTP Request" rc="200" rm="OK" tn="Client 1-251" dt="text" by="983" sby="150" ng="1" na="1"/>
<httpSample t="8" it="0" lt="8" ct="0" ts="1528272964730" s="true" lb="HTTP Request" rc="200" rm="OK" tn="Client 1-252" dt="text" by="983" sby="150" ng="1" na="1"/>
<httpSample t="11" it="0" lt="11" ct="2" ts="1528272964931" s="true" lb="HTTP Request" rc="200" rm="OK" tn="Client 1-253" dt="text" by="983" sby="150" ng="1" na="1"/>
<httpSample t="7" it="0" lt="7" ct="1" ts="1528272965131" s="true" lb="HTTP Request" rc="200" rm="OK" tn="Client 1-254" dt="text" by="983" sby="150" ng="1" na="1"/>
<httpSample t="12" it="0" lt="11" ct="2" ts="1528272965330" s="true" lb="HTTP Request" rc="200" rm="OK" tn="Client 1-255" dt="text" by="983" sby="150" ng="1" na="1"/>
<httpSample t="8" it="0" lt="8" ct="1" ts="1528272965531" s="true" lb="HTTP Request" rc="200" rm="OK" tn="Client 1-256" dt="text" by="983" sby="150" ng="1" na="1"/>
<httpSample t="9" it="0" lt="9" ct="1" ts="1528272965733" s="true" lb="HTTP Request" rc="200" rm="OK" tn="Client 1-257" dt="text" by="983" sby="150" ng="1" na="1"/>
<httpSample t="9" it="0" lt="9" ct="2" ts="1528272965932" s="true" lb="HTTP Request" rc="200" rm="OK" tn="Client 1-258" dt="text" by="983" sby="150" ng="1" na="1"/>
<httpSample t="9" it="0" lt="9" ct="1" ts="1528272966132" s="true" lb="HTTP Request" rc="200" rm="OK" tn="Client 1-259" dt="text" by="983" sby="150" ng="1" na="1"/>
<httpSample t="10" it="0" lt="10" ct="1" ts="1528272966333" s="true" lb="HTTP Request" rc="200" rm="OK" tn="Client 1-260" dt="text" by="983" sby="150" ng="1" na="1"/>
<httpSample t="6" it="0" lt="6" ct="0" ts="1528272966533" s="true" lb="HTTP Request" rc="200" rm="OK" tn="Client 1-261" dt="text" by="983" sby="150" ng="1" na="1"/>
<httpSample t="6" it="0" lt="6" ct="0" ts="1528272966735" s="true" lb="HTTP Request" rc="200" rm="OK" tn="Client 1-262" dt="text" by="983" sby="150" ng="1" na="1"/>
<httpSample t="7" it="0" lt="7" ct="1" ts="1528272966935" s="true" lb="HTTP Request" rc="200" rm="OK" tn="Client 1-263" dt="text" by="983" sby="150" ng="1" na="1"/>
<httpSample t="9" it="0" lt="8" ct="1" ts="1528272967140" s="true" lb="HTTP Request" rc="200" rm="OK" tn="Client 1-264" dt="text" by="983" sby="150" ng="1" na="1"/>
<httpSample t="9" it="0" lt="9" ct="1" ts="1528272967336" s="true" lb="HTTP Request" rc="200" rm="OK" tn="Client 1-265" dt="text" by="983" sby="150" ng="1" na="1"/>
<httpSample t="10" it="0" lt="10" ct="1" ts="1528272967541" s="true" lb="HTTP Request" rc="200" rm="OK" tn="Client 1-266" dt="text" by="983" sby="150" ng="1" na="1"/>
<httpSample t="9" it="0" lt="9" ct="1" ts="1528272967739" s="true" lb="HTTP Request" rc="200" rm="OK" tn="Client 1-267" dt="text" by="983" sby="150" ng="1" na="1"/>
<httpSample t="8" it="0" lt="8" ct="1" ts="1528272967939" s="true" lb="HTTP Request" rc="200" rm="OK" tn="Client 1-268" dt="text" by="983" sby="150" ng="1" na="1"/>
<httpSample t="8" it="0" lt="8" ct="1" ts="1528272968138" s="true" lb="HTTP Request" rc="200" rm="OK" tn="Client 1-269" dt="text" by="983" sby="150" ng="1" na="1"/>
<httpSample t="7" it="0" lt="7" ct="1" ts="1528272968339" s="true" lb="HTTP Request" rc="200" rm="OK" tn="Client 1-270" dt="text" by="983" sby="150" ng="1" na="1"/>
<httpSample t="11" it="0" lt="11" ct="1" ts="1528272968541" s="true" lb="HTTP Request" rc="200" rm="OK" tn="Client 1-271" dt="text" by="983" sby="150" ng="1" na="1"/>
<httpSample t="10" it="0" lt="10" ct="1" ts="1528272968744" s="true" lb="HTTP Request" rc="200" rm="OK" tn="Client 1-272" dt="text" by="983" sby="150" ng="1" na="1"/>
<httpSample t="9" it="0" lt="9" ct="1" ts="1528272968944" s="true" lb="HTTP Request" rc="200" rm="OK" tn="Client 1-273" dt="text" by="983" sby="150" ng="1" na="1"/>
<httpSample t="7" it="0" lt="7" ct="1" ts="1528272969145" s="true" lb="HTTP Request" rc="200" rm="OK" tn="Client 1-274" dt="text" by="983" sby="150" ng="1" na="1"/>
<httpSample t="8" it="0" lt="8" ct="1" ts="1528272969342" s="true" lb="HTTP Request" rc="200" rm="OK" tn="Client 1-275" dt="text" by="983" sby="150" ng="1" na="1"/>
<httpSample t="9" it="0" lt="9" ct="1" ts="1528272969542" s="true" lb="HTTP Request" rc="200" rm="OK" tn="Client 1-276" dt="text" by="983" sby="150" ng="1" na="1"/>
<httpSample t="9" it="0" lt="9" ct="1" ts="1528272969742" s="true" lb="HTTP Request" rc="200" rm="OK" tn="Client 1-277" dt="text" by="983" sby="150" ng="1" na="1"/>
<httpSample t="9" it="0" lt="9" ct="1" ts="1528272969942" s="true" lb="HTTP Request" rc="200" rm="OK" tn="Client 1-278" dt="text" by="983" sby="150" ng="1" na="1"/>
<httpSample t="6" it="0" lt="6" ct="1" ts="1528272970142" s="true" lb="HTTP Request" rc="200" rm="OK" tn="Client 1-279" dt="text" by="983" sby="150" ng="1" na="1"/>
<httpSample t="8" it="0" lt="8" ct="1" ts="1528272970344" s="true" lb="HTTP Request" rc="200" rm="OK" tn="Client 1-280" dt="text" by="983" sby="150" ng="1" na="1"/>
<httpSample t="10" it="0" lt="10" ct="1" ts="1528272970544" s="true" lb="HTTP Request" rc="200" rm="OK" tn="Client 1-281" dt="text" by="983" sby="150" ng="1" na="1"/>
<httpSample t="7" it="0" lt="6" ct="1" ts="1528272970744" s="true" lb="HTTP Request" rc="200" rm="OK" tn="Client 1-282" dt="text" by="983" sby="150" ng="1" na="1"/>
<httpSample t="10" it="0" lt="10" ct="2" ts="1528272970946" s="true" lb="HTTP Request" rc="200" rm="OK" tn="Client 1-283" dt="text" by="983" sby="150" ng="1" na="1"/>
<httpSample t="5" it="0" lt="5" ct="0" ts="1528272971146" s="true" lb="HTTP Request" rc="200" rm="OK" tn="Client 1-284" dt="text" by="983" sby="150" ng="1" na="1"/>
<httpSample t="9" it="0" lt="9" ct="1" ts="1528272971346" s="true" lb="HTTP Request" rc="200" rm="OK" tn="Client 1-285" dt="text" by="983" sby="150" ng="1" na="1"/>
<httpSample t="10" it="0" lt="10" ct="1" ts="1528272971547" s="true" lb="HTTP Request" rc="200" rm="OK" tn="Client 1-286" dt="text" by="983" sby="150" ng="1" na="1"/>
<httpSample t="7" it="0" lt="7" ct="1" ts="1528272971749" s="true" lb="HTTP Request" rc="200" rm="OK" tn="Client 1-287" dt="text" by="983" sby="150" ng="1" na="1"/>
<httpSample t="8" it="0" lt="8" ct="1" ts="1528272971951" s="true" lb="HTTP Request" rc="200" rm="OK" tn="Client 1-288" dt="text" by="983" sby="150" ng="1" na="1"/>
<httpSample t="6" it="0" lt="6" ct="0" ts="1528272972153" s="true" lb="HTTP Request" rc="200" rm="OK" tn="Client 1-289" dt="text" by="983" sby="150" ng="1" na="1"/>
<httpSample t="8" it="0" lt="8" ct="1" ts="1528272972354" s="true" lb="HTTP Request" rc="200" rm="OK" tn="Client 1-290" dt="text" by="983" sby="150" ng="1" na="1"/>
<httpSample t="8" it="0" lt="8" ct="1" ts="1528272972554" s="true" lb="HTTP Request" rc="200" rm="OK" tn="Client 1-291" dt="text" by="983" sby="150" ng="1" na="1"/>
<httpSample t="8" it="0" lt="8" ct="1" ts="1528272972751" s="true" lb="HTTP Request" rc="200" rm="OK" tn="Client 1-292" dt="text" by="983" sby="150" ng="1" na="1"/>
<httpSample t="8" it="0" lt="8" ct="1" ts="1528272972953" s="true" lb="HTTP Request" rc="200" rm="OK" tn="Client 1-293" dt="text" by="983" sby="150" ng="1" na="1"/>
<httpSample t="6" it="0" lt="6" ct="1" ts="1528272973155" s="true" lb="HTTP Request" rc="200" rm="OK" tn="Client 1-294" dt="text" by="983" sby="150" ng="1" na="1"/>
<httpSample t="7" it="0" lt="7" ct="1" ts="1528272973355" s="true" lb="HTTP Request" rc="200" rm="OK" tn="Client 1-295" dt="text" by="983" sby="150" ng="1" na="1"/>
<httpSample t="6" it="0" lt="6" ct="1" ts="1528272973559" s="true" lb="HTTP Request" rc="200" rm="OK" tn="Client 1-296" dt="text" by="983" sby="150" ng="1" na="1"/>
<httpSample t="7" it="0" lt="7" ct="1" ts="1528272973758" s="true" lb="HTTP Request" rc="200" rm="OK" tn="Client 1-297" dt="text" by="983" sby="150" ng="1" na="1"/>
<httpSample t="7" it="0" lt="6" ct="1" ts="1528272973959" s="true" lb="HTTP Request" rc="200" rm="OK" tn="Client 1-298" dt="text" by="983" sby="150" ng="1" na="1"/>
<httpSample t="6" it="0" lt="6" ct="1" ts="1528272974159" s="true" lb="HTTP Request" rc="200" rm="OK" tn="Client 1-299" dt="text" by="983" sby="150" ng="1" na="1"/>
<httpSample t="7" it="0" lt="7" ct="1" ts="1528272974360" s="true" lb="HTTP Request" rc="200" rm="OK" tn="Client 1-300" dt="text" by="983" sby="150" ng="1" na="1"/>
<httpSample t="10" it="0" lt="9" ct="1" ts="1528272974562" s="true" lb="HTTP Request" rc="200" rm="OK" tn="Client 1-301" dt="text" by="983" sby="150" ng="1" na="1"/>
<httpSample t="7" it="0" lt="7" ct="0" ts="1528272974763" s="true" lb="HTTP Request" rc="200" rm="OK" tn="Client 1-302" dt="text" by="983" sby="150" ng="1" na="1"/>
<httpSample t="10" it="0" lt="10" ct="1" ts="1528272974962" s="true" lb="HTTP Request" rc="200" rm="OK" tn="Client 1-303" dt="text" by="983" sby="150" ng="1" na="1"/>
<httpSample t="10" it="0" lt="10" ct="1" ts="1528272975161" s="true" lb="HTTP Request" rc="200" rm="OK" tn="Client 1-304" dt="text" by="983" sby="150" ng="1" na="1"/>
<httpSample t="7" it="0" lt="7" ct="0" ts="1528272975361" s="true" lb="HTTP Request" rc="200" rm="OK" tn="Client 1-305" dt="text" by="983" sby="150" ng="1" na="1"/>
<httpSample t="9" it="0" lt="9" ct="1" ts="1528272975561" s="true" lb="HTTP Request" rc="200" rm="OK" tn="Client 1-306" dt="text" by="983" sby="150" ng="1" na="1"/>
<httpSample t="6" it="0" lt="6" ct="0" ts="1528272975762" s="true" lb="HTTP Request" rc="200" rm="OK" tn="Client 1-307" dt="text" by="983" sby="150" ng="1" na="1"/>
<httpSample t="6" it="0" lt="6" ct="0" ts="1528272975965" s="true" lb="HTTP Request" rc="200" rm="OK" tn="Client 1-308" dt="text" by="983" sby="150" ng="1" na="1"/>
<httpSample t="8" it="0" lt="8" ct="0" ts="1528272976164" s="true" lb="HTTP Request" rc="200" rm="OK" tn="Client 1-309" dt="text" by="983" sby="150" ng="1" na="1"/>
<httpSample t="8" it="0" lt="8" ct="1" ts="1528272976368" s="true" lb="HTTP Request" rc="200" rm="OK" tn="Client 1-310" dt="text" by="983" sby="150" ng="1" na="1"/>
<httpSample t="10" it="0" lt="10" ct="1" ts="1528272976569" s="true" lb="HTTP Request" rc="200" rm="OK" tn="Client 1-311" dt="text" by="983" sby="150" ng="1" na="1"/>
<httpSample t="10" it="0" lt="10" ct="2" ts="1528272976766" s="true" lb="HTTP Request" rc="200" rm="OK" tn="Client 1-312" dt="text" by="983" sby="150" ng="1" na="1"/>
<httpSample t="8" it="0" lt="8" ct="1" ts="1528272976969" s="true" lb="HTTP Request" rc="200" rm="OK" tn="Client 1-313" dt="text" by="983" sby="150" ng="1" na="1"/>
<httpSample t="8" it="0" lt="7" ct="1" ts="1528272977168" s="true" lb="HTTP Request" rc="200" rm="OK" tn="Client 1-314" dt="text" by="983" sby="150" ng="1" na="1"/>
<httpSample t="9" it="0" lt="9" ct="1" ts="1528272977369" s="true" lb="HTTP Request" rc="200" rm="OK" tn="Client 1-315" dt="text" by="983" sby="150" ng="1" na="1"/>
<httpSample t="9" it="0" lt="8" ct="1" ts="1528272977570" s="true" lb="HTTP Request" rc="200" rm="OK" tn="Client 1-316" dt="text" by="983" sby="150" ng="1" na="1"/>
<httpSample t="6" it="0" lt="6" ct="1" ts="1528272977767" s="true" lb="HTTP Request" rc="200" rm="OK" tn="Client 1-317" dt="text" by="983" sby="150" ng="1" na="1"/>
<httpSample t="6" it="0" lt="6" ct="0" ts="1528272977970" s="true" lb="HTTP Request" rc="200" rm="OK" tn="Client 1-318" dt="text" by="983" sby="150" ng="1" na="1"/>
<httpSample t="10" it="0" lt="9" ct="1" ts="1528272978172" s="true" lb="HTTP Request" rc="200" rm="OK" tn="Client 1-319" dt="text" by="983" sby="150" ng="1" na="1"/>
<httpSample t="9" it="0" lt="9" ct="1" ts="1528272978370" s="true" lb="HTTP Request" rc="200" rm="OK" tn="Client 1-320" dt="text" by="983" sby="150" ng="1" na="1"/>
<httpSample t="10" it="0" lt="10" ct="2" ts="1528272978570" s="true" lb="HTTP Request" rc="200" rm="OK" tn="Client 1-321" dt="text" by="983" sby="150" ng="1" na="1"/>
<httpSample t="11" it="0" lt="11" ct="1" ts="1528272978775" s="true" lb="HTTP Request" rc="200" rm="OK" tn="Client 1-322" dt="text" by="983" sby="150" ng="1" na="1"/>
<httpSample t="8" it="0" lt="7" ct="1" ts="1528272978970" s="true" lb="HTTP Request" rc="200" rm="OK" tn="Client 1-323" dt="text" by="983" sby="150" ng="1" na="1"/>
<httpSample t="7" it="0" lt="6" ct="1" ts="1528272979169" s="true" lb="HTTP Request" rc="200" rm="OK" tn="Client 1-324" dt="text" by="983" sby="150" ng="1" na="1"/>
<httpSample t="11" it="0" lt="11" ct="1" ts="1528272979374" s="true" lb="HTTP Request" rc="200" rm="OK" tn="Client 1-325" dt="text" by="983" sby="150" ng="1" na="1"/>
<httpSample t="7" it="0" lt="7" ct="1" ts="1528272979577" s="true" lb="HTTP Request" rc="200" rm="OK" tn="Client 1-326" dt="text" by="983" sby="150" ng="1" na="1"/>
<httpSample t="10" it="0" lt="9" ct="1" ts="1528272979779" s="true" lb="HTTP Request" rc="200" rm="OK" tn="Client 1-327" dt="text" by="983" sby="150" ng="1" na="1"/>
<httpSample t="10" it="0" lt="10" ct="1" ts="1528272979979" s="true" lb="HTTP Request" rc="200" rm="OK" tn="Client 1-328" dt="text" by="983" sby="150" ng="1" na="1"/>
<httpSample t="10" it="0" lt="10" ct="1" ts="1528272980180" s="true" lb="HTTP Request" rc="200" rm="OK" tn="Client 1-329" dt="text" by="983" sby="150" ng="1" na="1"/>
<httpSample t="7" it="0" lt="7" ct="1" ts="1528272980377" s="true" lb="HTTP Request" rc="200" rm="OK" tn="Client 1-330" dt="text" by="983" sby="150" ng="1" na="1"/>
<httpSample t="10" it="0" lt="10" ct="1" ts="1528272980581" s="true" lb="HTTP Request" rc="200" rm="OK" tn="Client 1-331" dt="text" by="983" sby="150" ng="1" na="1"/>
<httpSample t="10" it="0" lt="10" ct="1" ts="1528272980779" s="true" lb="HTTP Request" rc="200" rm="OK" tn="Client 1-332" dt="text" by="983" sby="150" ng="1" na="1"/>
<httpSample t="7" it="0" lt="7" ct="1" ts="1528272980980" s="true" lb="HTTP Request" rc="200" rm="OK" tn="Client 1-333" dt="text" by="983" sby="150" ng="1" na="1"/>
<httpSample t="10" it="0" lt="9" ct="1" ts="1528272981182" s="true" lb="HTTP Request" rc="200" rm="OK" tn="Client 1-334" dt="text" by="983" sby="150" ng="1" na="1"/>
<httpSample t="11" it="0" lt="11" ct="2" ts="1528272981381" s="true" lb="HTTP Request" rc="200" rm="OK" tn="Client 1-335" dt="text" by="983" sby="150" ng="1" na="1"/>
<httpSample t="9" it="0" lt="9" ct="1" ts="1528272981580" s="true" lb="HTTP Request" rc="200" rm="OK" tn="Client 1-336" dt="text" by="983" sby="150" ng="1" na="1"/>
<httpSample t="9" it="0" lt="8" ct="1" ts="1528272981783" s="true" lb="HTTP Request" rc="200" rm="OK" tn="Client 1-337" dt="text" by="983" sby="150" ng="1" na="1"/>
<httpSample t="7" it="0" lt="7" ct="1" ts="1528272981980" s="true" lb="HTTP Request" rc="200" rm="OK" tn="Client 1-338" dt="text" by="983" sby="150" ng="1" na="1"/>
<httpSample t="10" it="0" lt="9" ct="1" ts="1528272982184" s="true" lb="HTTP Request" rc="200" rm="OK" tn="Client 1-339" dt="text" by="983" sby="150" ng="1" na="1"/>
<httpSample t="6" it="0" lt="6" ct="0" ts="1528272982382" s="true" lb="HTTP Request" rc="200" rm="OK" tn="Client 1-340" dt="text" by="983" sby="150" ng="1" na="1"/>
<httpSample t="10" it="0" lt="9" ct="1" ts="1528272982583" s="true" lb="HTTP Request" rc="200" rm="OK" tn="Client 1-341" dt="text" by="983" sby="150" ng="1" na="1"/>
<httpSample t="10" it="0" lt="10" ct="1" ts="1528272982786" s="true" lb="HTTP Request" rc="200" rm="OK" tn="Client 1-342" dt="text" by="983" sby="150" ng="1" na="1"/>
<httpSample t="10" it="0" lt="10" ct="1" ts="1528272982987" s="true" lb="HTTP Request" rc="200" rm="OK" tn="Client 1-343" dt="text" by="983" sby="150" ng="1" na="1"/>
<httpSample t="10" it="0" lt="10" ct="2" ts="1528272983184" s="true" lb="HTTP Request" rc="200" rm="OK" tn="Client 1-344" dt="text" by="983" sby="150" ng="1" na="1"/>
<httpSample t="10" it="0" lt="9" ct="1" ts="1528272983390" s="true" lb="HTTP Request" rc="200" rm="OK" tn="Client 1-345" dt="text" by="983" sby="150" ng="1" na="1"/>
<httpSample t="10" it="0" lt="10" ct="2" ts="1528272983588" s="true" lb="HTTP Request" rc="200" rm="OK" tn="Client 1-346" dt="text" by="983" sby="150" ng="1" na="1"/>
<httpSample t="10" it="0" lt="10" ct="1" ts="1528272983791" s="true" lb="HTTP Request" rc="200" rm="OK" tn="Client 1-347" dt="text" by="983" sby="150" ng="1" na="1"/>
<httpSample t="7" it="0" lt="7" ct="1" ts="1528272983986" s="true" lb="HTTP Request" rc="200" rm="OK" tn="Client 1-348" dt="text" by="983" sby="150" ng="1" na="1"/>
<httpSample t="10" it="0" lt="10" ct="1" ts="1528272984192" s="true" lb="HTTP Request" rc="200" rm="OK" tn="Client 1-349" dt="text" by="983" sby="150" ng="1" na="1"/>
<httpSample t="9" it="0" lt="9" ct="1" ts="1528272984387" s="true" lb="HTTP Request" rc="200" rm="OK" tn="Client 1-350" dt="text" by="983" sby="150" ng="1" na="1"/>
<httpSample t="11" it="0" lt="11" ct="1" ts="1528272984589" s="true" lb="HTTP Request" rc="200" rm="OK" tn="Client 1-351" dt="text" by="983" sby="150" ng="1" na="1"/>
<httpSample t="6" it="0" lt="6" ct="0" ts="1528272984788" s="true" lb="HTTP Request" rc="200" rm="OK" tn="Client 1-352" dt="text" by="983" sby="150" ng="1" na="1"/>
<httpSample t="12" it="0" lt="11" ct="1" ts="1528272984989" s="true" lb="HTTP Request" rc="200" rm="OK" tn="Client 1-353" dt="text" by="983" sby="150" ng="1" na="1"/>
<httpSample t="11" it="0" lt="11" ct="1" ts="1528272985192" s="true" lb="HTTP Request" rc="200" rm="OK" tn="Client 1-354" dt="text" by="983" sby="150" ng="1" na="1"/>
<httpSample t="7" it="0" lt="6" ct="0" ts="1528272985392" s="true" lb="HTTP Request" rc="200" rm="OK" tn="Client 1-355" dt="text" by="983" sby="150" ng="1" na="1"/>
<httpSample t="9" it="0" lt="9" ct="1" ts="1528272985593" s="true" lb="HTTP Request" rc="200" rm="OK" tn="Client 1-356" dt="text" by="983" sby="150" ng="1" na="1"/>
<httpSample t="9" it="0" lt="9" ct="1" ts="1528272985792" s="true" lb="HTTP Request" rc="200" rm="OK" tn="Client 1-357" dt="text" by="983" sby="150" ng="1" na="1"/>
<httpSample t="8" it="0" lt="8" ct="2" ts="1528272985991" s="true" lb="HTTP Request" rc="200" rm="OK" tn="Client 1-358" dt="text" by="983" sby="150" ng="1" na="1"/>
<httpSample t="13" it="0" lt="13" ct="2" ts="1528272986192" s="true" lb="HTTP Request" rc="200" rm="OK" tn="Client 1-359" dt="text" by="983" sby="150" ng="1" na="1"/>
<httpSample t="11" it="0" lt="11" ct="1" ts="1528272986391" s="true" lb="HTTP Request" rc="200" rm="OK" tn="Client 1-360" dt="text" by="983" sby="150" ng="1" na="1"/>
<httpSample t="7" it="0" lt="7" ct="1" ts="1528272986591" s="true" lb="HTTP Request" rc="200" rm="OK" tn="Client 1-361" dt="text" by="983" sby="150" ng="1" na="1"/>
<httpSample t="7" it="0" lt="7" ct="0" ts="1528272986792" s="true" lb="HTTP Request" rc="200" rm="OK" tn="Client 1-362" dt="text" by="983" sby="150" ng="1" na="1"/>
<httpSample t="8" it="0" lt="7" ct="1" ts="1528272986994" s="true" lb="HTTP Request" rc="200" rm="OK" tn="Client 1-363" dt="text" by="983" sby="150" ng="1" na="1"/>
<httpSample t="7" it="0" lt="7" ct="2" ts="1528272987193" s="true" lb="HTTP Request" rc="200" rm="OK" tn="Client 1-364" dt="text" by="983" sby="150" ng="1" na="1"/>
<httpSample t="15" it="0" lt="14" ct="2" ts="1528272987394" s="true" lb="HTTP Request" rc="200" rm="OK" tn="Client 1-365" dt="text" by="983" sby="150" ng="1" na="1"/>
<httpSample t="8" it="0" lt="8" ct="1" ts="1528272987594" s="true" lb="HTTP Request" rc="200" rm="OK" tn="Client 1-366" dt="text" by="983" sby="150" ng="1" na="1"/>
<httpSample t="10" it="0" lt="9" ct="1" ts="1528272987795" s="true" lb="HTTP Request" rc="200" rm="OK" tn="Client 1-367" dt="text" by="983" sby="150" ng="1" na="1"/>
<httpSample t="8" it="0" lt="8" ct="1" ts="1528272987999" s="true" lb="HTTP Request" rc="200" rm="OK" tn="Client 1-368" dt="text" by="983" sby="150" ng="1" na="1"/>
<httpSample t="8" it="0" lt="8" ct="2" ts="1528272988196" s="true" lb="HTTP Request" rc="200" rm="OK" tn="Client 1-369" dt="text" by="983" sby="150" ng="1" na="1"/>
<httpSample t="16" it="0" lt="16" ct="1" ts="1528272988396" s="true" lb="HTTP Request" rc="200" rm="OK" tn="Client 1-370" dt="text" by="983" sby="150" ng="1" na="1"/>
<httpSample t="8" it="0" lt="8" ct="1" ts="1528272988596" s="true" lb="HTTP Request" rc="200" rm="OK" tn="Client 1-371" dt="text" by="983" sby="150" ng="1" na="1"/>
<httpSample t="6" it="0" lt="6" ct="1" ts="1528272988800" s="true" lb="HTTP Request" rc="200" rm="OK" tn="Client 1-372" dt="text" by="983" sby="150" ng="1" na="1"/>
<httpSample t="9" it="0" lt="9" ct="1" ts="1528272988999" s="true" lb="HTTP Request" rc="200" rm="OK" tn="Client 1-373" dt="text" by="983" sby="150" ng="1" na="1"/>
<httpSample t="7" it="0" lt="7" ct="1" ts="1528272989199" s="true" lb="HTTP Request" rc="200" rm="OK" tn="Client 1-374" dt="text" by="983" sby="150" ng="1" na="1"/>
<httpSample t="6" it="0" lt="6" ct="1" ts="1528272989401" s="true" lb="HTTP Request" rc="200" rm="OK" tn="Client 1-375" dt="text" by="983" sby="150" ng="1" na="1"/>
<httpSample t="8" it="0" lt="8" ct="1" ts="1528272989600" s="true" lb="HTTP Request" rc="200" rm="OK" tn="Client 1-376" dt="text" by="983" sby="150" ng="1" na="1"/>
<httpSample t="9" it="0" lt="9" ct="1" ts="1528272989800" s="true" lb="HTTP Request" rc="200" rm="OK" tn="Client 1-377" dt="text" by="983" sby="150" ng="1" na="1"/>
<httpSample t="7" it="0" lt="7" ct="1" ts="1528272990001" s="true" lb="HTTP Request" rc="200" rm="OK" tn="Client 1-378" dt="text" by="983" sby="150" ng="1" na="1"/>
<httpSample t="10" it="0" lt="10" ct="1" ts="1528272990201" s="true" lb="HTTP Request" rc="200" rm="OK" tn="Client 1-379" dt="text" by="983" sby="150" ng="1" na="1"/>
<httpSample t="8" it="0" lt="8" ct="1" ts="1528272990401" s="true" lb="HTTP Request" rc="200" rm="OK" tn="Client 1-380" dt="text" by="983" sby="150" ng="1" na="1"/>
<httpSample t="8" it="0" lt="8" ct="1" ts="1528272990604" s="true" lb="HTTP Request" rc="200" rm="OK" tn="Client 1-381" dt="text" by="983" sby="150" ng="1" na="1"/>
<httpSample t="6" it="0" lt="6" ct="1" ts="1528272990804" s="true" lb="HTTP Request" rc="200" rm="OK" tn="Client 1-382" dt="text" by="983" sby="150" ng="1" na="1"/>
<httpSample t="10" it="0" lt="10" ct="2" ts="1528272991003" s="true" lb="HTTP Request" rc="200" rm="OK" tn="Client 1-383" dt="text" by="983" sby="150" ng="1" na="1"/>
<httpSample t="7" it="0" lt="7" ct="2" ts="1528272991206" s="true" lb="HTTP Request" rc="200" rm="OK" tn="Client 1-384" dt="text" by="983" sby="150" ng="1" na="1"/>
<httpSample t="17" it="0" lt="17" ct="2" ts="1528272991406" s="true" lb="HTTP Request" rc="200" rm="OK" tn="Client 1-385" dt="text" by="983" sby="150" ng="1" na="1"/>
<httpSample t="9" it="0" lt="9" ct="1" ts="1528272991605" s="true" lb="HTTP Request" rc="200" rm="OK" tn="Client 1-386" dt="text" by="983" sby="150" ng="1" na="1"/>
<httpSample t="8" it="0" lt="8" ct="1" ts="1528272991807" s="true" lb="HTTP Request" rc="200" rm="OK" tn="Client 1-387" dt="text" by="983" sby="150" ng="1" na="1"/>
<httpSample t="9" it="0" lt="8" ct="1" ts="1528272992007" s="true" lb="HTTP Request" rc="200" rm="OK" tn="Client 1-388" dt="text" by="983" sby="150" ng="1" na="1"/>
<httpSample t="7" it="0" lt="7" ct="1" ts="1528272992210" s="true" lb="HTTP Request" rc="200" rm="OK" tn="Client 1-389" dt="text" by="983" sby="150" ng="1" na="1"/>
<httpSample t="7" it="0" lt="7" ct="1" ts="1528272992409" s="true" lb="HTTP Request" rc="200" rm="OK" tn="Client 1-390" dt="text" by="983" sby="150" ng="1" na="1"/>
<httpSample t="8" it="0" lt="8" ct="1" ts="1528272992610" s="true" lb="HTTP Request" rc="200" rm="OK" tn="Client 1-391" dt="text" by="983" sby="150" ng="1" na="1"/>
<httpSample t="6" it="0" lt="6" ct="1" ts="1528272992810" s="true" lb="HTTP Request" rc="200" rm="OK" tn="Client 1-392" dt="text" by="983" sby="150" ng="1" na="1"/>
<httpSample t="7" it="0" lt="6" ct="1" ts="1528272993011" s="true" lb="HTTP Request" rc="200" rm="OK" tn="Client 1-393" dt="text" by="983" sby="150" ng="1" na="1"/>
<httpSample t="7" it="0" lt="6" ct="1" ts="1528272993212" s="true" lb="HTTP Request" rc="200" rm="OK" tn="Client 1-394" dt="text" by="983" sby="150" ng="1" na="1"/>
<httpSample t="18" it="0" lt="18" ct="1" ts="1528272993413" s="true" lb="HTTP Request" rc="200" rm="OK" tn="Client 1-395" dt="text" by="983" sby="150" ng="1" na="1"/>
<httpSample t="7" it="0" lt="6" ct="1" ts="1528272993615" s="true" lb="HTTP Request" rc="200" rm="OK" tn="Client 1-396" dt="text" by="983" sby="150" ng="1" na="1"/>
<httpSample t="8" it="0" lt="8" ct="1" ts="1528272993813" s="true" lb="HTTP Request" rc="200" rm="OK" tn="Client 1-397" dt="text" by="983" sby="150" ng="1" na="1"/>
<httpSample t="6" it="0" lt="6" ct="1" ts="1528272994015" s="true" lb="HTTP Request" rc="200" rm="OK" tn="Client 1-398" dt="text" by="983" sby="150" ng="1" na="1"/>
<httpSample t="8" it="0" lt="7" ct="0" ts="1528272994216" s="true" lb="HTTP Request" rc="200" rm="OK" tn="Client 1-399" dt="text" by="983" sby="150" ng="1" na="1"/>
<httpSample t="8" it="0" lt="8" ct="1" ts="1528272994415" s="true" lb="HTTP Request" rc="200" rm="OK" tn="Client 1-400" dt="text" by="983" sby="150" ng="1" na="1"/>
<httpSample t="13" it="0" lt="13" ct="1" ts="1528272994617" s="true" lb="HTTP Request" rc="200" rm="OK" tn="Client 1-401" dt="text" by="983" sby="150" ng="1" na="1"/>
<httpSample t="8" it="0" lt="8" ct="0" ts="1528272994816" s="true" lb="HTTP Request" rc="200" rm="OK" tn="Client 1-402" dt="text" by="983" sby="150" ng="1" na="1"/>
<httpSample t="7" it="0" lt="7" ct="0" ts="1528272995016" s="true" lb="HTTP Request" rc="200" rm="OK" tn="Client 1-403" dt="text" by="983" sby="150" ng="1" na="1"/>
<httpSample t="9" it="0" lt="9" ct="1" ts="1528272995216" s="true" lb="HTTP Request" rc="200" rm="OK" tn="Client 1-404" dt="text" by="983" sby="150" ng="1" na="1"/>
<httpSample t="15" it="0" lt="14" ct="1" ts="1528272995417" s="true" lb="HTTP Request" rc="200" rm="OK" tn="Client 1-405" dt="text" by="983" sby="150" ng="1" na="1"/>
<httpSample t="12" it="0" lt="12" ct="1" ts="1528272995617" s="true" lb="HTTP Request" rc="200" rm="OK" tn="Client 1-406" dt="text" by="983" sby="150" ng="1" na="1"/>
<httpSample t="8" it="0" lt="8" ct="1" ts="1528272995816" s="true" lb="HTTP Request" rc="200" rm="OK" tn="Client 1-407" dt="text" by="983" sby="150" ng="1" na="1"/>
<httpSample t="19" it="0" lt="19" ct="5" ts="1528272996017" s="true" lb="HTTP Request" rc="200" rm="OK" tn="Client 1-408" dt="text" by="983" sby="150" ng="1" na="1"/>
<httpSample t="10" it="0" lt="10" ct="1" ts="1528272996216" s="true" lb="HTTP Request" rc="200" rm="OK" tn="Client 1-409" dt="text" by="983" sby="150" ng="1" na="1"/>
<httpSample t="6" it="0" lt="6" ct="0" ts="1528272996422" s="true" lb="HTTP Request" rc="200" rm="OK" tn="Client 1-410" dt="text" by="983" sby="150" ng="1" na="1"/>
<httpSample t="7" it="0" lt="7" ct="0" ts="1528272996623" s="true" lb="HTTP Request" rc="200" rm="OK" tn="Client 1-411" dt="text" by="983" sby="150" ng="1" na="1"/>
<httpSample t="7" it="0" lt="6" ct="1" ts="1528272996822" s="true" lb="HTTP Request" rc="200" rm="OK" tn="Client 1-412" dt="text" by="983" sby="150" ng="1" na="1"/>
<httpSample t="6" it="0" lt="6" ct="0" ts="1528272997025" s="true" lb="HTTP Request" rc="200" rm="OK" tn="Client 1-413" dt="text" by="983" sby="150" ng="1" na="1"/>
<httpSample t="8" it="0" lt="8" ct="0" ts="1528272997221" s="true" lb="HTTP Request" rc="200" rm="OK" tn="Client 1-414" dt="text" by="983" sby="150" ng="1" na="1"/>
<httpSample t="11" it="0" lt="11" ct="1" ts="1528272997422" s="true" lb="HTTP Request" rc="200" rm="OK" tn="Client 1-415" dt="text" by="983" sby="150" ng="1" na="1"/>
<httpSample t="10" it="0" lt="10" ct="1" ts="1528272997628" s="true" lb="HTTP Request" rc="200" rm="OK" tn="Client 1-416" dt="text" by="983" sby="150" ng="1" na="1"/>
<httpSample t="6" it="0" lt="6" ct="1" ts="1528272997823" s="true" lb="HTTP Request" rc="200" rm="OK" tn="Client 1-417" dt="text" by="983" sby="150" ng="1" na="1"/>
<httpSample t="8" it="0" lt="8" ct="1" ts="1528272998028" s="true" lb="HTTP Request" rc="200" rm="OK" tn="Client 1-418" dt="text" by="983" sby="150" ng="1" na="1"/>
<httpSample t="5" it="0" lt="5" ct="0" ts="1528272998224" s="true" lb="HTTP Request" rc="200" rm="OK" tn="Client 1-419" dt="text" by="983" sby="150" ng="1" na="1"/>
<httpSample t="5" it="0" lt="5" ct="0" ts="1528272998426" s="true" lb="HTTP Request" rc="200" rm="OK" tn="Client 1-420" dt="text" by="983" sby="150" ng="1" na="1"/>
<httpSample t="10" it="0" lt="9" ct="1" ts="1528272998626" s="true" lb="HTTP Request" rc="200" rm="OK" tn="Client 1-421" dt="text" by="983" sby="150" ng="1" na="1"/>
<httpSample t="9" it="0" lt="9" ct="1" ts="1528272998826" s="true" lb="HTTP Request" rc="200" rm="OK" tn="Client 1-422" dt="text" by="983" sby="150" ng="1" na="1"/>
<httpSample t="6" it="0" lt="6" ct="1" ts="1528272999028" s="true" lb="HTTP Request" rc="200" rm="OK" tn="Client 1-423" dt="text" by="983" sby="150" ng="1" na="1"/>
<httpSample t="5" it="0" lt="5" ct="0" ts="1528272999231" s="true" lb="HTTP Request" rc="200" rm="OK" tn="Client 1-424" dt="text" by="983" sby="150" ng="1" na="1"/>
<httpSample t="6" it="0" lt="6" ct="1" ts="1528272999427" s="true" lb="HTTP Request" rc="200" rm="OK" tn="Client 1-425" dt="text" by="983" sby="150" ng="1" na="1"/>
<httpSample t="6" it="0" lt="6" ct="0" ts="1528272999628" s="true" lb="HTTP Request" rc="200" rm="OK" tn="Client 1-426" dt="text" by="983" sby="150" ng="1" na="1"/>
<httpSample t="6" it="0" lt="5" ct="0" ts="1528272999833" s="true" lb="HTTP Request" rc="200" rm="OK" tn="Client 1-427" dt="text" by="983" sby="150" ng="1" na="1"/>
<httpSample t="9" it="0" lt="9" ct="0" ts="1528273000031" s="true" lb="HTTP Request" rc="200" rm="OK" tn="Client 1-428" dt="text" by="983" sby="150" ng="1" na="1"/>
<httpSample t="11" it="0" lt="11" ct="1" ts="1528273000233" s="true" lb="HTTP Request" rc="200" rm="OK" tn="Client 1-429" dt="text" by="983" sby="150" ng="1" na="1"/>
<httpSample t="12" it="0" lt="12" ct="0" ts="1528273000429" s="true" lb="HTTP Request" rc="200" rm="OK" tn="Client 1-430" dt="text" by="983" sby="150" ng="1" na="1"/>
<httpSample t="13" it="0" lt="12" ct="1" ts="1528273000634" s="true" lb="HTTP Request" rc="200" rm="OK" tn="Client 1-431" dt="text" by="983" sby="150" ng="1" na="1"/>
<httpSample t="11" it="0" lt="11" ct="1" ts="1528273000833" s="true" lb="HTTP Request" rc="200" rm="OK" tn="Client 1-432" dt="text" by="983" sby="150" ng="1" na="1"/>
<httpSample t="11" it="0" lt="11" ct="1" ts="1528273001036" s="true" lb="HTTP Request" rc="200" rm="OK" tn="Client 1-433" dt="text" by="983" sby="150" ng="1" na="1"/>
<httpSample t="10" it="0" lt="10" ct="0" ts="1528273001235" s="true" lb="HTTP Request" rc="200" rm="OK" tn="Client 1-434" dt="text" by="983" sby="150" ng="1" na="1"/>
<httpSample t="9" it="0" lt="8" ct="1" ts="1528273001436" s="true" lb="HTTP Request" rc="200" rm="OK" tn="Client 1-435" dt="text" by="983" sby="150" ng="1" na="1"/>
<httpSample t="11" it="0" lt="11" ct="2" ts="1528273001641" s="true" lb="HTTP Request" rc="200" rm="OK" tn="Client 1-436" dt="text" by="983" sby="150" ng="1" na="1"/>
<httpSample t="9" it="0" lt="9" ct="0" ts="1528273001836" s="true" lb="HTTP Request" rc="200" rm="OK" tn="Client 1-437" dt="text" by="983" sby="150" ng="1" na="1"/>
<httpSample t="10" it="0" lt="10" ct="2" ts="1528273002039" s="true" lb="HTTP Request" rc="200" rm="OK" tn="Client 1-438" dt="text" by="983" sby="150" ng="1" na="1"/>
<httpSample t="7" it="0" lt="7" ct="1" ts="1528273002242" s="true" lb="HTTP Request" rc="200" rm="OK" tn="Client 1-439" dt="text" by="983" sby="150" ng="1" na="1"/>
<httpSample t="9" it="0" lt="8" ct="1" ts="1528273002443" s="true" lb="HTTP Request" rc="200" rm="OK" tn="Client 1-440" dt="text" by="983" sby="150" ng="1" na="1"/>
<httpSample t="11" it="0" lt="11" ct="1" ts="1528273002656" s="true" lb="HTTP Request" rc="200" rm="OK" tn="Client 1-441" dt="text" by="983" sby="150" ng="1" na="1"/>
<httpSample t="9" it="0" lt="9" ct="1" ts="1528273002853" s="true" lb="HTTP Request" rc="200" rm="OK" tn="Client 1-442" dt="text" by="983" sby="150" ng="1" na="1"/>
<httpSample t="7" it="0" lt="7" ct="0" ts="1528273003057" s="true" lb="HTTP Request" rc="200" rm="OK" tn="Client 1-443" dt="text" by="983" sby="150" ng="1" na="1"/>
<httpSample t="9" it="0" lt="9" ct="1" ts="1528273003258" s="true" lb="HTTP Request" rc="200" rm="OK" tn="Client 1-444" dt="text" by="983" sby="150" ng="1" na="1"/>
<httpSample t="8" it="0" lt="8" ct="1" ts="1528273003458" s="true" lb="HTTP Request" rc="200" rm="OK" tn="Client 1-445" dt="text" by="983" sby="150" ng="1" na="1"/>
<httpSample t="8" it="0" lt="8" ct="1" ts="1528273003657" s="true" lb="HTTP Request" rc="200" rm="OK" tn="Client 1-446" dt="text" by="983" sby="150" ng="1" na="1"/>
<httpSample t="10" it="0" lt="9" ct="0" ts="1528273003861" s="true" lb="HTTP Request" rc="200" rm="OK" tn="Client 1-447" dt="text" by="983" sby="150" ng="1" na="1"/>
<httpSample t="12" it="0" lt="12" ct="0" ts="1528273004060" s="true" lb="HTTP Request" rc="200" rm="OK" tn="Client 1-448" dt="text" by="983" sby="150" ng="1" na="1"/>
<httpSample t="9" it="0" lt="8" ct="1" ts="1528273004259" s="true" lb="HTTP Request" rc="200" rm="OK" tn="Client 1-449" dt="text" by="983" sby="150" ng="1" na="1"/>
<httpSample t="9" it="0" lt="8" ct="0" ts="1528273004460" s="true" lb="HTTP Request" rc="200" rm="OK" tn="Client 1-450" dt="text" by="983" sby="150" ng="1" na="1"/>
<httpSample t="9" it="0" lt="9" ct="1" ts="1528273004662" s="true" lb="HTTP Request" rc="200" rm="OK" tn="Client 1-451" dt="text" by="983" sby="150" ng="1" na="1"/>
<httpSample t="14" it="0" lt="14" ct="0" ts="1528273004859" s="true" lb="HTTP Request" rc="200" rm="OK" tn="Client 1-452" dt="text" by="983" sby="150" ng="1" na="1"/>
<httpSample t="7" it="0" lt="7" ct="1" ts="1528273005063" s="true" lb="HTTP Request" rc="200" rm="OK" tn="Client 1-453" dt="text" by="983" sby="150" ng="1" na="1"/>
<httpSample t="8" it="0" lt="8" ct="0" ts="1528273005261" s="true" lb="HTTP Request" rc="200" rm="OK" tn="Client 1-454" dt="text" by="983" sby="150" ng="1" na="1"/>
<httpSample t="12" it="0" lt="12" ct="0" ts="1528273005459" s="true" lb="HTTP Request" rc="200" rm="OK" tn="Client 1-455" dt="text" by="983" sby="150" ng="1" na="1"/>
<httpSample t="6" it="0" lt="6" ct="1" ts="1528273005666" s="true" lb="HTTP Request" rc="200" rm="OK" tn="Client 1-456" dt="text" by="983" sby="150" ng="1" na="1"/>
<httpSample t="8" it="0" lt="8" ct="1" ts="1528273005866" s="true" lb="HTTP Request" rc="200" rm="OK" tn="Client 1-457" dt="text" by="983" sby="150" ng="1" na="1"/>
<httpSample t="10" it="0" lt="10" ct="1" ts="1528273006069" s="true" lb="HTTP Request" rc="200" rm="OK" tn="Client 1-458" dt="text" by="983" sby="150" ng="1" na="1"/>
<httpSample t="10" it="0" lt="10" ct="1" ts="1528273006269" s="true" lb="HTTP Request" rc="200" rm="OK" tn="Client 1-459" dt="text" by="983" sby="150" ng="1" na="1"/>
<httpSample t="7" it="0" lt="7" ct="1" ts="1528273006468" s="true" lb="HTTP Request" rc="200" rm="OK" tn="Client 1-460" dt="text" by="983" sby="150" ng="1" na="1"/>
<httpSample t="8" it="0" lt="8" ct="2" ts="1528273006668" s="true" lb="HTTP Request" rc="200" rm="OK" tn="Client 1-461" dt="text" by="983" sby="150" ng="1" na="1"/>
<httpSample t="11" it="0" lt="11" ct="1" ts="1528273006868" s="true" lb="HTTP Request" rc="200" rm="OK" tn="Client 1-462" dt="text" by="983" sby="150" ng="1" na="1"/>
<httpSample t="9" it="0" lt="9" ct="2" ts="1528273007070" s="true" lb="HTTP Request" rc="200" rm="OK" tn="Client 1-463" dt="text" by="983" sby="150" ng="1" na="1"/>
<httpSample t="9" it="0" lt="9" ct="1" ts="1528273007270" s="true" lb="HTTP Request" rc="200" rm="OK" tn="Client 1-464" dt="text" by="983" sby="150" ng="1" na="1"/>
<httpSample t="11" it="0" lt="11" ct="2" ts="1528273007472" s="true" lb="HTTP Request" rc="200" rm="OK" tn="Client 1-465" dt="text" by="983" sby="150" ng="1" na="1"/>
<httpSample t="7" it="0" lt="7" ct="0" ts="1528273007670" s="true" lb="HTTP Request" rc="200" rm="OK" tn="Client 1-466" dt="text" by="983" sby="150" ng="1" na="1"/>
<httpSample t="7" it="0" lt="7" ct="0" ts="1528273007870" s="true" lb="HTTP Request" rc="200" rm="OK" tn="Client 1-467" dt="text" by="983" sby="150" ng="1" na="1"/>
<httpSample t="14" it="0" lt="13" ct="1" ts="1528273008071" s="true" lb="HTTP Request" rc="200" rm="OK" tn="Client 1-468" dt="text" by="983" sby="150" ng="1" na="1"/>
<httpSample t="7" it="0" lt="7" ct="1" ts="1528273008273" s="true" lb="HTTP Request" rc="200" rm="OK" tn="Client 1-469" dt="text" by="983" sby="150" ng="1" na="1"/>
<httpSample t="7" it="0" lt="7" ct="1" ts="1528273008474" s="true" lb="HTTP Request" rc="200" rm="OK" tn="Client 1-470" dt="text" by="983" sby="150" ng="1" na="1"/>
<httpSample t="6" it="0" lt="6" ct="1" ts="1528273008672" s="true" lb="HTTP Request" rc="200" rm="OK" tn="Client 1-471" dt="text" by="983" sby="150" ng="1" na="1"/>
<httpSample t="9" it="0" lt="8" ct="1" ts="1528273008873" s="true" lb="HTTP Request" rc="200" rm="OK" tn="Client 1-472" dt="text" by="983" sby="150" ng="1" na="1"/>
<httpSample t="7" it="0" lt="7" ct="1" ts="1528273009072" s="true" lb="HTTP Request" rc="200" rm="OK" tn="Client 1-473" dt="text" by="983" sby="150" ng="1" na="1"/>
<httpSample t="10" it="0" lt="10" ct="2" ts="1528273009273" s="true" lb="HTTP Request" rc="200" rm="OK" tn="Client 1-474" dt="text" by="983" sby="150" ng="1" na="1"/>
<httpSample t="7" it="0" lt="7" ct="1" ts="1528273009475" s="true" lb="HTTP Request" rc="200" rm="OK" tn="Client 1-475" dt="text" by="983" sby="150" ng="1" na="1"/>
<httpSample t="8" it="0" lt="7" ct="1" ts="1528273009675" s="true" lb="HTTP Request" rc="200" rm="OK" tn="Client 1-476" dt="text" by="983" sby="150" ng="1" na="1"/>
<httpSample t="10" it="0" lt="10" ct="1" ts="1528273009876" s="true" lb="HTTP Request" rc="200" rm="OK" tn="Client 1-477" dt="text" by="983" sby="150" ng="1" na="1"/>
<httpSample t="8" it="0" lt="7" ct="1" ts="1528273010075" s="true" lb="HTTP Request" rc="200" rm="OK" tn="Client 1-478" dt="text" by="983" sby="150" ng="1" na="1"/>
<httpSample t="11" it="0" lt="11" ct="1" ts="1528273010276" s="true" lb="HTTP Request" rc="200" rm="OK" tn="Client 1-479" dt="text" by="983" sby="150" ng="1" na="1"/>
<httpSample t="8" it="0" lt="8" ct="1" ts="1528273010479" s="true" lb="HTTP Request" rc="200" rm="OK" tn="Client 1-480" dt="text" by="983" sby="150" ng="1" na="1"/>
<httpSample t="11" it="0" lt="11" ct="1" ts="1528273010677" s="true" lb="HTTP Request" rc="200" rm="OK" tn="Client 1-481" dt="text" by="983" sby="150" ng="1" na="1"/>
<httpSample t="6" it="0" lt="6" ct="0" ts="1528273010877" s="true" lb="HTTP Request" rc="200" rm="OK" tn="Client 1-482" dt="text" by="983" sby="150" ng="1" na="1"/>
<httpSample t="9" it="0" lt="9" ct="1" ts="1528273011080" s="true" lb="HTTP Request" rc="200" rm="OK" tn="Client 1-483" dt="text" by="983" sby="150" ng="1" na="1"/>
<httpSample t="9" it="0" lt="9" ct="1" ts="1528273011283" s="true" lb="HTTP Request" rc="200" rm="OK" tn="Client 1-484" dt="text" by="983" sby="150" ng="1" na="1"/>
<httpSample t="7" it="0" lt="7" ct="1" ts="1528273011481" s="true" lb="HTTP Request" rc="200" rm="OK" tn="Client 1-485" dt="text" by="983" sby="150" ng="1" na="1"/>
<httpSample t="6" it="0" lt="6" ct="1" ts="1528273011682" s="true" lb="HTTP Request" rc="200" rm="OK" tn="Client 1-486" dt="text" by="983" sby="150" ng="1" na="1"/>
<httpSample t="8" it="0" lt="8" ct="1" ts="1528273011880" s="true" lb="HTTP Request" rc="200" rm="OK" tn="Client 1-487" dt="text" by="983" sby="150" ng="1" na="1"/>
<httpSample t="8" it="0" lt="8" ct="1" ts="1528273012081" s="true" lb="HTTP Request" rc="200" rm="OK" tn="Client 1-488" dt="text" by="983" sby="150" ng="1" na="1"/>
<httpSample t="8" it="0" lt="8" ct="1" ts="1528273012284" s="true" lb="HTTP Request" rc="200" rm="OK" tn="Client 1-489" dt="text" by="983" sby="150" ng="1" na="1"/>
<httpSample t="13" it="0" lt="13" ct="2" ts="1528273012486" s="true" lb="HTTP Request" rc="200" rm="OK" tn="Client 1-490" dt="text" by="983" sby="150" ng="1" na="1"/>
<httpSample t="9" it="0" lt="9" ct="1" ts="1528273012684" s="true" lb="HTTP Request" rc="200" rm="OK" tn="Client 1-491" dt="text" by="983" sby="150" ng="1" na="1"/>
<httpSample t="8" it="0" lt="8" ct="1" ts="1528273012888" s="true" lb="HTTP Request" rc="200" rm="OK" tn="Client 1-492" dt="text" by="983" sby="150" ng="1" na="1"/>
<httpSample t="6" it="0" lt="6" ct="1" ts="1528273013090" s="true" lb="HTTP Request" rc="200" rm="OK" tn="Client 1-493" dt="text" by="983" sby="150" ng="1" na="1"/>
<httpSample t="9" it="0" lt="8" ct="1" ts="1528273013288" s="true" lb="HTTP Request" rc="200" rm="OK" tn="Client 1-494" dt="text" by="983" sby="150" ng="1" na="1"/>
<httpSample t="9" it="0" lt="9" ct="1" ts="1528273013486" s="true" lb="HTTP Request" rc="200" rm="OK" tn="Client 1-495" dt="text" by="983" sby="150" ng="1" na="1"/>
<httpSample t="5" it="0" lt="5" ct="0" ts="1528273013687" s="true" lb="HTTP Request" rc="200" rm="OK" tn="Client 1-496" dt="text" by="983" sby="150" ng="1" na="1"/>
<httpSample t="9" it="0" lt="9" ct="1" ts="1528273013891" s="true" lb="HTTP Request" rc="200" rm="OK" tn="Client 1-497" dt="text" by="983" sby="150" ng="1" na="1"/>
<httpSample t="8" it="0" lt="8" ct="2" ts="1528273014091" s="true" lb="HTTP Request" rc="200" rm="OK" tn="Client 1-498" dt="text" by="983" sby="150" ng="1" na="1"/>
<httpSample t="10" it="0" lt="10" ct="0" ts="1528273014288" s="true" lb="HTTP Request" rc="200" rm="OK" tn="Client 1-499" dt="text" by="983" sby="150" ng="1" na="1"/>
<httpSample t="14" it="0" lt="13" ct="1" ts="1528273014490" s="true" lb="HTTP Request" rc="200" rm="OK" tn="Client 1-500" dt="text" by="983" sby="150" ng="1" na="1"/>

</testResults>
